[autodl] run_id=20260914-041922-taisp-t024a-candidates32
[autodl] started_at=2026-09-14T04:19:27+08:00
/home/wenchang/anaconda3/envs/python3.12-tk2-2.3/lib/python3.12/site-packages/torch/cuda/__init__.py:654: UserWarning: Can't initialize NVML
  warnings.warn("Can't initialize NVML")
{"stage": "candidate", "episode": 0, "supports": 1}
{"stage": "candidate", "episode": 1, "supports": 1}
{"stage": "candidate", "episode": 2, "supports": 1}
{"stage": "candidate", "episode": 3, "supports": 1}
{"stage": "candidate", "episode": 4, "supports": 4}
{"stage": "candidate", "episode": 5, "supports": 4}
{"stage": "candidate", "episode": 6, "supports": 2}
{"stage": "candidate", "episode": 7, "supports": 1}
{"stage": "candidate", "episode": 8, "supports": 13}
{"stage": "candidate", "episode": 9, "supports": 6}
{"stage": "candidate", "episode": 10, "supports": 8}
{"stage": "candidate", "episode": 11, "supports": 9}
{"stage": "candidate", "episode": 12, "supports": 20}
{"stage": "candidate", "episode": 13, "supports": 14}
{"stage": "candidate", "episode": 14, "supports": 20}
{"stage": "candidate", "episode": 15, "supports": 15}
{"stage": "candidate", "episode": 16, "supports": 7}
{"stage": "candidate", "episode": 17, "supports": 6}
{"stage": "candidate", "episode": 18, "supports": 19}
{"stage": "candidate", "episode": 19, "supports": 20}
{"stage": "candidate", "episode": 20, "supports": 2}
{"stage": "candidate", "episode": 21, "supports": 2}
{"stage": "candidate", "episode": 22, "supports": 12}
{"stage": "candidate", "episode": 23, "supports": 11}
{"stage": "candidate", "episode": 24, "supports": 20}
{"stage": "candidate", "episode": 25, "supports": 19}
{"stage": "candidate", "episode": 26, "supports": 5}
{"stage": "candidate", "episode": 27, "supports": 4}
{"stage": "candidate", "episode": 28, "supports": 17}
{"stage": "candidate", "episode": 29, "supports": 15}
{"stage": "candidate", "episode": 30, "supports": 12}
{"stage": "candidate", "episode": 31, "supports": 9}
[autodl] finished_at=2026-09-14T04:19:39+08:00
[autodl] exit_code=0
