[autodl] run_id=20260913-030301-taisp-t013c-conflict-conditioning
[autodl] started_at=2026-09-13T03:03:05+08:00
.............s..s.........s....s..s...s......s........................s. [ 68%]
.s..............................s                                        [100%]
=============================== warnings summary ===============================
tests/test_demo.py::test_cuda_demo_matches_cpu
tests/test_gradient_conflict.py::test_independent_copies_literal_sgd_and_centered_energy
  /home/wenchang/anaconda3/envs/python3.12-tk2-2.3/lib/python3.12/site-packages/torch/cuda/__init__.py:654: UserWarning: Can't initialize NVML
    warnings.warn("Can't initialize NVML")

tests/test_gradient_conflict.py::test_independent_copies_literal_sgd_and_centered_energy
  <frozen importlib._bootstrap>:488: DeprecationWarning: Type google._upb._message.MessageMapContainer uses PyType_Spec with a metaclass that has custom tp_new. This is deprecated and will no longer be allowed in Python 3.14.

tests/test_gradient_conflict.py::test_independent_copies_literal_sgd_and_centered_energy
  <frozen importlib._bootstrap>:488: DeprecationWarning: Type google._upb._message.ScalarMapContainer uses PyType_Spec with a metaclass that has custom tp_new. This is deprecated and will no longer be allowed in Python 3.14.

-- Docs: https://docs.pytest.org/en/stable/how-to/capture-warnings.html
95 passed, 10 skipped, 4 warnings in 6.28s
/home/wenchang/anaconda3/envs/python3.12-tk2-2.3/lib/python3.12/site-packages/torch/cuda/__init__.py:654: UserWarning: Can't initialize NVML
  warnings.warn("Can't initialize NVML")
/home/liujianhua/wjq/TAISP/.venv/lib/python3.12/site-packages/transformers/tokenization_utils_base.py:1601: FutureWarning: `clean_up_tokenization_spaces` was not set. It will be set to `True` by default. This behavior will be depracted in transformers v4.45, and will be then set to `False` by default. For more details check this issue: https://github.com/huggingface/transformers/issues/31884
  warnings.warn(
/home/wenchang/anaconda3/envs/python3.12-tk2-2.3/lib/python3.12/site-packages/torch/cuda/__init__.py:654: UserWarning: Can't initialize NVML
  warnings.warn("Can't initialize NVML")
{"stage": "gradient_geometry", "phi": -0.7475079380284904, "head": -0.7261914977393971}
{"probe": "joint", "after": {"joint": 0.47297005262225866, "clean": 0.35250405594706535, "corrupted": 0.593436049297452}, "delta": {"joint": -0.005128966877236962, "clean": -0.0035681058652698994, "corrupted": -0.006689827889204025}}
{"probe": "clean", "after": {"joint": 0.47626165323890746, "clean": 0.3531090677715838, "corrupted": 0.5994142387062311}, "delta": {"joint": -0.001837366260588169, "clean": -0.002963094040751457, "corrupted": -0.000711638480424881}}
{"probe": "corrupted", "after": {"joint": 0.4750009987037629, "clean": 0.34992019599303603, "corrupted": 0.6000818014144897}, "delta": {"joint": -0.0030980207957327366, "clean": -0.006151965819299221, "corrupted": -4.4075772166252136e-05}}
[autodl] finished_at=2026-09-13T03:03:31+08:00
[autodl] exit_code=0
