[autodl] run_id=20260914-001557-taisp-t022a1-runtime-smoke
[autodl] started_at=2026-09-14T00:16:02+08:00
..................                                                       [100%]
=============================== warnings summary ===============================
<frozen importlib._bootstrap>:488
  <frozen importlib._bootstrap>:488: DeprecationWarning: Type google._upb._message.MessageMapContainer uses PyType_Spec with a metaclass that has custom tp_new. This is deprecated and will no longer be allowed in Python 3.14.

<frozen importlib._bootstrap>:488
  <frozen importlib._bootstrap>:488: DeprecationWarning: Type google._upb._message.ScalarMapContainer uses PyType_Spec with a metaclass that has custom tp_new. This is deprecated and will no longer be allowed in Python 3.14.

-- Docs: https://docs.pytest.org/en/stable/how-to/capture-warnings.html
18 passed, 2 warnings in 4.86s
.............s.......s.........s....s..s..................s............. [ 36%]
......s................................................................. [ 73%]
..s.............s..................................s                     [100%]
=============================== warnings summary ===============================
<frozen importlib._bootstrap>:488
  <frozen importlib._bootstrap>:488: DeprecationWarning: Type google._upb._message.MessageMapContainer uses PyType_Spec with a metaclass that has custom tp_new. This is deprecated and will no longer be allowed in Python 3.14.

<frozen importlib._bootstrap>:488
  <frozen importlib._bootstrap>:488: DeprecationWarning: Type google._upb._message.ScalarMapContainer uses PyType_Spec with a metaclass that has custom tp_new. This is deprecated and will no longer be allowed in Python 3.14.

tests/test_demo.py::test_cuda_demo_matches_cpu
tests/test_gradient_conflict.py::test_independent_copies_literal_sgd_and_centered_energy
  /home/wenchang/anaconda3/envs/python3.12-tk2-2.3/lib/python3.12/site-packages/torch/cuda/__init__.py:654: UserWarning: Can't initialize NVML
    warnings.warn("Can't initialize NVML")

-- Docs: https://docs.pytest.org/en/stable/how-to/capture-warnings.html
186 passed, 10 skipped, 4 warnings in 9.68s
/home/wenchang/anaconda3/envs/python3.12-tk2-2.3/lib/python3.12/site-packages/torch/cuda/__init__.py:654: UserWarning: Can't initialize NVML
  warnings.warn("Can't initialize NVML")
/home/liujianhua/wjq/TAISP/.venv/lib/python3.12/site-packages/transformers/tokenization_utils_base.py:1601: FutureWarning: `clean_up_tokenization_spaces` was not set. It will be set to `True` by default. This behavior will be depracted in transformers v4.45, and will be then set to `False` by default. For more details check this issue: https://github.com/huggingface/transformers/issues/31884
  warnings.warn(
/home/wenchang/anaconda3/envs/python3.12-tk2-2.3/lib/python3.12/site-packages/torch/cuda/__init__.py:654: UserWarning: Can't initialize NVML
  warnings.warn("Can't initialize NVML")
Traceback (most recent call last):
  File "<frozen runpy>", line 198, in _run_module_as_main
  File "<frozen runpy>", line 88, in _run_code
  File "/home/liujianhua/wjq/TAISP/releases/20260914-001534-taisp-t022a1-runtime/taisp/analysis/run_t018a.py", line 323, in <module>
    run(yaml.safe_load(args.config.read_text()),args.manifest,args.output,args.smoke,
  File "/home/liujianhua/wjq/TAISP/releases/20260914-001534-taisp-t022a1-runtime/taisp/analysis/run_t018a.py", line 260, in run
    edge_smoke(image,isp,source,loss,clip,selected,output/'spatial_edges.json',config)
  File "/home/liujianhua/wjq/TAISP/releases/20260914-001534-taisp-t022a1-runtime/taisp/analysis/spatial_dose_study.py", line 70, in edge_smoke
    assert passed,'R035 runtime edge blocker; stop without AP'
           ^^^^^^
AssertionError: R035 runtime edge blocker; stop without AP
[autodl] finished_at=2026-09-14T00:16:31+08:00
[autodl] exit_code=1
