[autodl] run_id=20260913-202806-taisp-t020a-runtime-smoke
[autodl] started_at=2026-09-13T20:28:12+08:00
........s....s....                                                       [100%]
16 passed, 2 skipped in 1.70s
.............s.......s.........s....s..s..................s............s [ 40%]
...................................................................s..s. [ 80%]
.................................s                                       [100%]
=============================== warnings summary ===============================
tests/test_demo.py::test_cuda_demo_matches_cpu
tests/test_gradient_conflict.py::test_independent_copies_literal_sgd_and_centered_energy
  /home/wenchang/anaconda3/envs/python3.12-tk2-2.3/lib/python3.12/site-packages/torch/cuda/__init__.py:654: UserWarning: Can't initialize NVML
    warnings.warn("Can't initialize NVML")

tests/test_gradient_conflict.py::test_independent_copies_literal_sgd_and_centered_energy
  <frozen importlib._bootstrap>:488: DeprecationWarning: Type google._upb._message.MessageMapContainer uses PyType_Spec with a metaclass that has custom tp_new. This is deprecated and will no longer be allowed in Python 3.14.

tests/test_gradient_conflict.py::test_independent_copies_literal_sgd_and_centered_energy
  <frozen importlib._bootstrap>:488: DeprecationWarning: Type google._upb._message.ScalarMapContainer uses PyType_Spec with a metaclass that has custom tp_new. This is deprecated and will no longer be allowed in Python 3.14.

-- Docs: https://docs.pytest.org/en/stable/how-to/capture-warnings.html
168 passed, 10 skipped, 4 warnings in 7.49s
/home/wenchang/anaconda3/envs/python3.12-tk2-2.3/lib/python3.12/site-packages/torch/cuda/__init__.py:654: UserWarning: Can't initialize NVML
  warnings.warn("Can't initialize NVML")
paired gradients 1/2 image_id=538699 elapsed=1.7s
paired gradients 2/2 image_id=402632 elapsed=2.8s
T020-A source collection/fit complete; runtime starts in separate process
/home/wenchang/anaconda3/envs/python3.12-tk2-2.3/lib/python3.12/site-packages/torch/cuda/__init__.py:654: UserWarning: Can't initialize NVML
  warnings.warn("Can't initialize NVML")
/home/liujianhua/wjq/TAISP/.venv/lib/python3.12/site-packages/transformers/tokenization_utils_base.py:1601: FutureWarning: `clean_up_tokenization_spaces` was not set. It will be set to `True` by default. This behavior will be depracted in transformers v4.45, and will be then set to `False` by default. For more details check this issue: https://github.com/huggingface/transformers/issues/31884
  warnings.warn(
/home/wenchang/anaconda3/envs/python3.12-tk2-2.3/lib/python3.12/site-packages/torch/cuda/__init__.py:654: UserWarning: Can't initialize NVML
  warnings.warn("Can't initialize NVML")
completed 1/2 image_id=538699 elapsed=5.5s
completed 2/2 image_id=402632 elapsed=10.7s
Finished T020-A runtime smoke (no AP)
[autodl] finished_at=2026-09-13T20:28:59+08:00
[autodl] exit_code=0
