[autodl] run_id=20260912-180743-taisp-t010-offline-smoke
[autodl] started_at=2026-09-12T18:07:51+08:00
.............                                                            [100%]
13 passed in 2.35s
evaluated source/gamma_s2/no_adapt
evaluated source/gamma_s2/full_hybrid
evaluated source/gamma_s1/no_adapt
evaluated source/gamma_s1/full_hybrid
evaluated source/contrast_s1/no_adapt
evaluated source/contrast_s1/full_hybrid
evaluated source/contrast_s2/no_adapt
evaluated source/contrast_s2/full_hybrid
evaluated source/contrast_s1/clip_norm_high_25
evaluated source/gamma_s1/clip_norm_high_25
evaluated source/gamma_s2/clip_norm_high_25
evaluated source/contrast_s2/clip_norm_high_25
evaluated source/contrast_s1/clip_norm_high_50
evaluated source/gamma_s1/clip_norm_high_50
evaluated source/gamma_s2/clip_norm_high_50
evaluated source/contrast_s2/clip_norm_high_50
evaluated source/contrast_s1/clip_norm_high_75
evaluated source/gamma_s2/clip_norm_high_75
evaluated source/gamma_s1/clip_norm_high_75
evaluated source/contrast_s2/clip_norm_high_75
evaluated source/gamma_s2/clip_norm_low_25
evaluated source/contrast_s1/clip_norm_low_25
evaluated source/gamma_s1/clip_norm_low_25
evaluated source/contrast_s2/clip_norm_low_25
evaluated source/gamma_s2/clip_norm_low_50
evaluated source/gamma_s1/clip_norm_low_50
evaluated source/contrast_s1/clip_norm_low_50
evaluated source/contrast_s2/clip_norm_low_50
evaluated source/gamma_s2/clip_norm_low_75
evaluated source/contrast_s1/clip_norm_low_75
evaluated source/gamma_s1/clip_norm_low_75
evaluated source/contrast_s2/clip_norm_low_75
evaluated source/gamma_s2/det_norm_high_25
evaluated source/contrast_s1/det_norm_high_25
evaluated source/gamma_s1/det_norm_high_25
evaluated source/contrast_s2/det_norm_high_25
evaluated source/gamma_s2/det_norm_high_50
evaluated source/contrast_s1/det_norm_high_50
evaluated source/gamma_s1/det_norm_high_50
evaluated source/contrast_s2/det_norm_high_50
evaluated source/contrast_s1/det_norm_high_75
evaluated source/gamma_s2/det_norm_high_75
evaluated source/contrast_s2/det_norm_high_75
evaluated source/gamma_s1/det_norm_high_75
evaluated source/gamma_s2/det_norm_low_25
evaluated source/contrast_s2/det_norm_low_25
evaluated source/contrast_s1/det_norm_low_25
evaluated source/gamma_s1/det_norm_low_25
evaluated source/gamma_s2/det_norm_low_50
evaluated source/contrast_s2/det_norm_low_50
evaluated source/gamma_s1/det_norm_low_50
evaluated source/contrast_s1/det_norm_low_50
evaluated source/gamma_s2/det_norm_low_75
evaluated source/contrast_s2/det_norm_low_75
evaluated source/gamma_s1/det_norm_low_75
evaluated source/contrast_s1/det_norm_low_75
evaluated source/gamma_s2/log_norm_ratio_high_25
evaluated source/contrast_s2/log_norm_ratio_high_25
evaluated source/gamma_s1/log_norm_ratio_high_25
evaluated source/gamma_s2/log_norm_ratio_high_50
evaluated source/contrast_s1/log_norm_ratio_high_25
evaluated source/contrast_s2/log_norm_ratio_high_50
evaluated source/gamma_s1/log_norm_ratio_high_50
evaluated source/gamma_s2/log_norm_ratio_high_75
evaluated source/contrast_s1/log_norm_ratio_high_50
evaluated source/contrast_s2/log_norm_ratio_high_75
evaluated source/gamma_s1/log_norm_ratio_high_75
evaluated source/gamma_s2/log_norm_ratio_low_25
evaluated source/contrast_s1/log_norm_ratio_high_75
evaluated source/contrast_s2/log_norm_ratio_low_25
evaluated source/gamma_s1/log_norm_ratio_low_25
evaluated source/gamma_s2/log_norm_ratio_low_50
evaluated source/contrast_s1/log_norm_ratio_low_25
evaluated source/contrast_s2/log_norm_ratio_low_50
evaluated source/gamma_s1/log_norm_ratio_low_50
evaluated source/gamma_s2/log_norm_ratio_low_75
evaluated source/contrast_s1/log_norm_ratio_low_50
evaluated source/gamma_s1/log_norm_ratio_low_75
evaluated source/contrast_s2/log_norm_ratio_low_75
evaluated source/gamma_s2/gradient_cosine_high_25
evaluated source/gamma_s1/gradient_cosine_high_25
evaluated source/contrast_s1/log_norm_ratio_low_75
evaluated source/contrast_s2/gradient_cosine_high_25
evaluated source/gamma_s2/gradient_cosine_high_50
evaluated source/gamma_s1/gradient_cosine_high_50
evaluated source/contrast_s1/gradient_cosine_high_25
evaluated source/contrast_s2/gradient_cosine_high_50
evaluated source/gamma_s2/gradient_cosine_high_75
evaluated source/gamma_s1/gradient_cosine_high_75
evaluated source/contrast_s2/gradient_cosine_high_75
evaluated source/gamma_s2/gradient_cosine_low_25
evaluated source/contrast_s1/gradient_cosine_high_50
evaluated source/gamma_s1/gradient_cosine_low_25
evaluated source/gamma_s2/gradient_cosine_low_50
evaluated source/contrast_s2/gradient_cosine_low_25
evaluated source/contrast_s1/gradient_cosine_high_75
evaluated source/gamma_s1/gradient_cosine_low_50
evaluated source/gamma_s2/gradient_cosine_low_75
evaluated source/contrast_s2/gradient_cosine_low_50
evaluated source/contrast_s1/gradient_cosine_low_25
evaluated source/gamma_s1/gradient_cosine_low_75
evaluated source/gamma_s2/pseudo_loss_high_25
evaluated source/contrast_s2/gradient_cosine_low_75
evaluated source/contrast_s1/gradient_cosine_low_50
evaluated source/gamma_s1/pseudo_loss_high_25
evaluated source/gamma_s2/pseudo_loss_high_50
evaluated source/contrast_s2/pseudo_loss_high_25
evaluated source/contrast_s1/gradient_cosine_low_75
evaluated source/gamma_s1/pseudo_loss_high_50
evaluated source/gamma_s2/pseudo_loss_high_75
evaluated source/contrast_s2/pseudo_loss_high_50
evaluated source/contrast_s1/pseudo_loss_high_25
evaluated source/gamma_s1/pseudo_loss_high_75
evaluated source/gamma_s2/pseudo_loss_low_25
evaluated source/contrast_s2/pseudo_loss_high_75
evaluated source/contrast_s1/pseudo_loss_high_50
evaluated source/gamma_s1/pseudo_loss_low_25
evaluated source/gamma_s2/pseudo_loss_low_50
evaluated source/contrast_s2/pseudo_loss_low_25
evaluated source/gamma_s2/pseudo_loss_low_75
evaluated source/gamma_s1/pseudo_loss_low_50
evaluated source/contrast_s1/pseudo_loss_high_75
evaluated source/contrast_s2/pseudo_loss_low_50
evaluated source/gamma_s2/support_count_high_25
evaluated source/gamma_s1/pseudo_loss_low_75
evaluated source/contrast_s1/pseudo_loss_low_25
evaluated source/contrast_s2/pseudo_loss_low_75
evaluated source/gamma_s2/support_count_high_50
evaluated source/gamma_s1/support_count_high_25
evaluated source/contrast_s1/pseudo_loss_low_50
evaluated source/contrast_s2/support_count_high_25
evaluated source/gamma_s2/support_count_high_75
evaluated source/gamma_s1/support_count_high_50
evaluated source/contrast_s1/pseudo_loss_low_75
evaluated source/contrast_s2/support_count_high_50
evaluated source/gamma_s2/support_count_low_25
evaluated source/gamma_s1/support_count_high_75
evaluated source/contrast_s1/support_count_high_25
evaluated source/contrast_s2/support_count_high_75
evaluated source/gamma_s2/support_count_low_50
evaluated source/gamma_s1/support_count_low_25
evaluated source/contrast_s1/support_count_high_50
evaluated source/gamma_s2/support_count_low_75
evaluated source/contrast_s2/support_count_low_25
evaluated source/gamma_s1/support_count_low_50
evaluated source/contrast_s1/support_count_high_75
evaluated source/gamma_s2/support_confidence_high_25
evaluated source/contrast_s2/support_count_low_50
evaluated source/gamma_s1/support_count_low_75
evaluated source/gamma_s2/support_confidence_high_50
evaluated source/contrast_s1/support_count_low_25
evaluated source/gamma_s1/support_confidence_high_25
evaluated source/contrast_s2/support_count_low_75
evaluated source/gamma_s2/support_confidence_high_75
evaluated source/contrast_s1/support_count_low_50
evaluated source/gamma_s1/support_confidence_high_50
evaluated source/contrast_s2/support_confidence_high_25
evaluated source/gamma_s2/support_confidence_low_25
evaluated source/gamma_s1/support_confidence_high_75
evaluated source/contrast_s1/support_count_low_75
evaluated source/contrast_s2/support_confidence_high_50
evaluated source/gamma_s2/support_confidence_low_50
evaluated source/gamma_s1/support_confidence_low_25
evaluated source/contrast_s2/support_confidence_high_75
evaluated source/contrast_s1/support_confidence_high_25
evaluated source/gamma_s2/support_confidence_low_75
evaluated source/gamma_s1/support_confidence_low_50
evaluated source/contrast_s2/support_confidence_low_25
evaluated source/contrast_s1/support_confidence_high_50
completed 1/21 detector-condition panels
evaluated source/gamma_s1/support_confidence_low_75
evaluated source/contrast_s2/support_confidence_low_50
evaluated source/contrast_s1/support_confidence_high_75
completed 2/21 detector-condition panels
evaluated source/contrast_s2/support_confidence_low_75
evaluated source/contrast_s1/support_confidence_low_25
completed 3/21 detector-condition panels
evaluated source/contrast_s1/support_confidence_low_50
evaluated source/contrast_s1/support_confidence_low_75
completed 4/21 detector-condition panels
evaluated source/color_cast_s1/no_adapt
evaluated source/color_cast_s1/full_hybrid
evaluated source/color_cast_s1/clip_norm_high_25
evaluated source/color_cast_s2/no_adapt
evaluated source/color_cast_s2/full_hybrid
evaluated source/color_cast_s1/clip_norm_high_50
evaluated source/color_cast_s2/clip_norm_high_25
evaluated source/clean_s0/no_adapt
evaluated source/clean_s0/full_hybrid
evaluated source/color_cast_s1/clip_norm_high_75
evaluated source/color_cast_s2/clip_norm_high_50
evaluated source/clean_s0/clip_norm_high_25
evaluated source/color_cast_s1/clip_norm_low_25
evaluated source/color_cast_s2/clip_norm_high_75
evaluated source/clean_s0/clip_norm_high_50
evaluated source/color_cast_s1/clip_norm_low_50
evaluated source/color_cast_s2/clip_norm_low_25
evaluated source/color_cast_s1/clip_norm_low_75
evaluated source/clean_s0/clip_norm_high_75
evaluated source/color_cast_s2/clip_norm_low_50
evaluated source/color_cast_s1/det_norm_high_25
evaluated source/clean_s0/clip_norm_low_25
evaluated source/color_cast_s2/clip_norm_low_75
evaluated source/color_cast_s1/det_norm_high_50
evaluated source/clean_s0/clip_norm_low_50
evaluated source/color_cast_s2/det_norm_high_25
evaluated target/gamma_s1/no_adapt
evaluated target/gamma_s1/full_hybrid
evaluated source/color_cast_s1/det_norm_high_75
evaluated source/clean_s0/clip_norm_low_75
evaluated source/color_cast_s2/det_norm_high_50
evaluated source/color_cast_s1/det_norm_low_25
evaluated source/clean_s0/det_norm_high_25
evaluated target/gamma_s1/clip_norm_high_25
evaluated source/color_cast_s2/det_norm_high_75
evaluated source/color_cast_s1/det_norm_low_50
evaluated source/clean_s0/det_norm_high_50
evaluated source/color_cast_s2/det_norm_low_25
evaluated source/color_cast_s1/det_norm_low_75
evaluated target/gamma_s1/clip_norm_high_50
evaluated source/clean_s0/det_norm_high_75
evaluated source/color_cast_s2/det_norm_low_50
evaluated source/color_cast_s1/log_norm_ratio_high_25
evaluated source/clean_s0/det_norm_low_25
evaluated target/gamma_s1/clip_norm_high_75
evaluated source/color_cast_s2/det_norm_low_75
evaluated source/color_cast_s1/log_norm_ratio_high_50
evaluated source/clean_s0/det_norm_low_50
evaluated source/color_cast_s2/log_norm_ratio_high_25
evaluated source/color_cast_s1/log_norm_ratio_high_75
evaluated target/gamma_s1/clip_norm_low_25
evaluated source/clean_s0/det_norm_low_75
evaluated source/color_cast_s2/log_norm_ratio_high_50
evaluated source/color_cast_s1/log_norm_ratio_low_25
evaluated source/clean_s0/log_norm_ratio_high_25
evaluated target/gamma_s1/clip_norm_low_50
evaluated source/color_cast_s2/log_norm_ratio_high_75
evaluated source/color_cast_s1/log_norm_ratio_low_50
evaluated source/clean_s0/log_norm_ratio_high_50
evaluated source/color_cast_s2/log_norm_ratio_low_25
evaluated source/color_cast_s1/log_norm_ratio_low_75
evaluated target/gamma_s1/clip_norm_low_75
evaluated source/clean_s0/log_norm_ratio_high_75
evaluated source/color_cast_s2/log_norm_ratio_low_50
evaluated source/color_cast_s1/gradient_cosine_high_25
evaluated source/clean_s0/log_norm_ratio_low_25
evaluated target/gamma_s1/det_norm_high_25
evaluated source/color_cast_s2/log_norm_ratio_low_75
evaluated source/color_cast_s1/gradient_cosine_high_50
evaluated source/clean_s0/log_norm_ratio_low_50
evaluated source/color_cast_s2/gradient_cosine_high_25
evaluated source/color_cast_s1/gradient_cosine_high_75
evaluated target/gamma_s1/det_norm_high_50
evaluated source/clean_s0/log_norm_ratio_low_75
evaluated source/color_cast_s2/gradient_cosine_high_50
evaluated source/color_cast_s1/gradient_cosine_low_25
evaluated target/gamma_s1/det_norm_high_75
evaluated source/clean_s0/gradient_cosine_high_25
evaluated source/color_cast_s2/gradient_cosine_high_75
evaluated source/color_cast_s1/gradient_cosine_low_50
evaluated target/gamma_s1/det_norm_low_25
evaluated source/clean_s0/gradient_cosine_high_50
evaluated source/color_cast_s1/gradient_cosine_low_75
evaluated source/color_cast_s2/gradient_cosine_low_25
evaluated target/gamma_s1/det_norm_low_50
evaluated source/clean_s0/gradient_cosine_high_75
evaluated source/color_cast_s1/pseudo_loss_high_25
evaluated source/color_cast_s2/gradient_cosine_low_50
evaluated source/color_cast_s1/pseudo_loss_high_50
evaluated source/color_cast_s2/gradient_cosine_low_75
evaluated source/clean_s0/gradient_cosine_low_25
evaluated target/gamma_s1/det_norm_low_75
evaluated source/color_cast_s1/pseudo_loss_high_75
evaluated source/color_cast_s2/pseudo_loss_high_25
evaluated source/clean_s0/gradient_cosine_low_50
evaluated target/gamma_s1/log_norm_ratio_high_25
evaluated source/color_cast_s1/pseudo_loss_low_25
evaluated source/color_cast_s2/pseudo_loss_high_50
evaluated source/clean_s0/gradient_cosine_low_75
evaluated target/gamma_s1/log_norm_ratio_high_50
evaluated source/color_cast_s1/pseudo_loss_low_50
evaluated source/color_cast_s2/pseudo_loss_high_75
evaluated source/clean_s0/pseudo_loss_high_25
evaluated target/gamma_s1/log_norm_ratio_high_75
evaluated source/color_cast_s1/pseudo_loss_low_75
evaluated source/color_cast_s2/pseudo_loss_low_25
evaluated source/clean_s0/pseudo_loss_high_50
evaluated source/color_cast_s1/support_count_high_25
evaluated source/color_cast_s2/pseudo_loss_low_50
evaluated target/gamma_s1/log_norm_ratio_low_25
evaluated source/clean_s0/pseudo_loss_high_75
evaluated source/color_cast_s1/support_count_high_50
evaluated source/color_cast_s2/pseudo_loss_low_75
evaluated source/clean_s0/pseudo_loss_low_25
evaluated target/gamma_s1/log_norm_ratio_low_50
evaluated source/color_cast_s1/support_count_high_75
evaluated source/color_cast_s2/support_count_high_25
evaluated source/clean_s0/pseudo_loss_low_50
evaluated target/gamma_s1/log_norm_ratio_low_75
evaluated source/color_cast_s1/support_count_low_25
evaluated source/color_cast_s2/support_count_high_50
evaluated source/clean_s0/pseudo_loss_low_75
evaluated source/color_cast_s1/support_count_low_50
evaluated target/gamma_s1/gradient_cosine_high_25
evaluated source/color_cast_s2/support_count_high_75
evaluated source/clean_s0/support_count_high_25
evaluated source/color_cast_s1/support_count_low_75
evaluated source/color_cast_s2/support_count_low_25
evaluated target/gamma_s1/gradient_cosine_high_50
evaluated source/clean_s0/support_count_high_50
evaluated source/color_cast_s1/support_confidence_high_25
evaluated source/color_cast_s2/support_count_low_50
evaluated source/clean_s0/support_count_high_75
evaluated target/gamma_s1/gradient_cosine_high_75
evaluated source/color_cast_s1/support_confidence_high_50
evaluated source/color_cast_s2/support_count_low_75
evaluated source/clean_s0/support_count_low_25
evaluated target/gamma_s1/gradient_cosine_low_25
evaluated source/color_cast_s1/support_confidence_high_75
evaluated source/color_cast_s2/support_confidence_high_25
evaluated source/clean_s0/support_count_low_50
evaluated source/color_cast_s1/support_confidence_low_25
evaluated target/gamma_s1/gradient_cosine_low_50
evaluated source/color_cast_s2/support_confidence_high_50
evaluated source/clean_s0/support_count_low_75
evaluated source/color_cast_s1/support_confidence_low_50
evaluated source/color_cast_s2/support_confidence_high_75
evaluated target/gamma_s1/gradient_cosine_low_75
evaluated source/clean_s0/support_confidence_high_25
evaluated source/color_cast_s1/support_confidence_low_75
evaluated source/color_cast_s2/support_confidence_low_25
evaluated target/gamma_s1/pseudo_loss_high_25
evaluated source/clean_s0/support_confidence_high_50
completed 5/21 detector-condition panels
evaluated source/color_cast_s2/support_confidence_low_50
evaluated source/clean_s0/support_confidence_high_75
evaluated target/gamma_s1/pseudo_loss_high_50
evaluated source/color_cast_s2/support_confidence_low_75
evaluated source/clean_s0/support_confidence_low_25
evaluated target/gamma_s1/pseudo_loss_high_75
completed 6/21 detector-condition panels
evaluated source/clean_s0/support_confidence_low_50
evaluated target/gamma_s1/pseudo_loss_low_25
evaluated source/clean_s0/support_confidence_low_75
evaluated target/gamma_s1/pseudo_loss_low_50
completed 7/21 detector-condition panels
evaluated target/gamma_s1/pseudo_loss_low_75
evaluated target/gamma_s1/support_count_high_25
evaluated target/gamma_s2/no_adapt
evaluated target/gamma_s2/full_hybrid
evaluated target/gamma_s1/support_count_high_50
evaluated target/gamma_s2/clip_norm_high_25
evaluated target/gamma_s1/support_count_high_75
evaluated target/contrast_s1/no_adapt
evaluated target/contrast_s1/full_hybrid
evaluated target/gamma_s2/clip_norm_high_50
evaluated target/gamma_s1/support_count_low_25
evaluated target/contrast_s1/clip_norm_high_25
evaluated target/gamma_s1/support_count_low_50
evaluated target/gamma_s2/clip_norm_high_75
evaluated target/contrast_s2/no_adapt
evaluated target/contrast_s2/full_hybrid
evaluated target/gamma_s1/support_count_low_75
evaluated target/contrast_s1/clip_norm_high_50
evaluated target/gamma_s2/clip_norm_low_25
evaluated target/gamma_s1/support_confidence_high_25
evaluated target/gamma_s2/clip_norm_low_50
evaluated target/contrast_s1/clip_norm_high_75
evaluated target/contrast_s2/clip_norm_high_25
evaluated target/gamma_s1/support_confidence_high_50
evaluated target/gamma_s2/clip_norm_low_75
evaluated target/contrast_s1/clip_norm_low_25
evaluated target/contrast_s2/clip_norm_high_50
evaluated target/gamma_s1/support_confidence_high_75
evaluated target/gamma_s2/det_norm_high_25
evaluated target/contrast_s1/clip_norm_low_50
evaluated target/contrast_s2/clip_norm_high_75
evaluated target/gamma_s1/support_confidence_low_25
evaluated target/gamma_s2/det_norm_high_50
evaluated target/contrast_s1/clip_norm_low_75
evaluated target/gamma_s1/support_confidence_low_50
evaluated target/contrast_s2/clip_norm_low_25
evaluated target/gamma_s2/det_norm_high_75
evaluated target/gamma_s1/support_confidence_low_75
evaluated target/contrast_s1/det_norm_high_25
evaluated target/contrast_s2/clip_norm_low_50
completed 8/21 detector-condition panels
evaluated target/gamma_s2/det_norm_low_25
evaluated target/contrast_s1/det_norm_high_50
evaluated target/gamma_s2/det_norm_low_50
evaluated target/gamma_s2/det_norm_low_75
evaluated target/contrast_s2/clip_norm_low_75
evaluated target/gamma_s2/log_norm_ratio_high_25
evaluated target/contrast_s1/det_norm_high_75
evaluated target/contrast_s2/det_norm_high_25
evaluated target/gamma_s2/log_norm_ratio_high_50
evaluated target/contrast_s1/det_norm_low_25
evaluated target/contrast_s2/det_norm_high_50
evaluated target/gamma_s2/log_norm_ratio_high_75
evaluated target/contrast_s1/det_norm_low_50
evaluated target/contrast_s2/det_norm_high_75
evaluated target/contrast_s1/det_norm_low_75
evaluated target/contrast_s2/det_norm_low_25
evaluated target/color_cast_s1/no_adapt
evaluated target/color_cast_s1/full_hybrid
evaluated target/contrast_s1/log_norm_ratio_high_25
evaluated target/contrast_s2/det_norm_low_50
evaluated target/gamma_s2/log_norm_ratio_low_25
evaluated target/color_cast_s1/clip_norm_high_25
evaluated target/contrast_s1/log_norm_ratio_high_50
evaluated target/gamma_s2/log_norm_ratio_low_50
evaluated target/contrast_s2/det_norm_low_75
evaluated target/color_cast_s1/clip_norm_high_50
evaluated target/contrast_s1/log_norm_ratio_high_75
evaluated target/gamma_s2/log_norm_ratio_low_75
evaluated target/contrast_s2/log_norm_ratio_high_25
evaluated target/color_cast_s1/clip_norm_high_75
evaluated target/contrast_s1/log_norm_ratio_low_25
evaluated target/gamma_s2/gradient_cosine_high_25
evaluated target/contrast_s2/log_norm_ratio_high_50
evaluated target/color_cast_s1/clip_norm_low_25
evaluated target/contrast_s1/log_norm_ratio_low_50
evaluated target/gamma_s2/gradient_cosine_high_50
evaluated target/contrast_s2/log_norm_ratio_high_75
evaluated target/color_cast_s1/clip_norm_low_50
evaluated target/contrast_s1/log_norm_ratio_low_75
evaluated target/gamma_s2/gradient_cosine_high_75
evaluated target/color_cast_s1/clip_norm_low_75
evaluated target/contrast_s2/log_norm_ratio_low_25
evaluated target/gamma_s2/gradient_cosine_low_25
evaluated target/contrast_s1/gradient_cosine_high_25
evaluated target/color_cast_s1/det_norm_high_25
evaluated target/contrast_s2/log_norm_ratio_low_50
evaluated target/gamma_s2/gradient_cosine_low_50
evaluated target/contrast_s1/gradient_cosine_high_50
evaluated target/color_cast_s1/det_norm_high_50
evaluated target/contrast_s2/log_norm_ratio_low_75
evaluated target/gamma_s2/gradient_cosine_low_75
evaluated target/contrast_s1/gradient_cosine_high_75
evaluated target/color_cast_s1/det_norm_high_75
evaluated target/contrast_s2/gradient_cosine_high_25
evaluated target/gamma_s2/pseudo_loss_high_25
evaluated target/color_cast_s1/det_norm_low_25
evaluated target/contrast_s1/gradient_cosine_low_25
evaluated target/contrast_s2/gradient_cosine_high_50
evaluated target/gamma_s2/pseudo_loss_high_50
evaluated target/color_cast_s1/det_norm_low_50
evaluated target/contrast_s1/gradient_cosine_low_50
evaluated target/contrast_s2/gradient_cosine_high_75
evaluated target/gamma_s2/pseudo_loss_high_75
evaluated target/color_cast_s1/det_norm_low_75
evaluated target/contrast_s1/gradient_cosine_low_75
evaluated target/contrast_s2/gradient_cosine_low_25
evaluated target/color_cast_s1/log_norm_ratio_high_25
evaluated target/gamma_s2/pseudo_loss_low_25
evaluated target/contrast_s1/pseudo_loss_high_25
evaluated target/contrast_s2/gradient_cosine_low_50
evaluated target/color_cast_s1/log_norm_ratio_high_50
evaluated target/gamma_s2/pseudo_loss_low_50
evaluated target/contrast_s1/pseudo_loss_high_50
evaluated target/color_cast_s1/log_norm_ratio_high_75
evaluated target/gamma_s2/pseudo_loss_low_75
evaluated target/contrast_s2/gradient_cosine_low_75
evaluated target/contrast_s1/pseudo_loss_high_75
evaluated target/color_cast_s1/log_norm_ratio_low_25
evaluated target/gamma_s2/support_count_high_25
evaluated target/contrast_s2/pseudo_loss_high_25
evaluated target/contrast_s1/pseudo_loss_low_25
evaluated target/color_cast_s1/log_norm_ratio_low_50
evaluated target/gamma_s2/support_count_high_50
evaluated target/contrast_s2/pseudo_loss_high_50
evaluated target/contrast_s1/pseudo_loss_low_50
evaluated target/color_cast_s1/log_norm_ratio_low_75
evaluated target/gamma_s2/support_count_high_75
evaluated target/contrast_s2/pseudo_loss_high_75
evaluated target/contrast_s1/pseudo_loss_low_75
evaluated target/color_cast_s1/gradient_cosine_high_25
evaluated target/gamma_s2/support_count_low_25
evaluated target/contrast_s2/pseudo_loss_low_25
evaluated target/color_cast_s1/gradient_cosine_high_50
evaluated target/contrast_s1/support_count_high_25
evaluated target/gamma_s2/support_count_low_50
evaluated target/contrast_s2/pseudo_loss_low_50
evaluated target/color_cast_s1/gradient_cosine_high_75
evaluated target/contrast_s1/support_count_high_50
evaluated target/gamma_s2/support_count_low_75
evaluated target/contrast_s2/pseudo_loss_low_75
evaluated target/color_cast_s1/gradient_cosine_low_25
evaluated target/contrast_s1/support_count_high_75
evaluated target/gamma_s2/support_confidence_high_25
evaluated target/color_cast_s1/gradient_cosine_low_50
evaluated target/contrast_s2/support_count_high_25
evaluated target/contrast_s1/support_count_low_25
evaluated target/gamma_s2/support_confidence_high_50
evaluated target/color_cast_s1/gradient_cosine_low_75
evaluated target/contrast_s2/support_count_high_50
evaluated target/contrast_s1/support_count_low_50
evaluated target/gamma_s2/support_confidence_high_75
evaluated target/color_cast_s1/pseudo_loss_high_25
evaluated target/contrast_s2/support_count_high_75
evaluated target/gamma_s2/support_confidence_low_25
evaluated target/contrast_s1/support_count_low_75
evaluated target/color_cast_s1/pseudo_loss_high_50
evaluated target/contrast_s2/support_count_low_25
evaluated target/gamma_s2/support_confidence_low_50
evaluated target/contrast_s1/support_confidence_high_25
evaluated target/color_cast_s1/pseudo_loss_high_75
evaluated target/contrast_s2/support_count_low_50
evaluated target/gamma_s2/support_confidence_low_75
evaluated target/contrast_s1/support_confidence_high_50
evaluated target/color_cast_s1/pseudo_loss_low_25
completed 9/21 detector-condition panels
evaluated target/contrast_s2/support_count_low_75
evaluated target/color_cast_s1/pseudo_loss_low_50
evaluated target/contrast_s1/support_confidence_high_75
evaluated target/contrast_s2/support_confidence_high_25
evaluated target/color_cast_s1/pseudo_loss_low_75
evaluated target/contrast_s1/support_confidence_low_25
evaluated target/contrast_s2/support_confidence_high_50
evaluated target/color_cast_s1/support_count_high_25
evaluated target/contrast_s1/support_confidence_low_50
evaluated target/color_cast_s1/support_count_high_50
evaluated target/contrast_s2/support_confidence_high_75
evaluated target/contrast_s1/support_confidence_low_75
evaluated target/color_cast_s1/support_count_high_75
completed 10/21 detector-condition panels
evaluated target/contrast_s2/support_confidence_low_25
evaluated target/color_cast_s1/support_count_low_25
evaluated target/contrast_s2/support_confidence_low_50
evaluated target/color_cast_s1/support_count_low_50
evaluated target/contrast_s2/support_confidence_low_75
evaluated target/color_cast_s2/no_adapt
evaluated target/color_cast_s2/full_hybrid
evaluated target/color_cast_s1/support_count_low_75
completed 11/21 detector-condition panels
evaluated target/color_cast_s2/clip_norm_high_25
evaluated target/color_cast_s1/support_confidence_high_25
evaluated target/color_cast_s2/clip_norm_high_50
evaluated target/color_cast_s1/support_confidence_high_50
evaluated target/color_cast_s2/clip_norm_high_75
evaluated target/color_cast_s1/support_confidence_high_75
evaluated target/color_cast_s2/clip_norm_low_25
evaluated target/color_cast_s1/support_confidence_low_25
evaluated target/clean_s0/no_adapt
evaluated target/clean_s0/full_hybrid
evaluated target/color_cast_s2/clip_norm_low_50
evaluated target/color_cast_s1/support_confidence_low_50
evaluated target/clean_s0/clip_norm_high_25
evaluated target/color_cast_s2/clip_norm_low_75
evaluated target/color_cast_s1/support_confidence_low_75
evaluated target/clean_s0/clip_norm_high_50
evaluated target/color_cast_s2/det_norm_high_25
completed 12/21 detector-condition panels
evaluated target/clean_s0/clip_norm_high_75
evaluated ssd/gamma_s1/no_adapt
evaluated ssd/gamma_s1/full_hybrid
evaluated target/color_cast_s2/det_norm_high_50
evaluated target/clean_s0/clip_norm_low_25
evaluated target/color_cast_s2/det_norm_high_75
evaluated ssd/gamma_s1/clip_norm_high_25
evaluated target/clean_s0/clip_norm_low_50
evaluated target/color_cast_s2/det_norm_low_25
evaluated ssd/gamma_s1/clip_norm_high_50
evaluated target/clean_s0/clip_norm_low_75
evaluated target/color_cast_s2/det_norm_low_50
evaluated ssd/gamma_s1/clip_norm_high_75
evaluated target/color_cast_s2/det_norm_low_75
evaluated target/clean_s0/det_norm_high_25
evaluated ssd/gamma_s1/clip_norm_low_25
evaluated target/color_cast_s2/log_norm_ratio_high_25
evaluated target/clean_s0/det_norm_high_50
evaluated ssd/gamma_s2/no_adapt
evaluated target/color_cast_s2/log_norm_ratio_high_50
evaluated ssd/gamma_s2/full_hybrid
evaluated target/clean_s0/det_norm_high_75
evaluated ssd/gamma_s1/clip_norm_low_50
evaluated target/color_cast_s2/log_norm_ratio_high_75
evaluated ssd/gamma_s2/clip_norm_high_25
evaluated target/clean_s0/det_norm_low_25
evaluated target/color_cast_s2/log_norm_ratio_low_25
evaluated ssd/gamma_s1/clip_norm_low_75
evaluated ssd/gamma_s2/clip_norm_high_50
evaluated target/clean_s0/det_norm_low_50
evaluated target/color_cast_s2/log_norm_ratio_low_50
evaluated ssd/gamma_s2/clip_norm_high_75
evaluated ssd/gamma_s1/det_norm_high_25
evaluated target/clean_s0/det_norm_low_75
evaluated target/color_cast_s2/log_norm_ratio_low_75
evaluated ssd/gamma_s2/clip_norm_low_25
evaluated ssd/gamma_s1/det_norm_high_50
evaluated target/clean_s0/log_norm_ratio_high_25
evaluated target/color_cast_s2/gradient_cosine_high_25
evaluated ssd/gamma_s2/clip_norm_low_50
evaluated target/clean_s0/log_norm_ratio_high_50
evaluated ssd/gamma_s1/det_norm_high_75
evaluated target/color_cast_s2/gradient_cosine_high_50
evaluated ssd/gamma_s2/clip_norm_low_75
evaluated target/clean_s0/log_norm_ratio_high_75
evaluated ssd/gamma_s1/det_norm_low_25
evaluated target/color_cast_s2/gradient_cosine_high_75
evaluated ssd/gamma_s2/det_norm_high_25
evaluated target/clean_s0/log_norm_ratio_low_25
evaluated ssd/gamma_s1/det_norm_low_50
evaluated target/color_cast_s2/gradient_cosine_low_25
evaluated ssd/gamma_s2/det_norm_high_50
evaluated target/clean_s0/log_norm_ratio_low_50
evaluated target/color_cast_s2/gradient_cosine_low_50
evaluated ssd/gamma_s1/det_norm_low_75
evaluated ssd/gamma_s2/det_norm_high_75
evaluated target/clean_s0/log_norm_ratio_low_75
evaluated target/color_cast_s2/gradient_cosine_low_75
evaluated ssd/gamma_s1/log_norm_ratio_high_25
evaluated ssd/gamma_s2/det_norm_low_25
evaluated target/color_cast_s2/pseudo_loss_high_25
evaluated ssd/gamma_s1/log_norm_ratio_high_50
evaluated ssd/gamma_s2/det_norm_low_50
evaluated target/color_cast_s2/pseudo_loss_high_50
evaluated target/clean_s0/gradient_cosine_high_25
evaluated ssd/gamma_s1/log_norm_ratio_high_75
evaluated ssd/gamma_s2/det_norm_low_75
evaluated target/color_cast_s2/pseudo_loss_high_75
evaluated target/clean_s0/gradient_cosine_high_50
evaluated ssd/gamma_s1/log_norm_ratio_low_25
evaluated ssd/gamma_s2/log_norm_ratio_high_25
evaluated target/color_cast_s2/pseudo_loss_low_25
evaluated target/clean_s0/gradient_cosine_high_75
evaluated ssd/gamma_s1/log_norm_ratio_low_50
evaluated ssd/gamma_s2/log_norm_ratio_high_50
evaluated target/color_cast_s2/pseudo_loss_low_50
evaluated target/clean_s0/gradient_cosine_low_25
evaluated target/color_cast_s2/pseudo_loss_low_75
evaluated ssd/gamma_s1/log_norm_ratio_low_75
evaluated ssd/gamma_s2/log_norm_ratio_high_75
evaluated target/clean_s0/gradient_cosine_low_50
evaluated target/color_cast_s2/support_count_high_25
evaluated ssd/gamma_s2/log_norm_ratio_low_25
evaluated ssd/gamma_s1/gradient_cosine_high_25
evaluated target/clean_s0/gradient_cosine_low_75
evaluated target/color_cast_s2/support_count_high_50
evaluated ssd/gamma_s2/log_norm_ratio_low_50
evaluated ssd/gamma_s1/gradient_cosine_high_50
evaluated target/clean_s0/pseudo_loss_high_25
evaluated target/color_cast_s2/support_count_high_75
evaluated ssd/gamma_s2/log_norm_ratio_low_75
evaluated ssd/gamma_s1/gradient_cosine_high_75
evaluated target/clean_s0/pseudo_loss_high_50
evaluated target/color_cast_s2/support_count_low_25
evaluated ssd/gamma_s2/gradient_cosine_high_25
evaluated ssd/gamma_s1/gradient_cosine_low_25
evaluated target/clean_s0/pseudo_loss_high_75
evaluated target/color_cast_s2/support_count_low_50
evaluated ssd/gamma_s2/gradient_cosine_high_50
evaluated ssd/gamma_s1/gradient_cosine_low_50
evaluated target/clean_s0/pseudo_loss_low_25
evaluated target/color_cast_s2/support_count_low_75
evaluated ssd/gamma_s2/gradient_cosine_high_75
evaluated target/clean_s0/pseudo_loss_low_50
evaluated ssd/gamma_s1/gradient_cosine_low_75
evaluated target/color_cast_s2/support_confidence_high_25
evaluated ssd/gamma_s2/gradient_cosine_low_25
evaluated target/clean_s0/pseudo_loss_low_75
evaluated target/color_cast_s2/support_confidence_high_50
evaluated ssd/gamma_s1/pseudo_loss_high_25
evaluated ssd/gamma_s2/gradient_cosine_low_50
evaluated target/color_cast_s2/support_confidence_high_75
evaluated target/clean_s0/support_count_high_25
evaluated ssd/gamma_s1/pseudo_loss_high_50
evaluated ssd/gamma_s2/gradient_cosine_low_75
evaluated target/color_cast_s2/support_confidence_low_25
evaluated target/clean_s0/support_count_high_50
evaluated ssd/gamma_s1/pseudo_loss_high_75
evaluated ssd/gamma_s2/pseudo_loss_high_25
evaluated target/color_cast_s2/support_confidence_low_50
evaluated target/clean_s0/support_count_high_75
evaluated ssd/gamma_s1/pseudo_loss_low_25
evaluated ssd/gamma_s2/pseudo_loss_high_50
evaluated target/color_cast_s2/support_confidence_low_75
evaluated target/clean_s0/support_count_low_25
completed 13/21 detector-condition panels
evaluated ssd/gamma_s1/pseudo_loss_low_50
evaluated ssd/gamma_s2/pseudo_loss_high_75
evaluated target/clean_s0/support_count_low_50
evaluated ssd/gamma_s2/pseudo_loss_low_25
evaluated ssd/gamma_s1/pseudo_loss_low_75
evaluated target/clean_s0/support_count_low_75
evaluated ssd/gamma_s2/pseudo_loss_low_50
evaluated ssd/gamma_s1/support_count_high_25
evaluated target/clean_s0/support_confidence_high_25
evaluated ssd/gamma_s2/pseudo_loss_low_75
evaluated ssd/gamma_s1/support_count_high_50
evaluated target/clean_s0/support_confidence_high_50
evaluated ssd/gamma_s2/support_count_high_25
evaluated ssd/gamma_s1/support_count_high_75
evaluated target/clean_s0/support_confidence_high_75
evaluated ssd/gamma_s2/support_count_high_50
evaluated ssd/gamma_s1/support_count_low_25
evaluated target/clean_s0/support_confidence_low_25
evaluated ssd/gamma_s2/support_count_high_75
evaluated ssd/gamma_s1/support_count_low_50
evaluated target/clean_s0/support_confidence_low_50
evaluated ssd/contrast_s1/no_adapt
evaluated ssd/contrast_s1/full_hybrid
evaluated ssd/gamma_s2/support_count_low_25
evaluated target/clean_s0/support_confidence_low_75
evaluated ssd/gamma_s1/support_count_low_75
evaluated ssd/contrast_s1/clip_norm_high_25
evaluated ssd/gamma_s2/support_count_low_50
completed 14/21 detector-condition panels
evaluated ssd/gamma_s1/support_confidence_high_25
evaluated ssd/contrast_s1/clip_norm_high_50
evaluated ssd/gamma_s1/support_confidence_high_50
evaluated ssd/contrast_s1/clip_norm_high_75
evaluated ssd/gamma_s2/support_count_low_75
evaluated ssd/gamma_s1/support_confidence_high_75
evaluated ssd/contrast_s1/clip_norm_low_25
evaluated ssd/gamma_s2/support_confidence_high_25
evaluated ssd/gamma_s1/support_confidence_low_25
evaluated ssd/contrast_s1/clip_norm_low_50
evaluated ssd/gamma_s2/support_confidence_high_50
evaluated ssd/gamma_s1/support_confidence_low_50
evaluated ssd/contrast_s1/clip_norm_low_75
evaluated ssd/gamma_s2/support_confidence_high_75
evaluated ssd/gamma_s1/support_confidence_low_75
evaluated ssd/contrast_s1/det_norm_high_25
evaluated ssd/gamma_s2/support_confidence_low_25
completed 15/21 detector-condition panels
evaluated ssd/contrast_s2/no_adapt
evaluated ssd/contrast_s2/full_hybrid
evaluated ssd/contrast_s1/det_norm_high_50
evaluated ssd/gamma_s2/support_confidence_low_50
evaluated ssd/contrast_s2/clip_norm_high_25
evaluated ssd/contrast_s1/det_norm_high_75
evaluated ssd/gamma_s2/support_confidence_low_75
evaluated ssd/contrast_s2/clip_norm_high_50
evaluated ssd/contrast_s1/det_norm_low_25
completed 16/21 detector-condition panels
evaluated ssd/contrast_s2/clip_norm_high_75
evaluated ssd/contrast_s1/det_norm_low_50
evaluated ssd/contrast_s2/clip_norm_low_25
evaluated ssd/contrast_s1/det_norm_low_75
evaluated ssd/contrast_s2/clip_norm_low_50
evaluated ssd/contrast_s1/log_norm_ratio_high_25
evaluated ssd/color_cast_s1/no_adapt
evaluated ssd/color_cast_s1/full_hybrid
evaluated ssd/contrast_s2/clip_norm_low_75
evaluated ssd/contrast_s1/log_norm_ratio_high_50
evaluated ssd/color_cast_s1/clip_norm_high_25
evaluated ssd/contrast_s1/log_norm_ratio_high_75
evaluated ssd/contrast_s2/det_norm_high_25
evaluated ssd/contrast_s1/log_norm_ratio_low_25
evaluated ssd/contrast_s2/det_norm_high_50
evaluated ssd/color_cast_s1/clip_norm_high_50
evaluated ssd/color_cast_s2/no_adapt
evaluated ssd/color_cast_s2/full_hybrid
evaluated ssd/contrast_s1/log_norm_ratio_low_50
evaluated ssd/contrast_s2/det_norm_high_75
evaluated ssd/color_cast_s1/clip_norm_high_75
evaluated ssd/color_cast_s2/clip_norm_high_25
evaluated ssd/contrast_s2/det_norm_low_25
evaluated ssd/color_cast_s1/clip_norm_low_25
evaluated ssd/color_cast_s2/clip_norm_high_50
evaluated ssd/contrast_s2/det_norm_low_50
evaluated ssd/contrast_s1/log_norm_ratio_low_75
evaluated ssd/color_cast_s1/clip_norm_low_50
evaluated ssd/color_cast_s2/clip_norm_high_75
evaluated ssd/contrast_s2/det_norm_low_75
evaluated ssd/contrast_s1/gradient_cosine_high_25
evaluated ssd/color_cast_s2/clip_norm_low_25
evaluated ssd/color_cast_s1/clip_norm_low_75
evaluated ssd/contrast_s2/log_norm_ratio_high_25
evaluated ssd/contrast_s1/gradient_cosine_high_50
evaluated ssd/color_cast_s2/clip_norm_low_50
evaluated ssd/color_cast_s1/det_norm_high_25
evaluated ssd/contrast_s2/log_norm_ratio_high_50
evaluated ssd/contrast_s1/gradient_cosine_high_75
evaluated ssd/color_cast_s2/clip_norm_low_75
evaluated ssd/color_cast_s1/det_norm_high_50
evaluated ssd/contrast_s1/gradient_cosine_low_25
evaluated ssd/contrast_s2/log_norm_ratio_high_75
evaluated ssd/color_cast_s2/det_norm_high_25
evaluated ssd/color_cast_s1/det_norm_high_75
evaluated ssd/contrast_s1/gradient_cosine_low_50
evaluated ssd/contrast_s2/log_norm_ratio_low_25
evaluated ssd/color_cast_s2/det_norm_high_50
evaluated ssd/color_cast_s1/det_norm_low_25
evaluated ssd/contrast_s1/gradient_cosine_low_75
evaluated ssd/contrast_s2/log_norm_ratio_low_50
evaluated ssd/color_cast_s2/det_norm_high_75
evaluated ssd/color_cast_s1/det_norm_low_50
evaluated ssd/contrast_s1/pseudo_loss_high_25
evaluated ssd/contrast_s2/log_norm_ratio_low_75
evaluated ssd/color_cast_s2/det_norm_low_25
evaluated ssd/color_cast_s1/det_norm_low_75
evaluated ssd/contrast_s1/pseudo_loss_high_50
evaluated ssd/contrast_s2/gradient_cosine_high_25
evaluated ssd/color_cast_s2/det_norm_low_50
evaluated ssd/color_cast_s1/log_norm_ratio_high_25
evaluated ssd/contrast_s1/pseudo_loss_high_75
evaluated ssd/color_cast_s2/det_norm_low_75
evaluated ssd/contrast_s2/gradient_cosine_high_50
evaluated ssd/contrast_s1/pseudo_loss_low_25
evaluated ssd/color_cast_s2/log_norm_ratio_high_25
evaluated ssd/contrast_s2/gradient_cosine_high_75
evaluated ssd/color_cast_s1/log_norm_ratio_high_50
evaluated ssd/contrast_s1/pseudo_loss_low_50
evaluated ssd/color_cast_s2/log_norm_ratio_high_50
evaluated ssd/contrast_s2/gradient_cosine_low_25
evaluated ssd/color_cast_s1/log_norm_ratio_high_75
evaluated ssd/contrast_s1/pseudo_loss_low_75
evaluated ssd/color_cast_s2/log_norm_ratio_high_75
evaluated ssd/contrast_s2/gradient_cosine_low_50
evaluated ssd/color_cast_s1/log_norm_ratio_low_25
evaluated ssd/contrast_s1/support_count_high_25
evaluated ssd/color_cast_s2/log_norm_ratio_low_25
evaluated ssd/contrast_s2/gradient_cosine_low_75
evaluated ssd/color_cast_s1/log_norm_ratio_low_50
evaluated ssd/contrast_s1/support_count_high_50
evaluated ssd/color_cast_s2/log_norm_ratio_low_50
evaluated ssd/contrast_s2/pseudo_loss_high_25
evaluated ssd/color_cast_s1/log_norm_ratio_low_75
evaluated ssd/contrast_s1/support_count_high_75
evaluated ssd/color_cast_s2/log_norm_ratio_low_75
evaluated ssd/contrast_s2/pseudo_loss_high_50
evaluated ssd/color_cast_s1/gradient_cosine_high_25
evaluated ssd/contrast_s1/support_count_low_25
evaluated ssd/color_cast_s2/gradient_cosine_high_25
evaluated ssd/contrast_s1/support_count_low_50
evaluated ssd/color_cast_s1/gradient_cosine_high_50
evaluated ssd/color_cast_s2/gradient_cosine_high_50
evaluated ssd/contrast_s2/pseudo_loss_high_75
evaluated ssd/contrast_s1/support_count_low_75
evaluated ssd/color_cast_s2/gradient_cosine_high_75
evaluated ssd/color_cast_s1/gradient_cosine_high_75
evaluated ssd/contrast_s2/pseudo_loss_low_25
evaluated ssd/contrast_s1/support_confidence_high_25
evaluated ssd/color_cast_s2/gradient_cosine_low_25
evaluated ssd/color_cast_s1/gradient_cosine_low_25
evaluated ssd/contrast_s2/pseudo_loss_low_50
evaluated ssd/contrast_s1/support_confidence_high_50
evaluated ssd/color_cast_s2/gradient_cosine_low_50
evaluated ssd/color_cast_s1/gradient_cosine_low_50
evaluated ssd/contrast_s2/pseudo_loss_low_75
evaluated ssd/contrast_s1/support_confidence_high_75
evaluated ssd/color_cast_s2/gradient_cosine_low_75
evaluated ssd/color_cast_s1/gradient_cosine_low_75
evaluated ssd/contrast_s2/support_count_high_25
evaluated ssd/contrast_s1/support_confidence_low_25
evaluated ssd/color_cast_s2/pseudo_loss_high_25
evaluated ssd/color_cast_s1/pseudo_loss_high_25
evaluated ssd/contrast_s2/support_count_high_50
evaluated ssd/contrast_s1/support_confidence_low_50
evaluated ssd/color_cast_s2/pseudo_loss_high_50
evaluated ssd/color_cast_s1/pseudo_loss_high_50
evaluated ssd/contrast_s2/support_count_high_75
evaluated ssd/contrast_s1/support_confidence_low_75
evaluated ssd/color_cast_s2/pseudo_loss_high_75
evaluated ssd/color_cast_s1/pseudo_loss_high_75
evaluated ssd/contrast_s2/support_count_low_25
completed 17/21 detector-condition panels
evaluated ssd/color_cast_s2/pseudo_loss_low_25
evaluated ssd/color_cast_s1/pseudo_loss_low_25
evaluated ssd/contrast_s2/support_count_low_50
evaluated ssd/color_cast_s2/pseudo_loss_low_50
evaluated ssd/color_cast_s1/pseudo_loss_low_50
evaluated ssd/contrast_s2/support_count_low_75
evaluated ssd/color_cast_s2/pseudo_loss_low_75
evaluated ssd/color_cast_s1/pseudo_loss_low_75
evaluated ssd/contrast_s2/support_confidence_high_25
evaluated ssd/color_cast_s2/support_count_high_25
evaluated ssd/color_cast_s1/support_count_high_25
evaluated ssd/contrast_s2/support_confidence_high_50
evaluated ssd/color_cast_s2/support_count_high_50
evaluated ssd/color_cast_s1/support_count_high_50
evaluated ssd/contrast_s2/support_confidence_high_75
evaluated ssd/color_cast_s2/support_count_high_75
evaluated ssd/clean_s0/no_adapt
evaluated ssd/color_cast_s1/support_count_high_75
evaluated ssd/contrast_s2/support_confidence_low_25
evaluated ssd/clean_s0/full_hybrid
evaluated ssd/color_cast_s2/support_count_low_25
evaluated ssd/color_cast_s1/support_count_low_25
evaluated ssd/contrast_s2/support_confidence_low_50
evaluated ssd/clean_s0/clip_norm_high_25
evaluated ssd/color_cast_s2/support_count_low_50
evaluated ssd/color_cast_s1/support_count_low_50
evaluated ssd/contrast_s2/support_confidence_low_75
evaluated ssd/clean_s0/clip_norm_high_50
completed 18/21 detector-condition panels
evaluated ssd/color_cast_s1/support_count_low_75
evaluated ssd/clean_s0/clip_norm_high_75
evaluated ssd/color_cast_s2/support_count_low_75
evaluated ssd/color_cast_s1/support_confidence_high_25
evaluated ssd/clean_s0/clip_norm_low_25
evaluated ssd/color_cast_s2/support_confidence_high_25
evaluated ssd/color_cast_s1/support_confidence_high_50
evaluated ssd/clean_s0/clip_norm_low_50
evaluated ssd/color_cast_s2/support_confidence_high_50
evaluated ssd/color_cast_s1/support_confidence_high_75
evaluated ssd/clean_s0/clip_norm_low_75
evaluated ssd/color_cast_s2/support_confidence_high_75
evaluated ssd/color_cast_s1/support_confidence_low_25
evaluated ssd/clean_s0/det_norm_high_25
evaluated ssd/color_cast_s2/support_confidence_low_25
evaluated ssd/color_cast_s1/support_confidence_low_50
evaluated ssd/clean_s0/det_norm_high_50
evaluated ssd/color_cast_s2/support_confidence_low_50
evaluated ssd/color_cast_s1/support_confidence_low_75
evaluated ssd/clean_s0/det_norm_high_75
evaluated ssd/color_cast_s2/support_confidence_low_75
completed 19/21 detector-condition panels
evaluated ssd/clean_s0/det_norm_low_25
completed 20/21 detector-condition panels
evaluated ssd/clean_s0/det_norm_low_50
evaluated ssd/clean_s0/det_norm_low_75
evaluated ssd/clean_s0/log_norm_ratio_high_25
evaluated ssd/clean_s0/log_norm_ratio_high_50
evaluated ssd/clean_s0/log_norm_ratio_high_75
evaluated ssd/clean_s0/log_norm_ratio_low_25
evaluated ssd/clean_s0/log_norm_ratio_low_50
evaluated ssd/clean_s0/log_norm_ratio_low_75
evaluated ssd/clean_s0/gradient_cosine_high_25
evaluated ssd/clean_s0/gradient_cosine_high_50
evaluated ssd/clean_s0/gradient_cosine_high_75
evaluated ssd/clean_s0/gradient_cosine_low_25
evaluated ssd/clean_s0/gradient_cosine_low_50
evaluated ssd/clean_s0/gradient_cosine_low_75
evaluated ssd/clean_s0/pseudo_loss_high_25
evaluated ssd/clean_s0/pseudo_loss_high_50
evaluated ssd/clean_s0/pseudo_loss_high_75
evaluated ssd/clean_s0/pseudo_loss_low_25
evaluated ssd/clean_s0/pseudo_loss_low_50
evaluated ssd/clean_s0/pseudo_loss_low_75
evaluated ssd/clean_s0/support_count_high_25
evaluated ssd/clean_s0/support_count_high_50
evaluated ssd/clean_s0/support_count_high_75
evaluated ssd/clean_s0/support_count_low_25
evaluated ssd/clean_s0/support_count_low_50
evaluated ssd/clean_s0/support_count_low_75
evaluated ssd/clean_s0/support_confidence_high_25
evaluated ssd/clean_s0/support_confidence_high_50
evaluated ssd/clean_s0/support_confidence_high_75
evaluated ssd/clean_s0/support_confidence_low_25
evaluated ssd/clean_s0/support_confidence_low_50
evaluated ssd/clean_s0/support_confidence_low_75
completed 21/21 detector-condition panels
{"source_revision": "901560f", "input_revision": "be5c797", "preparation_revision": "fd88938+score-preparation", "images": 2, "rows": 14, "configurations": 44, "groups": 3, "workers": 4, "elapsed_seconds": 16.578654527664185, "official_evaluations": 2772, "reused_official_anchor_evaluations": 126, "model_or_adaptation_inference": false, "annotation_sha256": "e8c7f7908f1d7278341fae127d0da654f102f11bd7b21d8aeefa635b8c810b6f", "T009_metrics_sha256": "d4366a398d51debb5ccffc4dcb168eeb4322b86e98428c2f9b796fcf105da243", "preparation_manifest_sha256": "ffc994e03de9145770522c621538b65bc415b1ac13d92cb4f3891db800b279f1"}
[autodl] finished_at=2026-09-12T18:08:12+08:00
[autodl] exit_code=0
