[autodl] run_id=20260914-113829-taisp-t029a-candidates120
[autodl] started_at=2026-09-14T11:38:35+08:00
/home/wenchang/anaconda3/envs/python3.12-tk2-2.3/lib/python3.12/site-packages/torch/cuda/__init__.py:654: UserWarning: Can't initialize NVML
  warnings.warn("Can't initialize NVML")
{"stage": "candidate", "episode": 0, "integrity": true}
{"stage": "candidate", "episode": 1, "integrity": true}
{"stage": "candidate", "episode": 2, "integrity": true}
{"stage": "candidate", "episode": 3, "integrity": true}
{"stage": "candidate", "episode": 4, "integrity": true}
{"stage": "candidate", "episode": 5, "integrity": true}
{"stage": "candidate", "episode": 6, "integrity": true}
{"stage": "candidate", "episode": 7, "integrity": true}
{"stage": "candidate", "episode": 8, "integrity": true}
{"stage": "candidate", "episode": 9, "integrity": true}
{"stage": "candidate", "episode": 10, "integrity": true}
{"stage": "candidate", "episode": 11, "integrity": true}
{"stage": "candidate", "episode": 12, "integrity": true}
{"stage": "candidate", "episode": 13, "integrity": true}
{"stage": "candidate", "episode": 14, "integrity": true}
{"stage": "candidate", "episode": 15, "integrity": true}
{"stage": "candidate", "episode": 16, "integrity": true}
{"stage": "candidate", "episode": 17, "integrity": true}
{"stage": "candidate", "episode": 18, "integrity": true}
{"stage": "candidate", "episode": 19, "integrity": true}
{"stage": "candidate", "episode": 20, "integrity": true}
{"stage": "candidate", "episode": 21, "integrity": true}
{"stage": "candidate", "episode": 22, "integrity": true}
{"stage": "candidate", "episode": 23, "integrity": true}
{"stage": "candidate", "episode": 24, "integrity": true}
{"stage": "candidate", "episode": 25, "integrity": true}
{"stage": "candidate", "episode": 26, "integrity": true}
{"stage": "candidate", "episode": 27, "integrity": true}
{"stage": "candidate", "episode": 28, "integrity": true}
{"stage": "candidate", "episode": 29, "integrity": true}
{"stage": "candidate", "episode": 30, "integrity": true}
{"stage": "candidate", "episode": 31, "integrity": true}
{"stage": "candidate", "episode": 32, "integrity": true}
{"stage": "candidate", "episode": 33, "integrity": true}
{"stage": "candidate", "episode": 34, "integrity": true}
{"stage": "candidate", "episode": 35, "integrity": true}
{"stage": "candidate", "episode": 36, "integrity": true}
{"stage": "candidate", "episode": 37, "integrity": true}
{"stage": "candidate", "episode": 38, "integrity": true}
{"stage": "candidate", "episode": 39, "integrity": true}
{"stage": "candidate", "episode": 40, "integrity": true}
{"stage": "candidate", "episode": 41, "integrity": true}
{"stage": "candidate", "episode": 42, "integrity": true}
{"stage": "candidate", "episode": 43, "integrity": true}
{"stage": "candidate", "episode": 44, "integrity": true}
{"stage": "candidate", "episode": 45, "integrity": true}
{"stage": "candidate", "episode": 46, "integrity": true}
{"stage": "candidate", "episode": 47, "integrity": true}
{"stage": "candidate", "episode": 48, "integrity": true}
{"stage": "candidate", "episode": 49, "integrity": true}
{"stage": "candidate", "episode": 50, "integrity": true}
{"stage": "candidate", "episode": 51, "integrity": true}
{"stage": "candidate", "episode": 52, "integrity": true}
{"stage": "candidate", "episode": 53, "integrity": true}
{"stage": "candidate", "episode": 54, "integrity": true}
{"stage": "candidate", "episode": 55, "integrity": true}
{"stage": "candidate", "episode": 56, "integrity": true}
{"stage": "candidate", "episode": 57, "integrity": true}
{"stage": "candidate", "episode": 58, "integrity": true}
{"stage": "candidate", "episode": 59, "integrity": true}
{"stage": "candidate", "episode": 60, "integrity": true}
{"stage": "candidate", "episode": 61, "integrity": true}
{"stage": "candidate", "episode": 62, "integrity": true}
{"stage": "candidate", "episode": 63, "integrity": true}
{"stage": "candidate", "episode": 64, "integrity": true}
{"stage": "candidate", "episode": 65, "integrity": true}
{"stage": "candidate", "episode": 66, "integrity": true}
{"stage": "candidate", "episode": 67, "integrity": true}
{"stage": "candidate", "episode": 68, "integrity": true}
{"stage": "candidate", "episode": 69, "integrity": true}
{"stage": "candidate", "episode": 70, "integrity": true}
{"stage": "candidate", "episode": 71, "integrity": true}
{"stage": "candidate", "episode": 72, "integrity": true}
{"stage": "candidate", "episode": 73, "integrity": true}
{"stage": "candidate", "episode": 74, "integrity": true}
{"stage": "candidate", "episode": 75, "integrity": true}
{"stage": "candidate", "episode": 76, "integrity": true}
{"stage": "candidate", "episode": 77, "integrity": true}
{"stage": "candidate", "episode": 78, "integrity": true}
{"stage": "candidate", "episode": 79, "integrity": true}
{"stage": "candidate", "episode": 80, "integrity": true}
{"stage": "candidate", "episode": 81, "integrity": true}
{"stage": "candidate", "episode": 82, "integrity": true}
{"stage": "candidate", "episode": 83, "integrity": true}
{"stage": "candidate", "episode": 84, "integrity": true}
{"stage": "candidate", "episode": 85, "integrity": true}
{"stage": "candidate", "episode": 86, "integrity": true}
{"stage": "candidate", "episode": 87, "integrity": true}
{"stage": "candidate", "episode": 88, "integrity": true}
{"stage": "candidate", "episode": 89, "integrity": true}
{"stage": "candidate", "episode": 90, "integrity": true}
{"stage": "candidate", "episode": 91, "integrity": true}
{"stage": "candidate", "episode": 92, "integrity": true}
{"stage": "candidate", "episode": 93, "integrity": true}
{"stage": "candidate", "episode": 94, "integrity": true}
{"stage": "candidate", "episode": 95, "integrity": true}
{"stage": "candidate", "episode": 96, "integrity": true}
{"stage": "candidate", "episode": 97, "integrity": true}
{"stage": "candidate", "episode": 98, "integrity": true}
{"stage": "candidate", "episode": 99, "integrity": true}
{"stage": "candidate", "episode": 100, "integrity": true}
{"stage": "candidate", "episode": 101, "integrity": true}
{"stage": "candidate", "episode": 102, "integrity": true}
{"stage": "candidate", "episode": 103, "integrity": true}
{"stage": "candidate", "episode": 104, "integrity": true}
{"stage": "candidate", "episode": 105, "integrity": true}
{"stage": "candidate", "episode": 106, "integrity": true}
{"stage": "candidate", "episode": 107, "integrity": true}
{"stage": "candidate", "episode": 108, "integrity": true}
{"stage": "candidate", "episode": 109, "integrity": true}
{"stage": "candidate", "episode": 110, "integrity": true}
{"stage": "candidate", "episode": 111, "integrity": true}
{"stage": "candidate", "episode": 112, "integrity": true}
{"stage": "candidate", "episode": 113, "integrity": true}
{"stage": "candidate", "episode": 114, "integrity": true}
{"stage": "candidate", "episode": 115, "integrity": true}
{"stage": "candidate", "episode": 116, "integrity": true}
{"stage": "candidate", "episode": 117, "integrity": true}
{"stage": "candidate", "episode": 118, "integrity": true}
{"stage": "candidate", "episode": 119, "integrity": true}
[autodl] finished_at=2026-09-14T11:39:04+08:00
[autodl] exit_code=0
