[autodl] run_id=20260914-181428-taisp-t032a-candidates480
[autodl] started_at=2026-09-14T18:14:33+08:00
/home/wenchang/anaconda3/envs/python3.12-tk2-2.3/lib/python3.12/site-packages/torch/cuda/__init__.py:654: UserWarning: Can't initialize NVML
  warnings.warn("Can't initialize NVML")
{"stage": "candidate", "episode": 0}
{"stage": "candidate", "episode": 1}
{"stage": "candidate", "episode": 2}
{"stage": "candidate", "episode": 3}
{"stage": "candidate", "episode": 4}
{"stage": "candidate", "episode": 5}
{"stage": "candidate", "episode": 6}
{"stage": "candidate", "episode": 7}
{"stage": "candidate", "episode": 8}
{"stage": "candidate", "episode": 9}
{"stage": "candidate", "episode": 10}
{"stage": "candidate", "episode": 11}
{"stage": "candidate", "episode": 12}
{"stage": "candidate", "episode": 13}
{"stage": "candidate", "episode": 14}
{"stage": "candidate", "episode": 15}
{"stage": "candidate", "episode": 16}
{"stage": "candidate", "episode": 17}
{"stage": "candidate", "episode": 18}
{"stage": "candidate", "episode": 19}
{"stage": "candidate", "episode": 20}
{"stage": "candidate", "episode": 21}
{"stage": "candidate", "episode": 22}
{"stage": "candidate", "episode": 23}
{"stage": "candidate", "episode": 24}
{"stage": "candidate", "episode": 25}
{"stage": "candidate", "episode": 26}
{"stage": "candidate", "episode": 27}
{"stage": "candidate", "episode": 28}
{"stage": "candidate", "episode": 29}
{"stage": "candidate", "episode": 30}
{"stage": "candidate", "episode": 31}
{"stage": "candidate", "episode": 32}
{"stage": "candidate", "episode": 33}
{"stage": "candidate", "episode": 34}
{"stage": "candidate", "episode": 35}
{"stage": "candidate", "episode": 36}
{"stage": "candidate", "episode": 37}
{"stage": "candidate", "episode": 38}
{"stage": "candidate", "episode": 39}
{"stage": "candidate", "episode": 40}
{"stage": "candidate", "episode": 41}
{"stage": "candidate", "episode": 42}
{"stage": "candidate", "episode": 43}
{"stage": "candidate", "episode": 44}
{"stage": "candidate", "episode": 45}
{"stage": "candidate", "episode": 46}
{"stage": "candidate", "episode": 47}
{"stage": "candidate", "episode": 48}
{"stage": "candidate", "episode": 49}
{"stage": "candidate", "episode": 50}
{"stage": "candidate", "episode": 51}
{"stage": "candidate", "episode": 52}
{"stage": "candidate", "episode": 53}
{"stage": "candidate", "episode": 54}
{"stage": "candidate", "episode": 55}
{"stage": "candidate", "episode": 56}
{"stage": "candidate", "episode": 57}
{"stage": "candidate", "episode": 58}
{"stage": "candidate", "episode": 59}
{"stage": "candidate", "episode": 60}
{"stage": "candidate", "episode": 61}
{"stage": "candidate", "episode": 62}
{"stage": "candidate", "episode": 63}
{"stage": "candidate", "episode": 64}
{"stage": "candidate", "episode": 65}
{"stage": "candidate", "episode": 66}
{"stage": "candidate", "episode": 67}
{"stage": "candidate", "episode": 68}
{"stage": "candidate", "episode": 69}
{"stage": "candidate", "episode": 70}
{"stage": "candidate", "episode": 71}
{"stage": "candidate", "episode": 72}
{"stage": "candidate", "episode": 73}
{"stage": "candidate", "episode": 74}
{"stage": "candidate", "episode": 75}
{"stage": "candidate", "episode": 76}
{"stage": "candidate", "episode": 77}
{"stage": "candidate", "episode": 78}
{"stage": "candidate", "episode": 79}
{"stage": "candidate", "episode": 80}
{"stage": "candidate", "episode": 81}
{"stage": "candidate", "episode": 82}
{"stage": "candidate", "episode": 83}
{"stage": "candidate", "episode": 84}
{"stage": "candidate", "episode": 85}
{"stage": "candidate", "episode": 86}
{"stage": "candidate", "episode": 87}
{"stage": "candidate", "episode": 88}
{"stage": "candidate", "episode": 89}
{"stage": "candidate", "episode": 90}
{"stage": "candidate", "episode": 91}
{"stage": "candidate", "episode": 92}
{"stage": "candidate", "episode": 93}
{"stage": "candidate", "episode": 94}
{"stage": "candidate", "episode": 95}
{"stage": "candidate", "episode": 96}
{"stage": "candidate", "episode": 97}
{"stage": "candidate", "episode": 98}
{"stage": "candidate", "episode": 99}
{"stage": "candidate", "episode": 100}
{"stage": "candidate", "episode": 101}
{"stage": "candidate", "episode": 102}
{"stage": "candidate", "episode": 103}
{"stage": "candidate", "episode": 104}
{"stage": "candidate", "episode": 105}
{"stage": "candidate", "episode": 106}
{"stage": "candidate", "episode": 107}
{"stage": "candidate", "episode": 108}
{"stage": "candidate", "episode": 109}
{"stage": "candidate", "episode": 110}
{"stage": "candidate", "episode": 111}
{"stage": "candidate", "episode": 112}
{"stage": "candidate", "episode": 113}
{"stage": "candidate", "episode": 114}
{"stage": "candidate", "episode": 115}
{"stage": "candidate", "episode": 116}
{"stage": "candidate", "episode": 117}
{"stage": "candidate", "episode": 118}
{"stage": "candidate", "episode": 119}
{"stage": "candidate", "episode": 120}
{"stage": "candidate", "episode": 121}
{"stage": "candidate", "episode": 122}
{"stage": "candidate", "episode": 123}
{"stage": "candidate", "episode": 124}
{"stage": "candidate", "episode": 125}
{"stage": "candidate", "episode": 126}
{"stage": "candidate", "episode": 127}
{"stage": "candidate", "episode": 128}
{"stage": "candidate", "episode": 129}
{"stage": "candidate", "episode": 130}
{"stage": "candidate", "episode": 131}
{"stage": "candidate", "episode": 132}
{"stage": "candidate", "episode": 133}
{"stage": "candidate", "episode": 134}
{"stage": "candidate", "episode": 135}
{"stage": "candidate", "episode": 136}
{"stage": "candidate", "episode": 137}
{"stage": "candidate", "episode": 138}
{"stage": "candidate", "episode": 139}
{"stage": "candidate", "episode": 140}
{"stage": "candidate", "episode": 141}
{"stage": "candidate", "episode": 142}
{"stage": "candidate", "episode": 143}
{"stage": "candidate", "episode": 144}
{"stage": "candidate", "episode": 145}
{"stage": "candidate", "episode": 146}
{"stage": "candidate", "episode": 147}
{"stage": "candidate", "episode": 148}
{"stage": "candidate", "episode": 149}
{"stage": "candidate", "episode": 150}
{"stage": "candidate", "episode": 151}
{"stage": "candidate", "episode": 152}
{"stage": "candidate", "episode": 153}
{"stage": "candidate", "episode": 154}
{"stage": "candidate", "episode": 155}
{"stage": "candidate", "episode": 156}
{"stage": "candidate", "episode": 157}
{"stage": "candidate", "episode": 158}
{"stage": "candidate", "episode": 159}
{"stage": "candidate", "episode": 160}
{"stage": "candidate", "episode": 161}
{"stage": "candidate", "episode": 162}
{"stage": "candidate", "episode": 163}
{"stage": "candidate", "episode": 164}
{"stage": "candidate", "episode": 165}
{"stage": "candidate", "episode": 166}
{"stage": "candidate", "episode": 167}
{"stage": "candidate", "episode": 168}
{"stage": "candidate", "episode": 169}
{"stage": "candidate", "episode": 170}
{"stage": "candidate", "episode": 171}
{"stage": "candidate", "episode": 172}
{"stage": "candidate", "episode": 173}
{"stage": "candidate", "episode": 174}
{"stage": "candidate", "episode": 175}
{"stage": "candidate", "episode": 176}
{"stage": "candidate", "episode": 177}
{"stage": "candidate", "episode": 178}
{"stage": "candidate", "episode": 179}
{"stage": "candidate", "episode": 180}
{"stage": "candidate", "episode": 181}
{"stage": "candidate", "episode": 182}
{"stage": "candidate", "episode": 183}
{"stage": "candidate", "episode": 184}
{"stage": "candidate", "episode": 185}
{"stage": "candidate", "episode": 186}
{"stage": "candidate", "episode": 187}
{"stage": "candidate", "episode": 188}
{"stage": "candidate", "episode": 189}
{"stage": "candidate", "episode": 190}
{"stage": "candidate", "episode": 191}
{"stage": "candidate", "episode": 192}
{"stage": "candidate", "episode": 193}
{"stage": "candidate", "episode": 194}
{"stage": "candidate", "episode": 195}
{"stage": "candidate", "episode": 196}
{"stage": "candidate", "episode": 197}
{"stage": "candidate", "episode": 198}
{"stage": "candidate", "episode": 199}
{"stage": "candidate", "episode": 200}
{"stage": "candidate", "episode": 201}
{"stage": "candidate", "episode": 202}
{"stage": "candidate", "episode": 203}
{"stage": "candidate", "episode": 204}
{"stage": "candidate", "episode": 205}
{"stage": "candidate", "episode": 206}
{"stage": "candidate", "episode": 207}
{"stage": "candidate", "episode": 208}
{"stage": "candidate", "episode": 209}
{"stage": "candidate", "episode": 210}
{"stage": "candidate", "episode": 211}
{"stage": "candidate", "episode": 212}
{"stage": "candidate", "episode": 213}
{"stage": "candidate", "episode": 214}
{"stage": "candidate", "episode": 215}
{"stage": "candidate", "episode": 216}
{"stage": "candidate", "episode": 217}
{"stage": "candidate", "episode": 218}
{"stage": "candidate", "episode": 219}
{"stage": "candidate", "episode": 220}
{"stage": "candidate", "episode": 221}
{"stage": "candidate", "episode": 222}
{"stage": "candidate", "episode": 223}
{"stage": "candidate", "episode": 224}
{"stage": "candidate", "episode": 225}
{"stage": "candidate", "episode": 226}
{"stage": "candidate", "episode": 227}
{"stage": "candidate", "episode": 228}
{"stage": "candidate", "episode": 229}
{"stage": "candidate", "episode": 230}
{"stage": "candidate", "episode": 231}
{"stage": "candidate", "episode": 232}
{"stage": "candidate", "episode": 233}
{"stage": "candidate", "episode": 234}
{"stage": "candidate", "episode": 235}
{"stage": "candidate", "episode": 236}
{"stage": "candidate", "episode": 237}
{"stage": "candidate", "episode": 238}
{"stage": "candidate", "episode": 239}
{"stage": "candidate", "episode": 240}
{"stage": "candidate", "episode": 241}
{"stage": "candidate", "episode": 242}
{"stage": "candidate", "episode": 243}
{"stage": "candidate", "episode": 244}
{"stage": "candidate", "episode": 245}
{"stage": "candidate", "episode": 246}
{"stage": "candidate", "episode": 247}
{"stage": "candidate", "episode": 248}
{"stage": "candidate", "episode": 249}
{"stage": "candidate", "episode": 250}
{"stage": "candidate", "episode": 251}
{"stage": "candidate", "episode": 252}
{"stage": "candidate", "episode": 253}
{"stage": "candidate", "episode": 254}
{"stage": "candidate", "episode": 255}
{"stage": "candidate", "episode": 256}
{"stage": "candidate", "episode": 257}
{"stage": "candidate", "episode": 258}
{"stage": "candidate", "episode": 259}
{"stage": "candidate", "episode": 260}
{"stage": "candidate", "episode": 261}
{"stage": "candidate", "episode": 262}
{"stage": "candidate", "episode": 263}
{"stage": "candidate", "episode": 264}
{"stage": "candidate", "episode": 265}
{"stage": "candidate", "episode": 266}
{"stage": "candidate", "episode": 267}
{"stage": "candidate", "episode": 268}
{"stage": "candidate", "episode": 269}
{"stage": "candidate", "episode": 270}
{"stage": "candidate", "episode": 271}
{"stage": "candidate", "episode": 272}
{"stage": "candidate", "episode": 273}
{"stage": "candidate", "episode": 274}
{"stage": "candidate", "episode": 275}
{"stage": "candidate", "episode": 276}
{"stage": "candidate", "episode": 277}
{"stage": "candidate", "episode": 278}
{"stage": "candidate", "episode": 279}
{"stage": "candidate", "episode": 280}
{"stage": "candidate", "episode": 281}
{"stage": "candidate", "episode": 282}
{"stage": "candidate", "episode": 283}
{"stage": "candidate", "episode": 284}
{"stage": "candidate", "episode": 285}
{"stage": "candidate", "episode": 286}
{"stage": "candidate", "episode": 287}
{"stage": "candidate", "episode": 288}
{"stage": "candidate", "episode": 289}
{"stage": "candidate", "episode": 290}
{"stage": "candidate", "episode": 291}
{"stage": "candidate", "episode": 292}
{"stage": "candidate", "episode": 293}
{"stage": "candidate", "episode": 294}
{"stage": "candidate", "episode": 295}
{"stage": "candidate", "episode": 296}
{"stage": "candidate", "episode": 297}
{"stage": "candidate", "episode": 298}
{"stage": "candidate", "episode": 299}
{"stage": "candidate", "episode": 300}
{"stage": "candidate", "episode": 301}
{"stage": "candidate", "episode": 302}
{"stage": "candidate", "episode": 303}
{"stage": "candidate", "episode": 304}
{"stage": "candidate", "episode": 305}
{"stage": "candidate", "episode": 306}
{"stage": "candidate", "episode": 307}
{"stage": "candidate", "episode": 308}
{"stage": "candidate", "episode": 309}
{"stage": "candidate", "episode": 310}
{"stage": "candidate", "episode": 311}
{"stage": "candidate", "episode": 312}
{"stage": "candidate", "episode": 313}
{"stage": "candidate", "episode": 314}
{"stage": "candidate", "episode": 315}
{"stage": "candidate", "episode": 316}
{"stage": "candidate", "episode": 317}
{"stage": "candidate", "episode": 318}
{"stage": "candidate", "episode": 319}
{"stage": "candidate", "episode": 320}
{"stage": "candidate", "episode": 321}
{"stage": "candidate", "episode": 322}
{"stage": "candidate", "episode": 323}
{"stage": "candidate", "episode": 324}
{"stage": "candidate", "episode": 325}
{"stage": "candidate", "episode": 326}
{"stage": "candidate", "episode": 327}
{"stage": "candidate", "episode": 328}
{"stage": "candidate", "episode": 329}
{"stage": "candidate", "episode": 330}
{"stage": "candidate", "episode": 331}
{"stage": "candidate", "episode": 332}
{"stage": "candidate", "episode": 333}
{"stage": "candidate", "episode": 334}
{"stage": "candidate", "episode": 335}
{"stage": "candidate", "episode": 336}
{"stage": "candidate", "episode": 337}
{"stage": "candidate", "episode": 338}
{"stage": "candidate", "episode": 339}
{"stage": "candidate", "episode": 340}
{"stage": "candidate", "episode": 341}
{"stage": "candidate", "episode": 342}
{"stage": "candidate", "episode": 343}
{"stage": "candidate", "episode": 344}
{"stage": "candidate", "episode": 345}
{"stage": "candidate", "episode": 346}
{"stage": "candidate", "episode": 347}
{"stage": "candidate", "episode": 348}
{"stage": "candidate", "episode": 349}
{"stage": "candidate", "episode": 350}
{"stage": "candidate", "episode": 351}
{"stage": "candidate", "episode": 352}
{"stage": "candidate", "episode": 353}
{"stage": "candidate", "episode": 354}
{"stage": "candidate", "episode": 355}
{"stage": "candidate", "episode": 356}
{"stage": "candidate", "episode": 357}
{"stage": "candidate", "episode": 358}
{"stage": "candidate", "episode": 359}
{"stage": "candidate", "episode": 360}
{"stage": "candidate", "episode": 361}
{"stage": "candidate", "episode": 362}
{"stage": "candidate", "episode": 363}
{"stage": "candidate", "episode": 364}
{"stage": "candidate", "episode": 365}
{"stage": "candidate", "episode": 366}
{"stage": "candidate", "episode": 367}
{"stage": "candidate", "episode": 368}
{"stage": "candidate", "episode": 369}
{"stage": "candidate", "episode": 370}
{"stage": "candidate", "episode": 371}
{"stage": "candidate", "episode": 372}
{"stage": "candidate", "episode": 373}
{"stage": "candidate", "episode": 374}
{"stage": "candidate", "episode": 375}
{"stage": "candidate", "episode": 376}
{"stage": "candidate", "episode": 377}
{"stage": "candidate", "episode": 378}
{"stage": "candidate", "episode": 379}
{"stage": "candidate", "episode": 380}
{"stage": "candidate", "episode": 381}
{"stage": "candidate", "episode": 382}
{"stage": "candidate", "episode": 383}
{"stage": "candidate", "episode": 384}
{"stage": "candidate", "episode": 385}
{"stage": "candidate", "episode": 386}
{"stage": "candidate", "episode": 387}
{"stage": "candidate", "episode": 388}
{"stage": "candidate", "episode": 389}
{"stage": "candidate", "episode": 390}
{"stage": "candidate", "episode": 391}
{"stage": "candidate", "episode": 392}
{"stage": "candidate", "episode": 393}
{"stage": "candidate", "episode": 394}
{"stage": "candidate", "episode": 395}
{"stage": "candidate", "episode": 396}
{"stage": "candidate", "episode": 397}
{"stage": "candidate", "episode": 398}
{"stage": "candidate", "episode": 399}
{"stage": "candidate", "episode": 400}
{"stage": "candidate", "episode": 401}
{"stage": "candidate", "episode": 402}
{"stage": "candidate", "episode": 403}
{"stage": "candidate", "episode": 404}
{"stage": "candidate", "episode": 405}
{"stage": "candidate", "episode": 406}
{"stage": "candidate", "episode": 407}
{"stage": "candidate", "episode": 408}
{"stage": "candidate", "episode": 409}
{"stage": "candidate", "episode": 410}
{"stage": "candidate", "episode": 411}
{"stage": "candidate", "episode": 412}
{"stage": "candidate", "episode": 413}
{"stage": "candidate", "episode": 414}
{"stage": "candidate", "episode": 415}
{"stage": "candidate", "episode": 416}
{"stage": "candidate", "episode": 417}
{"stage": "candidate", "episode": 418}
{"stage": "candidate", "episode": 419}
{"stage": "candidate", "episode": 420}
{"stage": "candidate", "episode": 421}
{"stage": "candidate", "episode": 422}
{"stage": "candidate", "episode": 423}
{"stage": "candidate", "episode": 424}
{"stage": "candidate", "episode": 425}
{"stage": "candidate", "episode": 426}
{"stage": "candidate", "episode": 427}
{"stage": "candidate", "episode": 428}
{"stage": "candidate", "episode": 429}
{"stage": "candidate", "episode": 430}
{"stage": "candidate", "episode": 431}
{"stage": "candidate", "episode": 432}
{"stage": "candidate", "episode": 433}
{"stage": "candidate", "episode": 434}
{"stage": "candidate", "episode": 435}
{"stage": "candidate", "episode": 436}
{"stage": "candidate", "episode": 437}
{"stage": "candidate", "episode": 438}
{"stage": "candidate", "episode": 439}
{"stage": "candidate", "episode": 440}
{"stage": "candidate", "episode": 441}
{"stage": "candidate", "episode": 442}
{"stage": "candidate", "episode": 443}
{"stage": "candidate", "episode": 444}
{"stage": "candidate", "episode": 445}
{"stage": "candidate", "episode": 446}
{"stage": "candidate", "episode": 447}
{"stage": "candidate", "episode": 448}
{"stage": "candidate", "episode": 449}
{"stage": "candidate", "episode": 450}
{"stage": "candidate", "episode": 451}
{"stage": "candidate", "episode": 452}
{"stage": "candidate", "episode": 453}
{"stage": "candidate", "episode": 454}
{"stage": "candidate", "episode": 455}
{"stage": "candidate", "episode": 456}
{"stage": "candidate", "episode": 457}
{"stage": "candidate", "episode": 458}
{"stage": "candidate", "episode": 459}
{"stage": "candidate", "episode": 460}
{"stage": "candidate", "episode": 461}
{"stage": "candidate", "episode": 462}
{"stage": "candidate", "episode": 463}
{"stage": "candidate", "episode": 464}
{"stage": "candidate", "episode": 465}
{"stage": "candidate", "episode": 466}
{"stage": "candidate", "episode": 467}
{"stage": "candidate", "episode": 468}
{"stage": "candidate", "episode": 469}
{"stage": "candidate", "episode": 470}
{"stage": "candidate", "episode": 471}
{"stage": "candidate", "episode": 472}
{"stage": "candidate", "episode": 473}
{"stage": "candidate", "episode": 474}
{"stage": "candidate", "episode": 475}
{"stage": "candidate", "episode": 476}
{"stage": "candidate", "episode": 477}
{"stage": "candidate", "episode": 478}
{"stage": "candidate", "episode": 479}
[autodl] finished_at=2026-09-14T18:19:33+08:00
[autodl] exit_code=0
