[autodl] run_id=20260913-045756-taisp-t013e-deterministic-replay-fixed
[autodl] started_at=2026-09-13T04:58:00+08:00
.............s..s.........s....s..s......s......s....................... [ 64%]
....s..s..............................s                                  [100%]
=============================== warnings summary ===============================
tests/test_demo.py::test_cuda_demo_matches_cpu
tests/test_gradient_conflict.py::test_independent_copies_literal_sgd_and_centered_energy
  /home/wenchang/anaconda3/envs/python3.12-tk2-2.3/lib/python3.12/site-packages/torch/cuda/__init__.py:654: UserWarning: Can't initialize NVML
    warnings.warn("Can't initialize NVML")

tests/test_gradient_conflict.py::test_independent_copies_literal_sgd_and_centered_energy
  <frozen importlib._bootstrap>:488: DeprecationWarning: Type google._upb._message.MessageMapContainer uses PyType_Spec with a metaclass that has custom tp_new. This is deprecated and will no longer be allowed in Python 3.14.

tests/test_gradient_conflict.py::test_independent_copies_literal_sgd_and_centered_energy
  <frozen importlib._bootstrap>:488: DeprecationWarning: Type google._upb._message.ScalarMapContainer uses PyType_Spec with a metaclass that has custom tp_new. This is deprecated and will no longer be allowed in Python 3.14.

-- Docs: https://docs.pytest.org/en/stable/how-to/capture-warnings.html
101 passed, 10 skipped, 4 warnings in 5.83s
/home/wenchang/anaconda3/envs/python3.12-tk2-2.3/lib/python3.12/site-packages/torch/cuda/__init__.py:654: UserWarning: Can't initialize NVML
  warnings.warn("Can't initialize NVML")
/home/liujianhua/wjq/TAISP/.venv/lib/python3.12/site-packages/transformers/tokenization_utils_base.py:1601: FutureWarning: `clean_up_tokenization_spaces` was not set. It will be set to `True` by default. This behavior will be depracted in transformers v4.45, and will be then set to `False` by default. For more details check this issue: https://github.com/huggingface/transformers/issues/31884
  warnings.warn(
/home/wenchang/anaconda3/envs/python3.12-tk2-2.3/lib/python3.12/site-packages/torch/cuda/__init__.py:654: UserWarning: Can't initialize NVML
  warnings.warn("Can't initialize NVML")
/home/wenchang/anaconda3/envs/python3.12-tk2-2.3/lib/python3.12/site-packages/torch/cuda/__init__.py:654: UserWarning: Can't initialize NVML
  warnings.warn("Can't initialize NVML")
Traceback (most recent call last):
  File "<frozen runpy>", line 198, in _run_module_as_main
  File "<frozen runpy>", line 88, in _run_code
  File "/home/liujianhua/wjq/TAISP/releases/20260913-045732-taisp-t013e-eval-init/taisp/analysis/deterministic_replay.py", line 224, in <module>
    run({key:getattr(args,key) for key in PINS},args.control_root,args.control_manifest,args.output)
  File "/home/liujianhua/wjq/TAISP/releases/20260913-045732-taisp-t013e-eval-init/taisp/analysis/deterministic_replay.py", line 172, in run
    rows, pg, hg = evaluate(predictor,isp,source,clip,episodes,gradients=True)
                   ^^^^^^^^^^^^^^^^^^^^^^^^^^^^^^^^^^^^^^^^^^^^^^^^^^^^^^^^^^^
  File "/home/liujianhua/wjq/TAISP/releases/20260913-045732-taisp-t013e-eval-init/taisp/analysis/gradient_conflict.py", line 112, in evaluate
    result, loss, components = source_outer_episode(episode['image'], episode['targets'],
                               ^^^^^^^^^^^^^^^^^^^^^^^^^^^^^^^^^^^^^^^^^^^^^^^^^^^^^^^^^^
  File "/home/liujianhua/wjq/TAISP/releases/20260913-045732-taisp-t013e-eval-init/taisp/analysis/source_meta_smoke.py", line 25, in source_outer_episode
    result = adapt_from_initialization(image, isp, native, clip, initial)
             ^^^^^^^^^^^^^^^^^^^^^^^^^^^^^^^^^^^^^^^^^^^^^^^^^^^^^^^^^^^^
  File "/home/wenchang/anaconda3/envs/python3.12-tk2-2.3/lib/python3.12/site-packages/torch/utils/_contextlib.py", line 116, in decorate_context
    return func(*args, **kwargs)
           ^^^^^^^^^^^^^^^^^^^^^
  File "/home/liujianhua/wjq/TAISP/releases/20260913-045732-taisp-t013e-eval-init/taisp/training/initialization.py", line 21, in adapt_from_initialization
    return _adapt_radius(image, isp, detector_loss, clip_loss, steps=steps, lr=lr,
           ^^^^^^^^^^^^^^^^^^^^^^^^^^^^^^^^^^^^^^^^^^^^^^^^^^^^^^^^^^^^^^^^^^^^^^^
  File "/home/liujianhua/wjq/TAISP/releases/20260913-045732-taisp-t013e-eval-init/taisp/tta/trust_radius.py", line 42, in _adapt_radius
    gc = torch.autograd.grad(clip, probe)[0].detach()
         ^^^^^^^^^^^^^^^^^^^^^^^^^^^^^^^^
  File "/home/wenchang/anaconda3/envs/python3.12-tk2-2.3/lib/python3.12/site-packages/torch/autograd/__init__.py", line 436, in grad
    result = _engine_run_backward(
             ^^^^^^^^^^^^^^^^^^^^^
  File "/home/wenchang/anaconda3/envs/python3.12-tk2-2.3/lib/python3.12/site-packages/torch/autograd/graph.py", line 768, in _engine_run_backward
    return Variable._execution_engine.run_backward(  # Calls into the C++ engine to run the backward pass
           ^^^^^^^^^^^^^^^^^^^^^^^^^^^^^^^^^^^^^^^^^^^^^^^^^^^^^^^^^^^^^^^^^^^^^^^^^^^^^^^^^^^^^^^^^^^^^^
RuntimeError: upsample_bicubic2d_aa_backward_out_cuda does not have a deterministic implementation, but you set 'torch.use_deterministic_algorithms(True)'. You can turn off determinism just for this operation, or you can use the 'warn_only=True' option, if that's acceptable for your application. You can also file an issue at https://github.com/pytorch/pytorch/issues to help us prioritize adding deterministic support for this operation.
[autodl] finished_at=2026-09-13T04:58:30+08:00
[autodl] exit_code=1
