[autodl] run_id=20260914-191144-taisp-t033a-candidates600
[autodl] started_at=2026-09-14T19:11:48+08:00
/home/wenchang/anaconda3/envs/python3.12-tk2-2.3/lib/python3.12/site-packages/torch/cuda/__init__.py:654: UserWarning: Can't initialize NVML
  warnings.warn("Can't initialize NVML")
{"stage": "candidate", "episode": 0, "supports": 12}
{"stage": "candidate", "episode": 1, "supports": 8}
{"stage": "candidate", "episode": 2, "supports": 14}
{"stage": "candidate", "episode": 3, "supports": 10}
{"stage": "candidate", "episode": 4, "supports": 1}
{"stage": "candidate", "episode": 5, "supports": 2}
{"stage": "candidate", "episode": 6, "supports": 9}
{"stage": "candidate", "episode": 7, "supports": 8}
{"stage": "candidate", "episode": 8, "supports": 4}
{"stage": "candidate", "episode": 9, "supports": 3}
{"stage": "candidate", "episode": 10, "supports": 2}
{"stage": "candidate", "episode": 11, "supports": 3}
{"stage": "candidate", "episode": 12, "supports": 17}
{"stage": "candidate", "episode": 13, "supports": 19}
{"stage": "candidate", "episode": 14, "supports": 11}
{"stage": "candidate", "episode": 15, "supports": 10}
{"stage": "candidate", "episode": 16, "supports": 6}
{"stage": "candidate", "episode": 17, "supports": 8}
{"stage": "candidate", "episode": 18, "supports": 2}
{"stage": "candidate", "episode": 19, "supports": 2}
{"stage": "candidate", "episode": 20, "supports": 2}
{"stage": "candidate", "episode": 21, "supports": 1}
{"stage": "candidate", "episode": 22, "supports": 13}
{"stage": "candidate", "episode": 23, "supports": 9}
{"stage": "candidate", "episode": 24, "supports": 2}
{"stage": "candidate", "episode": 25, "supports": 2}
{"stage": "candidate", "episode": 26, "supports": 10}
{"stage": "candidate", "episode": 27, "supports": 10}
{"stage": "candidate", "episode": 28, "supports": 7}
{"stage": "candidate", "episode": 29, "supports": 5}
{"stage": "candidate", "episode": 30, "supports": 7}
{"stage": "candidate", "episode": 31, "supports": 8}
{"stage": "candidate", "episode": 32, "supports": 1}
{"stage": "candidate", "episode": 33, "supports": 1}
{"stage": "candidate", "episode": 34, "supports": 6}
{"stage": "candidate", "episode": 35, "supports": 6}
{"stage": "candidate", "episode": 36, "supports": 20}
{"stage": "candidate", "episode": 37, "supports": 20}
{"stage": "candidate", "episode": 38, "supports": 20}
{"stage": "candidate", "episode": 39, "supports": 3}
{"stage": "candidate", "episode": 40, "supports": 2}
{"stage": "candidate", "episode": 41, "supports": 2}
{"stage": "candidate", "episode": 42, "supports": 3}
{"stage": "candidate", "episode": 43, "supports": 2}
{"stage": "candidate", "episode": 44, "supports": 7}
{"stage": "candidate", "episode": 45, "supports": 4}
{"stage": "candidate", "episode": 46, "supports": 15}
{"stage": "candidate", "episode": 47, "supports": 12}
{"stage": "candidate", "episode": 48, "supports": 2}
{"stage": "candidate", "episode": 49, "supports": 3}
{"stage": "candidate", "episode": 50, "supports": 9}
{"stage": "candidate", "episode": 51, "supports": 5}
{"stage": "candidate", "episode": 52, "supports": 9}
{"stage": "candidate", "episode": 53, "supports": 9}
{"stage": "candidate", "episode": 54, "supports": 2}
{"stage": "candidate", "episode": 55, "supports": 3}
{"stage": "candidate", "episode": 56, "supports": 2}
{"stage": "candidate", "episode": 57, "supports": 3}
{"stage": "candidate", "episode": 58, "supports": 8}
{"stage": "candidate", "episode": 59, "supports": 7}
{"stage": "candidate", "episode": 60, "supports": 2}
{"stage": "candidate", "episode": 61, "supports": 3}
{"stage": "candidate", "episode": 62, "supports": 15}
{"stage": "candidate", "episode": 63, "supports": 11}
{"stage": "candidate", "episode": 64, "supports": 3}
{"stage": "candidate", "episode": 65, "supports": 3}
{"stage": "candidate", "episode": 66, "supports": 2}
{"stage": "candidate", "episode": 67, "supports": 2}
{"stage": "candidate", "episode": 68, "supports": 12}
{"stage": "candidate", "episode": 69, "supports": 5}
{"stage": "candidate", "episode": 70, "supports": 2}
{"stage": "candidate", "episode": 71, "supports": 2}
{"stage": "candidate", "episode": 72, "supports": 3}
{"stage": "candidate", "episode": 73, "supports": 7}
{"stage": "candidate", "episode": 74, "supports": 4}
{"stage": "candidate", "episode": 75, "supports": 3}
{"stage": "candidate", "episode": 76, "supports": 19}
{"stage": "candidate", "episode": 77, "supports": 20}
{"stage": "candidate", "episode": 78, "supports": 2}
{"stage": "candidate", "episode": 79, "supports": 2}
{"stage": "candidate", "episode": 80, "supports": 15}
{"stage": "candidate", "episode": 81, "supports": 9}
{"stage": "candidate", "episode": 82, "supports": 6}
{"stage": "candidate", "episode": 83, "supports": 7}
{"stage": "candidate", "episode": 84, "supports": 16}
{"stage": "candidate", "episode": 85, "supports": 12}
{"stage": "candidate", "episode": 86, "supports": 10}
{"stage": "candidate", "episode": 87, "supports": 8}
{"stage": "candidate", "episode": 88, "supports": 8}
{"stage": "candidate", "episode": 89, "supports": 6}
{"stage": "candidate", "episode": 90, "supports": 12}
{"stage": "candidate", "episode": 91, "supports": 12}
{"stage": "candidate", "episode": 92, "supports": 20}
{"stage": "candidate", "episode": 93, "supports": 9}
{"stage": "candidate", "episode": 94, "supports": 3}
{"stage": "candidate", "episode": 95, "supports": 3}
{"stage": "candidate", "episode": 96, "supports": 7}
{"stage": "candidate", "episode": 97, "supports": 6}
{"stage": "candidate", "episode": 98, "supports": 4}
{"stage": "candidate", "episode": 99, "supports": 3}
{"stage": "candidate", "episode": 100, "supports": 5}
{"stage": "candidate", "episode": 101, "supports": 5}
{"stage": "candidate", "episode": 102, "supports": 15}
{"stage": "candidate", "episode": 103, "supports": 16}
{"stage": "candidate", "episode": 104, "supports": 10}
{"stage": "candidate", "episode": 105, "supports": 1}
{"stage": "candidate", "episode": 106, "supports": 1}
{"stage": "candidate", "episode": 107, "supports": 1}
{"stage": "candidate", "episode": 108, "supports": 11}
{"stage": "candidate", "episode": 109, "supports": 10}
{"stage": "candidate", "episode": 110, "supports": 20}
{"stage": "candidate", "episode": 111, "supports": 18}
{"stage": "candidate", "episode": 112, "supports": 16}
{"stage": "candidate", "episode": 113, "supports": 17}
{"stage": "candidate", "episode": 114, "supports": 8}
{"stage": "candidate", "episode": 115, "supports": 7}
{"stage": "candidate", "episode": 116, "supports": 4}
{"stage": "candidate", "episode": 117, "supports": 3}
{"stage": "candidate", "episode": 118, "supports": 20}
{"stage": "candidate", "episode": 119, "supports": 20}
{"stage": "candidate", "episode": 120, "supports": 18}
{"stage": "candidate", "episode": 121, "supports": 14}
{"stage": "candidate", "episode": 122, "supports": 14}
{"stage": "candidate", "episode": 123, "supports": 8}
{"stage": "candidate", "episode": 124, "supports": 20}
{"stage": "candidate", "episode": 125, "supports": 15}
{"stage": "candidate", "episode": 126, "supports": 17}
{"stage": "candidate", "episode": 127, "supports": 9}
{"stage": "candidate", "episode": 128, "supports": 2}
{"stage": "candidate", "episode": 129, "supports": 1}
{"stage": "candidate", "episode": 130, "supports": 20}
{"stage": "candidate", "episode": 131, "supports": 20}
{"stage": "candidate", "episode": 132, "supports": 10}
{"stage": "candidate", "episode": 133, "supports": 8}
{"stage": "candidate", "episode": 134, "supports": 8}
{"stage": "candidate", "episode": 135, "supports": 7}
{"stage": "candidate", "episode": 136, "supports": 2}
{"stage": "candidate", "episode": 137, "supports": 3}
{"stage": "candidate", "episode": 138, "supports": 14}
{"stage": "candidate", "episode": 139, "supports": 15}
{"stage": "candidate", "episode": 140, "supports": 15}
{"stage": "candidate", "episode": 141, "supports": 16}
{"stage": "candidate", "episode": 142, "supports": 2}
{"stage": "candidate", "episode": 143, "supports": 2}
{"stage": "candidate", "episode": 144, "supports": 5}
{"stage": "candidate", "episode": 145, "supports": 7}
{"stage": "candidate", "episode": 146, "supports": 13}
{"stage": "candidate", "episode": 147, "supports": 10}
{"stage": "candidate", "episode": 148, "supports": 20}
{"stage": "candidate", "episode": 149, "supports": 20}
{"stage": "candidate", "episode": 150, "supports": 3}
{"stage": "candidate", "episode": 151, "supports": 3}
{"stage": "candidate", "episode": 152, "supports": 11}
{"stage": "candidate", "episode": 153, "supports": 5}
{"stage": "candidate", "episode": 154, "supports": 10}
{"stage": "candidate", "episode": 155, "supports": 11}
{"stage": "candidate", "episode": 156, "supports": 12}
{"stage": "candidate", "episode": 157, "supports": 12}
{"stage": "candidate", "episode": 158, "supports": 4}
{"stage": "candidate", "episode": 159, "supports": 3}
{"stage": "candidate", "episode": 160, "supports": 11}
{"stage": "candidate", "episode": 161, "supports": 8}
{"stage": "candidate", "episode": 162, "supports": 2}
{"stage": "candidate", "episode": 163, "supports": 2}
{"stage": "candidate", "episode": 164, "supports": 8}
{"stage": "candidate", "episode": 165, "supports": 4}
{"stage": "candidate", "episode": 166, "supports": 3}
{"stage": "candidate", "episode": 167, "supports": 3}
{"stage": "candidate", "episode": 168, "supports": 2}
{"stage": "candidate", "episode": 169, "supports": 2}
{"stage": "candidate", "episode": 170, "supports": 2}
{"stage": "candidate", "episode": 171, "supports": 3}
{"stage": "candidate", "episode": 172, "supports": 6}
{"stage": "candidate", "episode": 173, "supports": 4}
{"stage": "candidate", "episode": 174, "supports": 5}
{"stage": "candidate", "episode": 175, "supports": 4}
{"stage": "candidate", "episode": 176, "supports": 16}
{"stage": "candidate", "episode": 177, "supports": 10}
{"stage": "candidate", "episode": 178, "supports": 2}
{"stage": "candidate", "episode": 179, "supports": 4}
{"stage": "candidate", "episode": 180, "supports": 5}
{"stage": "candidate", "episode": 181, "supports": 6}
{"stage": "candidate", "episode": 182, "supports": 1}
{"stage": "candidate", "episode": 183, "supports": 1}
{"stage": "candidate", "episode": 184, "supports": 7}
{"stage": "candidate", "episode": 185, "supports": 7}
{"stage": "candidate", "episode": 186, "supports": 20}
{"stage": "candidate", "episode": 187, "supports": 20}
{"stage": "candidate", "episode": 188, "supports": 6}
{"stage": "candidate", "episode": 189, "supports": 6}
{"stage": "candidate", "episode": 190, "supports": 1}
{"stage": "candidate", "episode": 191, "supports": 1}
{"stage": "candidate", "episode": 192, "supports": 3}
{"stage": "candidate", "episode": 193, "supports": 2}
{"stage": "candidate", "episode": 194, "supports": 13}
{"stage": "candidate", "episode": 195, "supports": 9}
{"stage": "candidate", "episode": 196, "supports": 6}
{"stage": "candidate", "episode": 197, "supports": 5}
{"stage": "candidate", "episode": 198, "supports": 13}
{"stage": "candidate", "episode": 199, "supports": 14}
{"stage": "candidate", "episode": 200, "supports": 10}
{"stage": "candidate", "episode": 201, "supports": 5}
{"stage": "candidate", "episode": 202, "supports": 1}
{"stage": "candidate", "episode": 203, "supports": 3}
{"stage": "candidate", "episode": 204, "supports": 4}
{"stage": "candidate", "episode": 205, "supports": 3}
{"stage": "candidate", "episode": 206, "supports": 8}
{"stage": "candidate", "episode": 207, "supports": 5}
{"stage": "candidate", "episode": 208, "supports": 4}
{"stage": "candidate", "episode": 209, "supports": 3}
{"stage": "candidate", "episode": 210, "supports": 3}
{"stage": "candidate", "episode": 211, "supports": 4}
{"stage": "candidate", "episode": 212, "supports": 2}
{"stage": "candidate", "episode": 213, "supports": 0}
{"stage": "candidate", "episode": 214, "supports": 6}
{"stage": "candidate", "episode": 215, "supports": 6}
{"stage": "candidate", "episode": 216, "supports": 18}
{"stage": "candidate", "episode": 217, "supports": 16}
{"stage": "candidate", "episode": 218, "supports": 3}
{"stage": "candidate", "episode": 219, "supports": 2}
{"stage": "candidate", "episode": 220, "supports": 6}
{"stage": "candidate", "episode": 221, "supports": 10}
{"stage": "candidate", "episode": 222, "supports": 17}
{"stage": "candidate", "episode": 223, "supports": 6}
{"stage": "candidate", "episode": 224, "supports": 8}
{"stage": "candidate", "episode": 225, "supports": 1}
{"stage": "candidate", "episode": 226, "supports": 20}
{"stage": "candidate", "episode": 227, "supports": 20}
{"stage": "candidate", "episode": 228, "supports": 5}
{"stage": "candidate", "episode": 229, "supports": 4}
{"stage": "candidate", "episode": 230, "supports": 17}
{"stage": "candidate", "episode": 231, "supports": 18}
{"stage": "candidate", "episode": 232, "supports": 6}
{"stage": "candidate", "episode": 233, "supports": 6}
{"stage": "candidate", "episode": 234, "supports": 5}
{"stage": "candidate", "episode": 235, "supports": 5}
{"stage": "candidate", "episode": 236, "supports": 17}
{"stage": "candidate", "episode": 237, "supports": 6}
{"stage": "candidate", "episode": 238, "supports": 2}
{"stage": "candidate", "episode": 239, "supports": 2}
{"stage": "candidate", "episode": 240, "supports": 20}
{"stage": "candidate", "episode": 241, "supports": 20}
{"stage": "candidate", "episode": 242, "supports": 3}
{"stage": "candidate", "episode": 243, "supports": 5}
{"stage": "candidate", "episode": 244, "supports": 4}
{"stage": "candidate", "episode": 245, "supports": 4}
{"stage": "candidate", "episode": 246, "supports": 4}
{"stage": "candidate", "episode": 247, "supports": 4}
{"stage": "candidate", "episode": 248, "supports": 6}
{"stage": "candidate", "episode": 249, "supports": 7}
{"stage": "candidate", "episode": 250, "supports": 20}
{"stage": "candidate", "episode": 251, "supports": 20}
{"stage": "candidate", "episode": 252, "supports": 7}
{"stage": "candidate", "episode": 253, "supports": 6}
{"stage": "candidate", "episode": 254, "supports": 13}
{"stage": "candidate", "episode": 255, "supports": 8}
{"stage": "candidate", "episode": 256, "supports": 4}
{"stage": "candidate", "episode": 257, "supports": 4}
{"stage": "candidate", "episode": 258, "supports": 3}
{"stage": "candidate", "episode": 259, "supports": 3}
{"stage": "candidate", "episode": 260, "supports": 11}
{"stage": "candidate", "episode": 261, "supports": 6}
{"stage": "candidate", "episode": 262, "supports": 8}
{"stage": "candidate", "episode": 263, "supports": 6}
{"stage": "candidate", "episode": 264, "supports": 7}
{"stage": "candidate", "episode": 265, "supports": 4}
{"stage": "candidate", "episode": 266, "supports": 1}
{"stage": "candidate", "episode": 267, "supports": 1}
{"stage": "candidate", "episode": 268, "supports": 14}
{"stage": "candidate", "episode": 269, "supports": 14}
{"stage": "candidate", "episode": 270, "supports": 3}
{"stage": "candidate", "episode": 271, "supports": 4}
{"stage": "candidate", "episode": 272, "supports": 2}
{"stage": "candidate", "episode": 273, "supports": 1}
{"stage": "candidate", "episode": 274, "supports": 8}
{"stage": "candidate", "episode": 275, "supports": 12}
{"stage": "candidate", "episode": 276, "supports": 3}
{"stage": "candidate", "episode": 277, "supports": 2}
{"stage": "candidate", "episode": 278, "supports": 4}
{"stage": "candidate", "episode": 279, "supports": 4}
{"stage": "candidate", "episode": 280, "supports": 2}
{"stage": "candidate", "episode": 281, "supports": 1}
{"stage": "candidate", "episode": 282, "supports": 11}
{"stage": "candidate", "episode": 283, "supports": 12}
{"stage": "candidate", "episode": 284, "supports": 5}
{"stage": "candidate", "episode": 285, "supports": 4}
{"stage": "candidate", "episode": 286, "supports": 7}
{"stage": "candidate", "episode": 287, "supports": 3}
{"stage": "candidate", "episode": 288, "supports": 3}
{"stage": "candidate", "episode": 289, "supports": 3}
{"stage": "candidate", "episode": 290, "supports": 2}
{"stage": "candidate", "episode": 291, "supports": 2}
{"stage": "candidate", "episode": 292, "supports": 15}
{"stage": "candidate", "episode": 293, "supports": 15}
{"stage": "candidate", "episode": 294, "supports": 6}
{"stage": "candidate", "episode": 295, "supports": 5}
{"stage": "candidate", "episode": 296, "supports": 3}
{"stage": "candidate", "episode": 297, "supports": 3}
{"stage": "candidate", "episode": 298, "supports": 2}
{"stage": "candidate", "episode": 299, "supports": 2}
{"stage": "candidate", "episode": 300, "supports": 3}
{"stage": "candidate", "episode": 301, "supports": 2}
{"stage": "candidate", "episode": 302, "supports": 5}
{"stage": "candidate", "episode": 303, "supports": 5}
{"stage": "candidate", "episode": 304, "supports": 3}
{"stage": "candidate", "episode": 305, "supports": 4}
{"stage": "candidate", "episode": 306, "supports": 3}
{"stage": "candidate", "episode": 307, "supports": 4}
{"stage": "candidate", "episode": 308, "supports": 5}
{"stage": "candidate", "episode": 309, "supports": 3}
{"stage": "candidate", "episode": 310, "supports": 20}
{"stage": "candidate", "episode": 311, "supports": 20}
{"stage": "candidate", "episode": 312, "supports": 3}
{"stage": "candidate", "episode": 313, "supports": 2}
{"stage": "candidate", "episode": 314, "supports": 20}
{"stage": "candidate", "episode": 315, "supports": 20}
{"stage": "candidate", "episode": 316, "supports": 7}
{"stage": "candidate", "episode": 317, "supports": 6}
{"stage": "candidate", "episode": 318, "supports": 2}
{"stage": "candidate", "episode": 319, "supports": 3}
{"stage": "candidate", "episode": 320, "supports": 0}
{"stage": "candidate", "episode": 321, "supports": 0}
{"stage": "candidate", "episode": 322, "supports": 10}
{"stage": "candidate", "episode": 323, "supports": 9}
{"stage": "candidate", "episode": 324, "supports": 15}
{"stage": "candidate", "episode": 325, "supports": 16}
{"stage": "candidate", "episode": 326, "supports": 2}
{"stage": "candidate", "episode": 327, "supports": 1}
{"stage": "candidate", "episode": 328, "supports": 19}
{"stage": "candidate", "episode": 329, "supports": 16}
{"stage": "candidate", "episode": 330, "supports": 7}
{"stage": "candidate", "episode": 331, "supports": 6}
{"stage": "candidate", "episode": 332, "supports": 4}
{"stage": "candidate", "episode": 333, "supports": 5}
{"stage": "candidate", "episode": 334, "supports": 5}
{"stage": "candidate", "episode": 335, "supports": 5}
{"stage": "candidate", "episode": 336, "supports": 4}
{"stage": "candidate", "episode": 337, "supports": 1}
{"stage": "candidate", "episode": 338, "supports": 3}
{"stage": "candidate", "episode": 339, "supports": 1}
{"stage": "candidate", "episode": 340, "supports": 20}
{"stage": "candidate", "episode": 341, "supports": 20}
{"stage": "candidate", "episode": 342, "supports": 3}
{"stage": "candidate", "episode": 343, "supports": 4}
{"stage": "candidate", "episode": 344, "supports": 5}
{"stage": "candidate", "episode": 345, "supports": 2}
{"stage": "candidate", "episode": 346, "supports": 2}
{"stage": "candidate", "episode": 347, "supports": 2}
{"stage": "candidate", "episode": 348, "supports": 6}
{"stage": "candidate", "episode": 349, "supports": 7}
{"stage": "candidate", "episode": 350, "supports": 2}
{"stage": "candidate", "episode": 351, "supports": 2}
{"stage": "candidate", "episode": 352, "supports": 3}
{"stage": "candidate", "episode": 353, "supports": 2}
{"stage": "candidate", "episode": 354, "supports": 8}
{"stage": "candidate", "episode": 355, "supports": 8}
{"stage": "candidate", "episode": 356, "supports": 2}
{"stage": "candidate", "episode": 357, "supports": 2}
{"stage": "candidate", "episode": 358, "supports": 20}
{"stage": "candidate", "episode": 359, "supports": 20}
{"stage": "candidate", "episode": 360, "supports": 5}
{"stage": "candidate", "episode": 361, "supports": 5}
{"stage": "candidate", "episode": 362, "supports": 8}
{"stage": "candidate", "episode": 363, "supports": 6}
{"stage": "candidate", "episode": 364, "supports": 9}
{"stage": "candidate", "episode": 365, "supports": 8}
{"stage": "candidate", "episode": 366, "supports": 2}
{"stage": "candidate", "episode": 367, "supports": 2}
{"stage": "candidate", "episode": 368, "supports": 12}
{"stage": "candidate", "episode": 369, "supports": 5}
{"stage": "candidate", "episode": 370, "supports": 13}
{"stage": "candidate", "episode": 371, "supports": 14}
{"stage": "candidate", "episode": 372, "supports": 14}
{"stage": "candidate", "episode": 373, "supports": 12}
{"stage": "candidate", "episode": 374, "supports": 2}
{"stage": "candidate", "episode": 375, "supports": 3}
{"stage": "candidate", "episode": 376, "supports": 20}
{"stage": "candidate", "episode": 377, "supports": 16}
{"stage": "candidate", "episode": 378, "supports": 3}
{"stage": "candidate", "episode": 379, "supports": 3}
{"stage": "candidate", "episode": 380, "supports": 8}
{"stage": "candidate", "episode": 381, "supports": 4}
{"stage": "candidate", "episode": 382, "supports": 3}
{"stage": "candidate", "episode": 383, "supports": 3}
{"stage": "candidate", "episode": 384, "supports": 14}
{"stage": "candidate", "episode": 385, "supports": 9}
{"stage": "candidate", "episode": 386, "supports": 8}
{"stage": "candidate", "episode": 387, "supports": 6}
{"stage": "candidate", "episode": 388, "supports": 2}
{"stage": "candidate", "episode": 389, "supports": 2}
{"stage": "candidate", "episode": 390, "supports": 4}
{"stage": "candidate", "episode": 391, "supports": 7}
{"stage": "candidate", "episode": 392, "supports": 3}
{"stage": "candidate", "episode": 393, "supports": 3}
{"stage": "candidate", "episode": 394, "supports": 9}
{"stage": "candidate", "episode": 395, "supports": 10}
{"stage": "candidate", "episode": 396, "supports": 4}
{"stage": "candidate", "episode": 397, "supports": 5}
{"stage": "candidate", "episode": 398, "supports": 19}
{"stage": "candidate", "episode": 399, "supports": 9}
{"stage": "candidate", "episode": 400, "supports": 10}
{"stage": "candidate", "episode": 401, "supports": 9}
{"stage": "candidate", "episode": 402, "supports": 3}
{"stage": "candidate", "episode": 403, "supports": 2}
{"stage": "candidate", "episode": 404, "supports": 5}
{"stage": "candidate", "episode": 405, "supports": 4}
{"stage": "candidate", "episode": 406, "supports": 6}
{"stage": "candidate", "episode": 407, "supports": 6}
{"stage": "candidate", "episode": 408, "supports": 4}
{"stage": "candidate", "episode": 409, "supports": 5}
{"stage": "candidate", "episode": 410, "supports": 3}
{"stage": "candidate", "episode": 411, "supports": 2}
{"stage": "candidate", "episode": 412, "supports": 8}
{"stage": "candidate", "episode": 413, "supports": 4}
{"stage": "candidate", "episode": 414, "supports": 18}
{"stage": "candidate", "episode": 415, "supports": 18}
{"stage": "candidate", "episode": 416, "supports": 4}
{"stage": "candidate", "episode": 417, "supports": 3}
{"stage": "candidate", "episode": 418, "supports": 6}
{"stage": "candidate", "episode": 419, "supports": 7}
{"stage": "candidate", "episode": 420, "supports": 8}
{"stage": "candidate", "episode": 421, "supports": 7}
{"stage": "candidate", "episode": 422, "supports": 5}
{"stage": "candidate", "episode": 423, "supports": 2}
{"stage": "candidate", "episode": 424, "supports": 10}
{"stage": "candidate", "episode": 425, "supports": 7}
{"stage": "candidate", "episode": 426, "supports": 4}
{"stage": "candidate", "episode": 427, "supports": 4}
{"stage": "candidate", "episode": 428, "supports": 6}
{"stage": "candidate", "episode": 429, "supports": 4}
{"stage": "candidate", "episode": 430, "supports": 1}
{"stage": "candidate", "episode": 431, "supports": 2}
{"stage": "candidate", "episode": 432, "supports": 16}
{"stage": "candidate", "episode": 433, "supports": 15}
{"stage": "candidate", "episode": 434, "supports": 16}
{"stage": "candidate", "episode": 435, "supports": 9}
{"stage": "candidate", "episode": 436, "supports": 8}
{"stage": "candidate", "episode": 437, "supports": 9}
{"stage": "candidate", "episode": 438, "supports": 3}
{"stage": "candidate", "episode": 439, "supports": 3}
{"stage": "candidate", "episode": 440, "supports": 5}
{"stage": "candidate", "episode": 441, "supports": 2}
{"stage": "candidate", "episode": 442, "supports": 20}
{"stage": "candidate", "episode": 443, "supports": 18}
{"stage": "candidate", "episode": 444, "supports": 9}
{"stage": "candidate", "episode": 445, "supports": 7}
{"stage": "candidate", "episode": 446, "supports": 1}
{"stage": "candidate", "episode": 447, "supports": 1}
{"stage": "candidate", "episode": 448, "supports": 3}
{"stage": "candidate", "episode": 449, "supports": 6}
{"stage": "candidate", "episode": 450, "supports": 9}
{"stage": "candidate", "episode": 451, "supports": 9}
{"stage": "candidate", "episode": 452, "supports": 7}
{"stage": "candidate", "episode": 453, "supports": 8}
{"stage": "candidate", "episode": 454, "supports": 19}
{"stage": "candidate", "episode": 455, "supports": 16}
{"stage": "candidate", "episode": 456, "supports": 3}
{"stage": "candidate", "episode": 457, "supports": 4}
{"stage": "candidate", "episode": 458, "supports": 2}
{"stage": "candidate", "episode": 459, "supports": 1}
{"stage": "candidate", "episode": 460, "supports": 12}
{"stage": "candidate", "episode": 461, "supports": 11}
{"stage": "candidate", "episode": 462, "supports": 1}
{"stage": "candidate", "episode": 463, "supports": 2}
{"stage": "candidate", "episode": 464, "supports": 2}
{"stage": "candidate", "episode": 465, "supports": 2}
{"stage": "candidate", "episode": 466, "supports": 2}
{"stage": "candidate", "episode": 467, "supports": 2}
{"stage": "candidate", "episode": 468, "supports": 14}
{"stage": "candidate", "episode": 469, "supports": 12}
{"stage": "candidate", "episode": 470, "supports": 4}
{"stage": "candidate", "episode": 471, "supports": 3}
{"stage": "candidate", "episode": 472, "supports": 3}
{"stage": "candidate", "episode": 473, "supports": 3}
{"stage": "candidate", "episode": 474, "supports": 6}
{"stage": "candidate", "episode": 475, "supports": 6}
{"stage": "candidate", "episode": 476, "supports": 3}
{"stage": "candidate", "episode": 477, "supports": 3}
{"stage": "candidate", "episode": 478, "supports": 4}
{"stage": "candidate", "episode": 479, "supports": 6}
{"stage": "candidate", "episode": 480, "supports": 2}
{"stage": "candidate", "episode": 481, "supports": 3}
{"stage": "candidate", "episode": 482, "supports": 2}
{"stage": "candidate", "episode": 483, "supports": 2}
{"stage": "candidate", "episode": 484, "supports": 4}
{"stage": "candidate", "episode": 485, "supports": 4}
{"stage": "candidate", "episode": 486, "supports": 3}
{"stage": "candidate", "episode": 487, "supports": 3}
{"stage": "candidate", "episode": 488, "supports": 2}
{"stage": "candidate", "episode": 489, "supports": 2}
{"stage": "candidate", "episode": 490, "supports": 2}
{"stage": "candidate", "episode": 491, "supports": 2}
{"stage": "candidate", "episode": 492, "supports": 12}
{"stage": "candidate", "episode": 493, "supports": 7}
{"stage": "candidate", "episode": 494, "supports": 1}
{"stage": "candidate", "episode": 495, "supports": 1}
{"stage": "candidate", "episode": 496, "supports": 2}
{"stage": "candidate", "episode": 497, "supports": 2}
{"stage": "candidate", "episode": 498, "supports": 6}
{"stage": "candidate", "episode": 499, "supports": 3}
{"stage": "candidate", "episode": 500, "supports": 18}
{"stage": "candidate", "episode": 501, "supports": 17}
{"stage": "candidate", "episode": 502, "supports": 2}
{"stage": "candidate", "episode": 503, "supports": 2}
{"stage": "candidate", "episode": 504, "supports": 1}
{"stage": "candidate", "episode": 505, "supports": 1}
{"stage": "candidate", "episode": 506, "supports": 9}
{"stage": "candidate", "episode": 507, "supports": 9}
{"stage": "candidate", "episode": 508, "supports": 1}
{"stage": "candidate", "episode": 509, "supports": 1}
{"stage": "candidate", "episode": 510, "supports": 3}
{"stage": "candidate", "episode": 511, "supports": 2}
{"stage": "candidate", "episode": 512, "supports": 3}
{"stage": "candidate", "episode": 513, "supports": 1}
{"stage": "candidate", "episode": 514, "supports": 4}
{"stage": "candidate", "episode": 515, "supports": 6}
{"stage": "candidate", "episode": 516, "supports": 12}
{"stage": "candidate", "episode": 517, "supports": 9}
{"stage": "candidate", "episode": 518, "supports": 4}
{"stage": "candidate", "episode": 519, "supports": 3}
{"stage": "candidate", "episode": 520, "supports": 14}
{"stage": "candidate", "episode": 521, "supports": 15}
{"stage": "candidate", "episode": 522, "supports": 3}
{"stage": "candidate", "episode": 523, "supports": 3}
{"stage": "candidate", "episode": 524, "supports": 2}
{"stage": "candidate", "episode": 525, "supports": 3}
{"stage": "candidate", "episode": 526, "supports": 20}
{"stage": "candidate", "episode": 527, "supports": 20}
{"stage": "candidate", "episode": 528, "supports": 20}
{"stage": "candidate", "episode": 529, "supports": 19}
{"stage": "candidate", "episode": 530, "supports": 7}
{"stage": "candidate", "episode": 531, "supports": 7}
{"stage": "candidate", "episode": 532, "supports": 3}
{"stage": "candidate", "episode": 533, "supports": 2}
{"stage": "candidate", "episode": 534, "supports": 5}
{"stage": "candidate", "episode": 535, "supports": 6}
{"stage": "candidate", "episode": 536, "supports": 2}
{"stage": "candidate", "episode": 537, "supports": 2}
{"stage": "candidate", "episode": 538, "supports": 2}
{"stage": "candidate", "episode": 539, "supports": 2}
{"stage": "candidate", "episode": 540, "supports": 20}
{"stage": "candidate", "episode": 541, "supports": 20}
{"stage": "candidate", "episode": 542, "supports": 19}
{"stage": "candidate", "episode": 543, "supports": 13}
{"stage": "candidate", "episode": 544, "supports": 20}
{"stage": "candidate", "episode": 545, "supports": 20}
{"stage": "candidate", "episode": 546, "supports": 4}
{"stage": "candidate", "episode": 547, "supports": 4}
{"stage": "candidate", "episode": 548, "supports": 9}
{"stage": "candidate", "episode": 549, "supports": 6}
{"stage": "candidate", "episode": 550, "supports": 3}
{"stage": "candidate", "episode": 551, "supports": 2}
{"stage": "candidate", "episode": 552, "supports": 2}
{"stage": "candidate", "episode": 553, "supports": 2}
{"stage": "candidate", "episode": 554, "supports": 11}
{"stage": "candidate", "episode": 555, "supports": 12}
{"stage": "candidate", "episode": 556, "supports": 8}
{"stage": "candidate", "episode": 557, "supports": 8}
{"stage": "candidate", "episode": 558, "supports": 3}
{"stage": "candidate", "episode": 559, "supports": 3}
{"stage": "candidate", "episode": 560, "supports": 20}
{"stage": "candidate", "episode": 561, "supports": 20}
{"stage": "candidate", "episode": 562, "supports": 12}
{"stage": "candidate", "episode": 563, "supports": 10}
{"stage": "candidate", "episode": 564, "supports": 15}
{"stage": "candidate", "episode": 565, "supports": 9}
{"stage": "candidate", "episode": 566, "supports": 20}
{"stage": "candidate", "episode": 567, "supports": 17}
{"stage": "candidate", "episode": 568, "supports": 5}
{"stage": "candidate", "episode": 569, "supports": 5}
{"stage": "candidate", "episode": 570, "supports": 3}
{"stage": "candidate", "episode": 571, "supports": 4}
{"stage": "candidate", "episode": 572, "supports": 17}
{"stage": "candidate", "episode": 573, "supports": 11}
{"stage": "candidate", "episode": 574, "supports": 5}
{"stage": "candidate", "episode": 575, "supports": 5}
{"stage": "candidate", "episode": 576, "supports": 12}
{"stage": "candidate", "episode": 577, "supports": 10}
{"stage": "candidate", "episode": 578, "supports": 3}
{"stage": "candidate", "episode": 579, "supports": 2}
{"stage": "candidate", "episode": 580, "supports": 17}
{"stage": "candidate", "episode": 581, "supports": 15}
{"stage": "candidate", "episode": 582, "supports": 11}
{"stage": "candidate", "episode": 583, "supports": 12}
{"stage": "candidate", "episode": 584, "supports": 17}
{"stage": "candidate", "episode": 585, "supports": 17}
{"stage": "candidate", "episode": 586, "supports": 2}
{"stage": "candidate", "episode": 587, "supports": 2}
{"stage": "candidate", "episode": 588, "supports": 7}
{"stage": "candidate", "episode": 589, "supports": 9}
{"stage": "candidate", "episode": 590, "supports": 6}
{"stage": "candidate", "episode": 591, "supports": 2}
{"stage": "candidate", "episode": 592, "supports": 4}
{"stage": "candidate", "episode": 593, "supports": 4}
{"stage": "candidate", "episode": 594, "supports": 9}
{"stage": "candidate", "episode": 595, "supports": 10}
{"stage": "candidate", "episode": 596, "supports": 1}
{"stage": "candidate", "episode": 597, "supports": 1}
{"stage": "candidate", "episode": 598, "supports": 9}
{"stage": "candidate", "episode": 599, "supports": 8}
[autodl] finished_at=2026-09-14T19:20:46+08:00
[autodl] exit_code=0
