[autodl] run_id=20260913-142838-taisp-t017a-task-components
[autodl] started_at=2026-09-13T14:28:44+08:00
.............s.......s.........s....s..s..................s......s...... [ 46%]
...........................................s..s......................... [ 93%]
.........s                                                               [100%]
=============================== warnings summary ===============================
tests/test_demo.py::test_cuda_demo_matches_cpu
tests/test_gradient_conflict.py::test_independent_copies_literal_sgd_and_centered_energy
  /home/wenchang/anaconda3/envs/python3.12-tk2-2.3/lib/python3.12/site-packages/torch/cuda/__init__.py:654: UserWarning: Can't initialize NVML
    warnings.warn("Can't initialize NVML")

tests/test_gradient_conflict.py::test_independent_copies_literal_sgd_and_centered_energy
  <frozen importlib._bootstrap>:488: DeprecationWarning: Type google._upb._message.MessageMapContainer uses PyType_Spec with a metaclass that has custom tp_new. This is deprecated and will no longer be allowed in Python 3.14.

tests/test_gradient_conflict.py::test_independent_copies_literal_sgd_and_centered_energy
  <frozen importlib._bootstrap>:488: DeprecationWarning: Type google._upb._message.ScalarMapContainer uses PyType_Spec with a metaclass that has custom tp_new. This is deprecated and will no longer be allowed in Python 3.14.

-- Docs: https://docs.pytest.org/en/stable/how-to/capture-warnings.html
144 passed, 10 skipped, 4 warnings in 6.66s
/home/wenchang/anaconda3/envs/python3.12-tk2-2.3/lib/python3.12/site-packages/torch/cuda/__init__.py:654: UserWarning: Can't initialize NVML
  warnings.warn("Can't initialize NVML")
Traceback (most recent call last):
  File "<frozen runpy>", line 198, in _run_module_as_main
  File "<frozen runpy>", line 88, in _run_code
  File "/home/liujianhua/wjq/TAISP/releases/20260913-142715-taisp-t017a-task-components/taisp/analysis/task_components.py", line 212, in <module>
    run(args.prior_root,args.manifest,args.output)
  File "/home/liujianhua/wjq/TAISP/releases/20260913-142715-taisp-t017a-task-components/taisp/analysis/task_components.py", line 191, in run
    raise RuntimeError('Component closure/parity/isolation blocker; no tolerance change or rerun')
RuntimeError: Component closure/parity/isolation blocker; no tolerance change or rerun
[autodl] finished_at=2026-09-13T14:28:57+08:00
[autodl] exit_code=1
