[autodl] run_id=20260913-234326-taisp-t022a-numerical-parity
[autodl] started_at=2026-09-13T23:43:31+08:00
....................s                                                    [100%]
20 passed, 1 skipped in 3.74s
.............s.......s.........s....s..s..................s............. [ 37%]
......s................................................................. [ 75%]
..s.........s..................................s                         [100%]
=============================== warnings summary ===============================
<frozen importlib._bootstrap>:488
  <frozen importlib._bootstrap>:488: DeprecationWarning: Type google._upb._message.MessageMapContainer uses PyType_Spec with a metaclass that has custom tp_new. This is deprecated and will no longer be allowed in Python 3.14.

<frozen importlib._bootstrap>:488
  <frozen importlib._bootstrap>:488: DeprecationWarning: Type google._upb._message.ScalarMapContainer uses PyType_Spec with a metaclass that has custom tp_new. This is deprecated and will no longer be allowed in Python 3.14.

tests/test_demo.py::test_cuda_demo_matches_cpu
tests/test_gradient_conflict.py::test_independent_copies_literal_sgd_and_centered_energy
  /home/wenchang/anaconda3/envs/python3.12-tk2-2.3/lib/python3.12/site-packages/torch/cuda/__init__.py:654: UserWarning: Can't initialize NVML
    warnings.warn("Can't initialize NVML")

-- Docs: https://docs.pytest.org/en/stable/how-to/capture-warnings.html
182 passed, 10 skipped, 4 warnings in 8.40s
/home/wenchang/anaconda3/envs/python3.12-tk2-2.3/lib/python3.12/site-packages/torch/cuda/__init__.py:654: UserWarning: Can't initialize NVML
  warnings.warn("Can't initialize NVML")
/home/liujianhua/wjq/TAISP/.venv/lib/python3.12/site-packages/transformers/tokenization_utils_base.py:1601: FutureWarning: `clean_up_tokenization_spaces` was not set. It will be set to `True` by default. This behavior will be depracted in transformers v4.45, and will be then set to `False` by default. For more details check this issue: https://github.com/huggingface/transformers/issues/31884
  warnings.warn(
/home/wenchang/anaconda3/envs/python3.12-tk2-2.3/lib/python3.12/site-packages/torch/cuda/__init__.py:654: UserWarning: Can't initialize NVML
  warnings.warn("Can't initialize NVML")
parity 1/28 image=160585 case=gamma_s1 state=0.0 passed=False
Traceback (most recent call last):
  File "<frozen runpy>", line 198, in _run_module_as_main
  File "<frozen runpy>", line 88, in _run_code
  File "/home/liujianhua/wjq/TAISP/releases/20260913-234251-taisp-t022a-parity/taisp/analysis/spatial_dose_parity.py", line 100, in <module>
    a=p.parse_args();collect(yaml.safe_load(a.config.read_text()),a.manifest,a.output)
                     ^^^^^^^^^^^^^^^^^^^^^^^^^^^^^^^^^^^^^^^^^^^^^^^^^^^^^^^^^^^^^^^^^
  File "/home/liujianhua/wjq/TAISP/releases/20260913-234251-taisp-t022a-parity/taisp/analysis/spatial_dose_parity.py", line 94, in collect
    raise RuntimeError('T022-A pre-AP numerical blocker; stop for research review')
RuntimeError: T022-A pre-AP numerical blocker; stop for research review
[autodl] finished_at=2026-09-13T23:43:53+08:00
[autodl] exit_code=1
