[autodl] run_id=20260912-211448-taisp-t012-study-smoke
[autodl] started_at=2026-09-12T21:14:56+08:00
........................................................................ [ 80%]
..................                                                       [100%]
=============================== warnings summary ===============================
tests/test_clip_semantic.py::test_real_clip_frozen_image_phi_gradients_and_episode_reset
tests/test_conditioned_clip.py::test_real_conditioner_frozen_gradients_and_reset
  /home/wenchang/anaconda3/envs/python3.12-tk2-2.3/lib/python3.12/site-packages/torch/cuda/__init__.py:654: UserWarning: Can't initialize NVML
    warnings.warn("Can't initialize NVML")

tests/test_clip_semantic.py::test_real_clip_frozen_image_phi_gradients_and_episode_reset
tests/test_conditioned_clip.py::test_real_conditioner_frozen_gradients_and_reset
tests/test_half_dose.py::test_real_half_source_clip_frozen_detached_support_and_reset
tests/test_spatial_clip.py::test_real_patch_projection_frozen_gradients_and_fresh_episodes
tests/test_ssd_target.py::test_real_ssd_mapping_serialization_freeze_repeat_and_hybrid_isolation
tests/test_trust_radius.py::test_real_source_clip_frozen_and_support_unchanged
  /home/liujianhua/wjq/TAISP/.venv/lib/python3.12/site-packages/transformers/tokenization_utils_base.py:1601: FutureWarning: `clean_up_tokenization_spaces` was not set. It will be set to `True` by default. This behavior will be depracted in transformers v4.45, and will be then set to `False` by default. For more details check this issue: https://github.com/huggingface/transformers/issues/31884
    warnings.warn(

tests/test_detector.py::test_real_detector_oracle_freeze_gradients_rng_and_inference
  <frozen importlib._bootstrap>:488: DeprecationWarning: Type google._upb._message.MessageMapContainer uses PyType_Spec with a metaclass that has custom tp_new. This is deprecated and will no longer be allowed in Python 3.14.

tests/test_detector.py::test_real_detector_oracle_freeze_gradients_rng_and_inference
  <frozen importlib._bootstrap>:488: DeprecationWarning: Type google._upb._message.ScalarMapContainer uses PyType_Spec with a metaclass that has custom tp_new. This is deprecated and will no longer be allowed in Python 3.14.

-- Docs: https://docs.pytest.org/en/stable/how-to/capture-warnings.html
90 passed, 10 warnings in 222.54s (0:03:42)
/home/wenchang/anaconda3/envs/python3.12-tk2-2.3/lib/python3.12/site-packages/torch/cuda/__init__.py:654: UserWarning: Can't initialize NVML
  warnings.warn("Can't initialize NVML")
/home/liujianhua/wjq/TAISP/.venv/lib/python3.12/site-packages/transformers/tokenization_utils_base.py:1601: FutureWarning: `clean_up_tokenization_spaces` was not set. It will be set to `True` by default. This behavior will be depracted in transformers v4.45, and will be then set to `False` by default. For more details check this issue: https://github.com/huggingface/transformers/issues/31884
  warnings.warn(
Traceback (most recent call last):
  File "<frozen runpy>", line 198, in _run_module_as_main
  File "<frozen runpy>", line 88, in _run_code
  File "/home/liujianhua/wjq/TAISP/releases/20260912-211252-taisp-t012-tests/taisp/analysis/run_t009.py", line 169, in <module>
    main()
  File "/home/liujianhua/wjq/TAISP/releases/20260912-211252-taisp-t012-tests/taisp/analysis/run_t009.py", line 165, in main
    run(yaml.safe_load(args.config.read_text()), args.data_root, args.output, args.limit, args.reference_study)
  File "/home/liujianhua/wjq/TAISP/releases/20260912-211252-taisp-t012-tests/taisp/analysis/run_t009.py", line 74, in run
    verify_half_reference(config, meta, reference, ids)
  File "/home/liujianhua/wjq/TAISP/releases/20260912-211252-taisp-t012-tests/taisp/analysis/run_t009.py", line 38, in verify_half_reference
    assert meta[key] == reference[key], key
           ^^^^^^^^^^^^^^^^^^^^^^^^^^^
AssertionError: positive_prompts
loading annotations into memory...
Done (t=0.35s)
creating index...
index created!
[autodl] finished_at=2026-09-12T21:18:48+08:00
[autodl] exit_code=1
