[autodl] run_id=20260914-073543-taisp-t027a-candidates48
[autodl] started_at=2026-09-14T07:35:49+08:00
/home/wenchang/anaconda3/envs/python3.12-tk2-2.3/lib/python3.12/site-packages/torch/cuda/__init__.py:654: UserWarning: Can't initialize NVML
  warnings.warn("Can't initialize NVML")
{"stage": "candidate", "episode": 0, "abstain": false}
{"stage": "candidate", "episode": 1, "abstain": false}
{"stage": "candidate", "episode": 2, "abstain": false}
{"stage": "candidate", "episode": 3, "abstain": false}
{"stage": "candidate", "episode": 4, "abstain": false}
{"stage": "candidate", "episode": 5, "abstain": false}
{"stage": "candidate", "episode": 6, "abstain": false}
{"stage": "candidate", "episode": 7, "abstain": false}
{"stage": "candidate", "episode": 8, "abstain": false}
{"stage": "candidate", "episode": 9, "abstain": false}
{"stage": "candidate", "episode": 10, "abstain": false}
{"stage": "candidate", "episode": 11, "abstain": false}
{"stage": "candidate", "episode": 12, "abstain": false}
{"stage": "candidate", "episode": 13, "abstain": false}
{"stage": "candidate", "episode": 14, "abstain": false}
{"stage": "candidate", "episode": 15, "abstain": false}
{"stage": "candidate", "episode": 16, "abstain": false}
{"stage": "candidate", "episode": 17, "abstain": false}
{"stage": "candidate", "episode": 18, "abstain": false}
{"stage": "candidate", "episode": 19, "abstain": false}
{"stage": "candidate", "episode": 20, "abstain": false}
{"stage": "candidate", "episode": 21, "abstain": false}
{"stage": "candidate", "episode": 22, "abstain": false}
{"stage": "candidate", "episode": 23, "abstain": false}
{"stage": "candidate", "episode": 24, "abstain": false}
{"stage": "candidate", "episode": 25, "abstain": false}
{"stage": "candidate", "episode": 26, "abstain": false}
{"stage": "candidate", "episode": 27, "abstain": false}
{"stage": "candidate", "episode": 28, "abstain": false}
{"stage": "candidate", "episode": 29, "abstain": false}
{"stage": "candidate", "episode": 30, "abstain": false}
{"stage": "candidate", "episode": 31, "abstain": false}
{"stage": "candidate", "episode": 32, "abstain": false}
{"stage": "candidate", "episode": 33, "abstain": false}
{"stage": "candidate", "episode": 34, "abstain": false}
{"stage": "candidate", "episode": 35, "abstain": false}
{"stage": "candidate", "episode": 36, "abstain": false}
{"stage": "candidate", "episode": 37, "abstain": false}
{"stage": "candidate", "episode": 38, "abstain": false}
{"stage": "candidate", "episode": 39, "abstain": false}
{"stage": "candidate", "episode": 40, "abstain": false}
{"stage": "candidate", "episode": 41, "abstain": false}
{"stage": "candidate", "episode": 42, "abstain": false}
{"stage": "candidate", "episode": 43, "abstain": false}
{"stage": "candidate", "episode": 44, "abstain": false}
{"stage": "candidate", "episode": 45, "abstain": false}
{"stage": "candidate", "episode": 46, "abstain": false}
{"stage": "candidate", "episode": 47, "abstain": false}
[autodl] finished_at=2026-09-14T07:36:06+08:00
[autodl] exit_code=0
