[autodl] run_id=20260914-082515-taisp-t028a-candidates360
[autodl] started_at=2026-09-14T08:25:20+08:00
/home/wenchang/anaconda3/envs/python3.12-tk2-2.3/lib/python3.12/site-packages/torch/cuda/__init__.py:654: UserWarning: Can't initialize NVML
  warnings.warn("Can't initialize NVML")
/home/liujianhua/wjq/TAISP/.venv/lib/python3.12/site-packages/transformers/tokenization_utils_base.py:1601: FutureWarning: `clean_up_tokenization_spaces` was not set. It will be set to `True` by default. This behavior will be depracted in transformers v4.45, and will be then set to `False` by default. For more details check this issue: https://github.com/huggingface/transformers/issues/31884
  warnings.warn(
{"stage": "candidate", "episode": 0, "integrity": true}
{"stage": "candidate", "episode": 1, "integrity": true}
{"stage": "candidate", "episode": 2, "integrity": true}
{"stage": "candidate", "episode": 3, "integrity": true}
{"stage": "candidate", "episode": 4, "integrity": true}
{"stage": "candidate", "episode": 5, "integrity": true}
{"stage": "candidate", "episode": 6, "integrity": true}
{"stage": "candidate", "episode": 7, "integrity": true}
{"stage": "candidate", "episode": 8, "integrity": true}
{"stage": "candidate", "episode": 9, "integrity": true}
{"stage": "candidate", "episode": 10, "integrity": true}
{"stage": "candidate", "episode": 11, "integrity": true}
{"stage": "candidate", "episode": 12, "integrity": true}
{"stage": "candidate", "episode": 13, "integrity": true}
{"stage": "candidate", "episode": 14, "integrity": true}
{"stage": "candidate", "episode": 15, "integrity": true}
{"stage": "candidate", "episode": 16, "integrity": true}
{"stage": "candidate", "episode": 17, "integrity": true}
{"stage": "candidate", "episode": 18, "integrity": true}
{"stage": "candidate", "episode": 19, "integrity": true}
{"stage": "candidate", "episode": 20, "integrity": true}
{"stage": "candidate", "episode": 21, "integrity": true}
{"stage": "candidate", "episode": 22, "integrity": true}
{"stage": "candidate", "episode": 23, "integrity": true}
{"stage": "candidate", "episode": 24, "integrity": true}
{"stage": "candidate", "episode": 25, "integrity": true}
{"stage": "candidate", "episode": 26, "integrity": true}
{"stage": "candidate", "episode": 27, "integrity": true}
{"stage": "candidate", "episode": 28, "integrity": true}
{"stage": "candidate", "episode": 29, "integrity": true}
{"stage": "candidate", "episode": 30, "integrity": true}
{"stage": "candidate", "episode": 31, "integrity": true}
{"stage": "candidate", "episode": 32, "integrity": true}
{"stage": "candidate", "episode": 33, "integrity": true}
{"stage": "candidate", "episode": 34, "integrity": true}
{"stage": "candidate", "episode": 35, "integrity": true}
{"stage": "candidate", "episode": 36, "integrity": true}
{"stage": "candidate", "episode": 37, "integrity": true}
{"stage": "candidate", "episode": 38, "integrity": true}
{"stage": "candidate", "episode": 39, "integrity": true}
{"stage": "candidate", "episode": 40, "integrity": true}
{"stage": "candidate", "episode": 41, "integrity": true}
{"stage": "candidate", "episode": 42, "integrity": true}
{"stage": "candidate", "episode": 43, "integrity": true}
{"stage": "candidate", "episode": 44, "integrity": true}
{"stage": "candidate", "episode": 45, "integrity": true}
{"stage": "candidate", "episode": 46, "integrity": true}
{"stage": "candidate", "episode": 47, "integrity": true}
{"stage": "candidate", "episode": 48, "integrity": true}
{"stage": "candidate", "episode": 49, "integrity": true}
{"stage": "candidate", "episode": 50, "integrity": true}
{"stage": "candidate", "episode": 51, "integrity": true}
{"stage": "candidate", "episode": 52, "integrity": true}
{"stage": "candidate", "episode": 53, "integrity": true}
{"stage": "candidate", "episode": 54, "integrity": true}
{"stage": "candidate", "episode": 55, "integrity": true}
{"stage": "candidate", "episode": 56, "integrity": true}
{"stage": "candidate", "episode": 57, "integrity": true}
{"stage": "candidate", "episode": 58, "integrity": true}
{"stage": "candidate", "episode": 59, "integrity": true}
{"stage": "candidate", "episode": 60, "integrity": true}
{"stage": "candidate", "episode": 61, "integrity": true}
{"stage": "candidate", "episode": 62, "integrity": true}
{"stage": "candidate", "episode": 63, "integrity": true}
{"stage": "candidate", "episode": 64, "integrity": true}
{"stage": "candidate", "episode": 65, "integrity": true}
{"stage": "candidate", "episode": 66, "integrity": true}
{"stage": "candidate", "episode": 67, "integrity": true}
{"stage": "candidate", "episode": 68, "integrity": true}
{"stage": "candidate", "episode": 69, "integrity": true}
{"stage": "candidate", "episode": 70, "integrity": true}
{"stage": "candidate", "episode": 71, "integrity": true}
{"stage": "candidate", "episode": 72, "integrity": true}
{"stage": "candidate", "episode": 73, "integrity": true}
{"stage": "candidate", "episode": 74, "integrity": true}
{"stage": "candidate", "episode": 75, "integrity": true}
{"stage": "candidate", "episode": 76, "integrity": true}
{"stage": "candidate", "episode": 77, "integrity": true}
{"stage": "candidate", "episode": 78, "integrity": true}
{"stage": "candidate", "episode": 79, "integrity": true}
{"stage": "candidate", "episode": 80, "integrity": true}
{"stage": "candidate", "episode": 81, "integrity": true}
{"stage": "candidate", "episode": 82, "integrity": true}
{"stage": "candidate", "episode": 83, "integrity": true}
{"stage": "candidate", "episode": 84, "integrity": true}
{"stage": "candidate", "episode": 85, "integrity": true}
{"stage": "candidate", "episode": 86, "integrity": true}
{"stage": "candidate", "episode": 87, "integrity": true}
{"stage": "candidate", "episode": 88, "integrity": true}
{"stage": "candidate", "episode": 89, "integrity": true}
{"stage": "candidate", "episode": 90, "integrity": true}
{"stage": "candidate", "episode": 91, "integrity": true}
{"stage": "candidate", "episode": 92, "integrity": true}
{"stage": "candidate", "episode": 93, "integrity": true}
{"stage": "candidate", "episode": 94, "integrity": true}
{"stage": "candidate", "episode": 95, "integrity": true}
{"stage": "candidate", "episode": 96, "integrity": true}
{"stage": "candidate", "episode": 97, "integrity": true}
{"stage": "candidate", "episode": 98, "integrity": true}
{"stage": "candidate", "episode": 99, "integrity": true}
{"stage": "candidate", "episode": 100, "integrity": true}
{"stage": "candidate", "episode": 101, "integrity": true}
{"stage": "candidate", "episode": 102, "integrity": true}
{"stage": "candidate", "episode": 103, "integrity": true}
{"stage": "candidate", "episode": 104, "integrity": true}
{"stage": "candidate", "episode": 105, "integrity": true}
{"stage": "candidate", "episode": 106, "integrity": true}
{"stage": "candidate", "episode": 107, "integrity": true}
{"stage": "candidate", "episode": 108, "integrity": true}
{"stage": "candidate", "episode": 109, "integrity": true}
{"stage": "candidate", "episode": 110, "integrity": true}
{"stage": "candidate", "episode": 111, "integrity": true}
{"stage": "candidate", "episode": 112, "integrity": true}
{"stage": "candidate", "episode": 113, "integrity": true}
{"stage": "candidate", "episode": 114, "integrity": true}
{"stage": "candidate", "episode": 115, "integrity": true}
{"stage": "candidate", "episode": 116, "integrity": true}
{"stage": "candidate", "episode": 117, "integrity": true}
{"stage": "candidate", "episode": 118, "integrity": true}
{"stage": "candidate", "episode": 119, "integrity": true}
{"stage": "candidate", "episode": 120, "integrity": true}
{"stage": "candidate", "episode": 121, "integrity": true}
{"stage": "candidate", "episode": 122, "integrity": true}
{"stage": "candidate", "episode": 123, "integrity": true}
{"stage": "candidate", "episode": 124, "integrity": true}
{"stage": "candidate", "episode": 125, "integrity": true}
{"stage": "candidate", "episode": 126, "integrity": true}
{"stage": "candidate", "episode": 127, "integrity": true}
{"stage": "candidate", "episode": 128, "integrity": true}
{"stage": "candidate", "episode": 129, "integrity": true}
{"stage": "candidate", "episode": 130, "integrity": true}
{"stage": "candidate", "episode": 131, "integrity": true}
{"stage": "candidate", "episode": 132, "integrity": true}
{"stage": "candidate", "episode": 133, "integrity": true}
{"stage": "candidate", "episode": 134, "integrity": true}
{"stage": "candidate", "episode": 135, "integrity": true}
{"stage": "candidate", "episode": 136, "integrity": true}
{"stage": "candidate", "episode": 137, "integrity": true}
{"stage": "candidate", "episode": 138, "integrity": true}
{"stage": "candidate", "episode": 139, "integrity": true}
{"stage": "candidate", "episode": 140, "integrity": true}
{"stage": "candidate", "episode": 141, "integrity": true}
{"stage": "candidate", "episode": 142, "integrity": true}
{"stage": "candidate", "episode": 143, "integrity": true}
{"stage": "candidate", "episode": 144, "integrity": true}
{"stage": "candidate", "episode": 145, "integrity": true}
{"stage": "candidate", "episode": 146, "integrity": true}
{"stage": "candidate", "episode": 147, "integrity": true}
{"stage": "candidate", "episode": 148, "integrity": true}
{"stage": "candidate", "episode": 149, "integrity": true}
{"stage": "candidate", "episode": 150, "integrity": true}
{"stage": "candidate", "episode": 151, "integrity": true}
{"stage": "candidate", "episode": 152, "integrity": true}
{"stage": "candidate", "episode": 153, "integrity": true}
{"stage": "candidate", "episode": 154, "integrity": true}
{"stage": "candidate", "episode": 155, "integrity": true}
{"stage": "candidate", "episode": 156, "integrity": true}
{"stage": "candidate", "episode": 157, "integrity": true}
{"stage": "candidate", "episode": 158, "integrity": true}
{"stage": "candidate", "episode": 159, "integrity": true}
{"stage": "candidate", "episode": 160, "integrity": true}
{"stage": "candidate", "episode": 161, "integrity": true}
{"stage": "candidate", "episode": 162, "integrity": true}
{"stage": "candidate", "episode": 163, "integrity": true}
{"stage": "candidate", "episode": 164, "integrity": true}
{"stage": "candidate", "episode": 165, "integrity": true}
{"stage": "candidate", "episode": 166, "integrity": true}
{"stage": "candidate", "episode": 167, "integrity": true}
{"stage": "candidate", "episode": 168, "integrity": true}
{"stage": "candidate", "episode": 169, "integrity": true}
{"stage": "candidate", "episode": 170, "integrity": true}
{"stage": "candidate", "episode": 171, "integrity": true}
{"stage": "candidate", "episode": 172, "integrity": true}
{"stage": "candidate", "episode": 173, "integrity": true}
{"stage": "candidate", "episode": 174, "integrity": true}
{"stage": "candidate", "episode": 175, "integrity": true}
{"stage": "candidate", "episode": 176, "integrity": true}
{"stage": "candidate", "episode": 177, "integrity": true}
{"stage": "candidate", "episode": 178, "integrity": true}
{"stage": "candidate", "episode": 179, "integrity": true}
{"stage": "candidate", "episode": 180, "integrity": true}
{"stage": "candidate", "episode": 181, "integrity": true}
{"stage": "candidate", "episode": 182, "integrity": true}
{"stage": "candidate", "episode": 183, "integrity": true}
{"stage": "candidate", "episode": 184, "integrity": true}
{"stage": "candidate", "episode": 185, "integrity": true}
{"stage": "candidate", "episode": 186, "integrity": true}
{"stage": "candidate", "episode": 187, "integrity": true}
{"stage": "candidate", "episode": 188, "integrity": true}
{"stage": "candidate", "episode": 189, "integrity": true}
{"stage": "candidate", "episode": 190, "integrity": true}
{"stage": "candidate", "episode": 191, "integrity": true}
{"stage": "candidate", "episode": 192, "integrity": true}
{"stage": "candidate", "episode": 193, "integrity": true}
{"stage": "candidate", "episode": 194, "integrity": true}
{"stage": "candidate", "episode": 195, "integrity": true}
{"stage": "candidate", "episode": 196, "integrity": true}
{"stage": "candidate", "episode": 197, "integrity": true}
{"stage": "candidate", "episode": 198, "integrity": true}
{"stage": "candidate", "episode": 199, "integrity": true}
{"stage": "candidate", "episode": 200, "integrity": true}
{"stage": "candidate", "episode": 201, "integrity": true}
{"stage": "candidate", "episode": 202, "integrity": true}
{"stage": "candidate", "episode": 203, "integrity": true}
{"stage": "candidate", "episode": 204, "integrity": true}
{"stage": "candidate", "episode": 205, "integrity": true}
{"stage": "candidate", "episode": 206, "integrity": true}
{"stage": "candidate", "episode": 207, "integrity": true}
{"stage": "candidate", "episode": 208, "integrity": true}
{"stage": "candidate", "episode": 209, "integrity": true}
{"stage": "candidate", "episode": 210, "integrity": true}
{"stage": "candidate", "episode": 211, "integrity": true}
{"stage": "candidate", "episode": 212, "integrity": true}
{"stage": "candidate", "episode": 213, "integrity": true}
{"stage": "candidate", "episode": 214, "integrity": true}
{"stage": "candidate", "episode": 215, "integrity": true}
{"stage": "candidate", "episode": 216, "integrity": true}
{"stage": "candidate", "episode": 217, "integrity": true}
{"stage": "candidate", "episode": 218, "integrity": true}
{"stage": "candidate", "episode": 219, "integrity": true}
{"stage": "candidate", "episode": 220, "integrity": true}
{"stage": "candidate", "episode": 221, "integrity": true}
{"stage": "candidate", "episode": 222, "integrity": true}
{"stage": "candidate", "episode": 223, "integrity": true}
{"stage": "candidate", "episode": 224, "integrity": true}
{"stage": "candidate", "episode": 225, "integrity": true}
{"stage": "candidate", "episode": 226, "integrity": true}
{"stage": "candidate", "episode": 227, "integrity": true}
{"stage": "candidate", "episode": 228, "integrity": true}
{"stage": "candidate", "episode": 229, "integrity": true}
{"stage": "candidate", "episode": 230, "integrity": true}
{"stage": "candidate", "episode": 231, "integrity": true}
{"stage": "candidate", "episode": 232, "integrity": true}
{"stage": "candidate", "episode": 233, "integrity": true}
{"stage": "candidate", "episode": 234, "integrity": true}
{"stage": "candidate", "episode": 235, "integrity": true}
{"stage": "candidate", "episode": 236, "integrity": true}
{"stage": "candidate", "episode": 237, "integrity": true}
{"stage": "candidate", "episode": 238, "integrity": true}
{"stage": "candidate", "episode": 239, "integrity": true}
{"stage": "candidate", "episode": 240, "integrity": true}
{"stage": "candidate", "episode": 241, "integrity": true}
{"stage": "candidate", "episode": 242, "integrity": true}
{"stage": "candidate", "episode": 243, "integrity": true}
{"stage": "candidate", "episode": 244, "integrity": true}
{"stage": "candidate", "episode": 245, "integrity": true}
{"stage": "candidate", "episode": 246, "integrity": true}
{"stage": "candidate", "episode": 247, "integrity": true}
{"stage": "candidate", "episode": 248, "integrity": true}
{"stage": "candidate", "episode": 249, "integrity": true}
{"stage": "candidate", "episode": 250, "integrity": true}
{"stage": "candidate", "episode": 251, "integrity": true}
{"stage": "candidate", "episode": 252, "integrity": true}
{"stage": "candidate", "episode": 253, "integrity": true}
{"stage": "candidate", "episode": 254, "integrity": true}
{"stage": "candidate", "episode": 255, "integrity": true}
{"stage": "candidate", "episode": 256, "integrity": true}
{"stage": "candidate", "episode": 257, "integrity": true}
{"stage": "candidate", "episode": 258, "integrity": true}
{"stage": "candidate", "episode": 259, "integrity": true}
{"stage": "candidate", "episode": 260, "integrity": true}
{"stage": "candidate", "episode": 261, "integrity": true}
{"stage": "candidate", "episode": 262, "integrity": true}
{"stage": "candidate", "episode": 263, "integrity": true}
{"stage": "candidate", "episode": 264, "integrity": true}
{"stage": "candidate", "episode": 265, "integrity": true}
{"stage": "candidate", "episode": 266, "integrity": true}
{"stage": "candidate", "episode": 267, "integrity": true}
{"stage": "candidate", "episode": 268, "integrity": true}
{"stage": "candidate", "episode": 269, "integrity": true}
{"stage": "candidate", "episode": 270, "integrity": true}
{"stage": "candidate", "episode": 271, "integrity": true}
{"stage": "candidate", "episode": 272, "integrity": true}
{"stage": "candidate", "episode": 273, "integrity": true}
{"stage": "candidate", "episode": 274, "integrity": true}
{"stage": "candidate", "episode": 275, "integrity": true}
{"stage": "candidate", "episode": 276, "integrity": true}
{"stage": "candidate", "episode": 277, "integrity": true}
{"stage": "candidate", "episode": 278, "integrity": true}
{"stage": "candidate", "episode": 279, "integrity": true}
{"stage": "candidate", "episode": 280, "integrity": true}
{"stage": "candidate", "episode": 281, "integrity": true}
{"stage": "candidate", "episode": 282, "integrity": true}
{"stage": "candidate", "episode": 283, "integrity": true}
{"stage": "candidate", "episode": 284, "integrity": true}
{"stage": "candidate", "episode": 285, "integrity": true}
{"stage": "candidate", "episode": 286, "integrity": true}
{"stage": "candidate", "episode": 287, "integrity": true}
{"stage": "candidate", "episode": 288, "integrity": true}
{"stage": "candidate", "episode": 289, "integrity": true}
{"stage": "candidate", "episode": 290, "integrity": true}
{"stage": "candidate", "episode": 291, "integrity": true}
{"stage": "candidate", "episode": 292, "integrity": true}
{"stage": "candidate", "episode": 293, "integrity": true}
{"stage": "candidate", "episode": 294, "integrity": true}
{"stage": "candidate", "episode": 295, "integrity": true}
{"stage": "candidate", "episode": 296, "integrity": true}
{"stage": "candidate", "episode": 297, "integrity": true}
{"stage": "candidate", "episode": 298, "integrity": true}
{"stage": "candidate", "episode": 299, "integrity": true}
{"stage": "candidate", "episode": 300, "integrity": true}
{"stage": "candidate", "episode": 301, "integrity": true}
{"stage": "candidate", "episode": 302, "integrity": true}
{"stage": "candidate", "episode": 303, "integrity": true}
{"stage": "candidate", "episode": 304, "integrity": true}
{"stage": "candidate", "episode": 305, "integrity": true}
{"stage": "candidate", "episode": 306, "integrity": true}
{"stage": "candidate", "episode": 307, "integrity": true}
{"stage": "candidate", "episode": 308, "integrity": true}
{"stage": "candidate", "episode": 309, "integrity": true}
{"stage": "candidate", "episode": 310, "integrity": true}
{"stage": "candidate", "episode": 311, "integrity": true}
{"stage": "candidate", "episode": 312, "integrity": true}
{"stage": "candidate", "episode": 313, "integrity": true}
{"stage": "candidate", "episode": 314, "integrity": true}
{"stage": "candidate", "episode": 315, "integrity": true}
{"stage": "candidate", "episode": 316, "integrity": true}
{"stage": "candidate", "episode": 317, "integrity": true}
{"stage": "candidate", "episode": 318, "integrity": true}
{"stage": "candidate", "episode": 319, "integrity": true}
{"stage": "candidate", "episode": 320, "integrity": true}
{"stage": "candidate", "episode": 321, "integrity": true}
{"stage": "candidate", "episode": 322, "integrity": true}
{"stage": "candidate", "episode": 323, "integrity": true}
{"stage": "candidate", "episode": 324, "integrity": true}
{"stage": "candidate", "episode": 325, "integrity": true}
{"stage": "candidate", "episode": 326, "integrity": true}
{"stage": "candidate", "episode": 327, "integrity": true}
{"stage": "candidate", "episode": 328, "integrity": true}
{"stage": "candidate", "episode": 329, "integrity": true}
{"stage": "candidate", "episode": 330, "integrity": true}
{"stage": "candidate", "episode": 331, "integrity": true}
{"stage": "candidate", "episode": 332, "integrity": true}
{"stage": "candidate", "episode": 333, "integrity": true}
{"stage": "candidate", "episode": 334, "integrity": true}
{"stage": "candidate", "episode": 335, "integrity": true}
{"stage": "candidate", "episode": 336, "integrity": true}
{"stage": "candidate", "episode": 337, "integrity": true}
{"stage": "candidate", "episode": 338, "integrity": true}
{"stage": "candidate", "episode": 339, "integrity": true}
{"stage": "candidate", "episode": 340, "integrity": true}
{"stage": "candidate", "episode": 341, "integrity": true}
{"stage": "candidate", "episode": 342, "integrity": true}
{"stage": "candidate", "episode": 343, "integrity": true}
{"stage": "candidate", "episode": 344, "integrity": true}
{"stage": "candidate", "episode": 345, "integrity": true}
{"stage": "candidate", "episode": 346, "integrity": true}
{"stage": "candidate", "episode": 347, "integrity": true}
{"stage": "candidate", "episode": 348, "integrity": true}
{"stage": "candidate", "episode": 349, "integrity": true}
{"stage": "candidate", "episode": 350, "integrity": true}
{"stage": "candidate", "episode": 351, "integrity": true}
{"stage": "candidate", "episode": 352, "integrity": true}
{"stage": "candidate", "episode": 353, "integrity": true}
{"stage": "candidate", "episode": 354, "integrity": true}
{"stage": "candidate", "episode": 355, "integrity": true}
{"stage": "candidate", "episode": 356, "integrity": true}
{"stage": "candidate", "episode": 357, "integrity": true}
{"stage": "candidate", "episode": 358, "integrity": true}
{"stage": "candidate", "episode": 359, "integrity": true}
[autodl] finished_at=2026-09-14T08:26:42+08:00
[autodl] exit_code=0
