[autodl] run_id=20260912-030559-taisp-t003-paired-smoke
[autodl] started_at=2026-09-12T03:06:03+08:00
.................................                                        [100%]
=============================== warnings summary ===============================
tests/test_clip_semantic.py::test_real_clip_frozen_image_phi_gradients_and_episode_reset
tests/test_conditioned_clip.py::test_real_conditioner_frozen_gradients_and_reset
  /home/liujianhua/wjq/TAISP/.venv/lib/python3.12/site-packages/transformers/tokenization_utils_base.py:1601: FutureWarning: `clean_up_tokenization_spaces` was not set. It will be set to `True` by default. This behavior will be depracted in transformers v4.45, and will be then set to `False` by default. For more details check this issue: https://github.com/huggingface/transformers/issues/31884
    warnings.warn(

tests/test_detector.py::test_real_detector_oracle_freeze_gradients_rng_and_inference
  <frozen importlib._bootstrap>:488: DeprecationWarning: Type google._upb._message.MessageMapContainer uses PyType_Spec with a metaclass that has custom tp_new. This is deprecated and will no longer be allowed in Python 3.14.

tests/test_detector.py::test_real_detector_oracle_freeze_gradients_rng_and_inference
  <frozen importlib._bootstrap>:488: DeprecationWarning: Type google._upb._message.ScalarMapContainer uses PyType_Spec with a metaclass that has custom tp_new. This is deprecated and will no longer be allowed in Python 3.14.

-- Docs: https://docs.pytest.org/en/stable/how-to/capture-warnings.html
33 passed, 4 warnings in 7.57s
/home/liujianhua/wjq/TAISP/.venv/lib/python3.12/site-packages/transformers/tokenization_utils_base.py:1601: FutureWarning: `clean_up_tokenization_spaces` was not set. It will be set to `True` by default. This behavior will be depracted in transformers v4.45, and will be then set to `False` by default. For more details check this issue: https://github.com/huggingface/transformers/issues/31884
  warnings.warn(
Traceback (most recent call last):
  File "<frozen runpy>", line 198, in _run_module_as_main
  File "<frozen runpy>", line 88, in _run_code
  File "/home/liujianhua/wjq/TAISP/releases/20260912-030556-taisp-t003-paired/taisp/analysis/run_t003.py", line 182, in <module>
    main()
  File "/home/liujianhua/wjq/TAISP/releases/20260912-030556-taisp-t003-paired/taisp/analysis/run_t003.py", line 178, in main
    run(yaml.safe_load(args.config.read_text()), args.data_root, args.baseline, args.output, args.limit)
  File "/home/liujianhua/wjq/TAISP/releases/20260912-030556-taisp-t003-paired/taisp/analysis/run_t003.py", line 96, in run
    torch.testing.assert_close(repeat.phi, x.new_tensor(base['diagnostics'][-1]['phi']), atol=1e-7, rtol=1e-5)
  File "/home/wenchang/anaconda3/envs/python3.12-tk2-2.3/lib/python3.12/site-packages/torch/testing/_comparison.py", line 1524, in assert_close
    raise error_metas[0].to_error(msg)
AssertionError: Tensor-likes are not close!

Mismatched elements: 5 / 8 (62.5%)
Greatest absolute difference: 6.284099072217941e-07 at index (3,) (up to 1e-07 allowed)
Greatest relative difference: 0.0004833965504076332 at index (6,) (up to 1e-05 allowed)
loading annotations into memory...
Done (t=0.35s)
creating index...
index created!
[autodl] finished_at=2026-09-12T03:06:24+08:00
[autodl] exit_code=1
