[autodl] run_id=20260912-142824-taisp-t009-ssd-compat
[autodl] started_at=2026-09-12T14:28:31+08:00
F                                                                        [100%]
=================================== FAILURES ===================================
____ test_real_ssd_mapping_serialization_freeze_repeat_and_hybrid_isolation ____

self = <urllib.request.HTTPSHandler object at 0x79aec91c5df0>
http_class = <class 'http.client.HTTPSConnection'>
req = <urllib.request.Request object at 0x79aecc7291c0>
http_conn_args = {'context': <ssl.SSLContext object at 0x79aec90c19d0>}

    def do_open(self, http_class, req, **http_conn_args):
        """Return an HTTPResponse object for the request, using http_class.
    
        http_class must implement the HTTPConnection API from http.client.
        """
        host = req.host
        if not host:
            raise URLError('no host given')
    
        # will parse host:port
        h = http_class(host, timeout=req.timeout, **http_conn_args)
        h.set_debuglevel(self._debuglevel)
    
        headers = dict(req.unredirected_hdrs)
        headers.update({k: v for k, v in req.headers.items()
                        if k not in headers})
    
        # TODO(jhylton): Should this be redesigned to handle
        # persistent connections?
    
        # We want to make an HTTP/1.1 request, but the addinfourl
        # class isn't prepared to deal with a persistent connection.
        # It will try to read all remaining data from the socket,
        # which will block while the server waits for the next request.
        # So make sure the connection gets closed after the (only)
        # request.
        headers["Connection"] = "close"
        headers = {name.title(): val for name, val in headers.items()}
    
        if req._tunnel_host:
            tunnel_headers = {}
            proxy_auth_hdr = "Proxy-Authorization"
            if proxy_auth_hdr in headers:
                tunnel_headers[proxy_auth_hdr] = headers[proxy_auth_hdr]
                # Proxy-Authorization should not be sent to origin
                # server.
                del headers[proxy_auth_hdr]
            h.set_tunnel(req._tunnel_host, headers=tunnel_headers)
    
        try:
            try:
>               h.request(req.get_method(), req.selector, req.data, headers,
                          encode_chunked=req.has_header('Transfer-encoding'))

/home/wenchang/anaconda3/envs/python3.12-tk2-2.3/lib/python3.12/urllib/request.py:1344: 
_ _ _ _ _ _ _ _ _ _ _ _ _ _ _ _ _ _ _ _ _ _ _ _ _ _ _ _ _ _ _ _ _ _ _ _ _ _ _ _ 
/home/wenchang/anaconda3/envs/python3.12-tk2-2.3/lib/python3.12/http/client.py:1338: in request
    self._send_request(method, url, body, headers, encode_chunked)
/home/wenchang/anaconda3/envs/python3.12-tk2-2.3/lib/python3.12/http/client.py:1384: in _send_request
    self.endheaders(body, encode_chunked=encode_chunked)
/home/wenchang/anaconda3/envs/python3.12-tk2-2.3/lib/python3.12/http/client.py:1333: in endheaders
    self._send_output(message_body, encode_chunked=encode_chunked)
/home/wenchang/anaconda3/envs/python3.12-tk2-2.3/lib/python3.12/http/client.py:1093: in _send_output
    self.send(msg)
/home/wenchang/anaconda3/envs/python3.12-tk2-2.3/lib/python3.12/http/client.py:1037: in send
    self.connect()
/home/wenchang/anaconda3/envs/python3.12-tk2-2.3/lib/python3.12/http/client.py:1479: in connect
    self.sock = self._context.wrap_socket(self.sock,
/home/wenchang/anaconda3/envs/python3.12-tk2-2.3/lib/python3.12/ssl.py:455: in wrap_socket
    return self.sslsocket_class._create(
/home/wenchang/anaconda3/envs/python3.12-tk2-2.3/lib/python3.12/ssl.py:1041: in _create
    self.do_handshake()
_ _ _ _ _ _ _ _ _ _ _ _ _ _ _ _ _ _ _ _ _ _ _ _ _ _ _ _ _ _ _ _ _ _ _ _ _ _ _ _ 

self = <ssl.SSLSocket [closed] fd=-1, family=2, type=1, proto=6>, block = False

    @_sslcopydoc
    def do_handshake(self, block=False):
        self._check_connected()
        timeout = self.gettimeout()
        try:
            if timeout == 0.0 and block:
                self.settimeout(None)
>           self._sslobj.do_handshake()
E           ssl.SSLCertVerificationError: [SSL: CERTIFICATE_VERIFY_FAILED] certificate verify failed: unable to get local issuer certificate (_ssl.c:1010)

/home/wenchang/anaconda3/envs/python3.12-tk2-2.3/lib/python3.12/ssl.py:1319: SSLCertVerificationError

During handling of the above exception, another exception occurred:

tmp_path = PosixPath('/tmp/pytest-of-liujianhua/pytest-23/test_real_ssd_mapping_serializ0')

    @pytest.mark.skipif(os.environ.get('TAISP_REAL_MODELS') != '1', reason='explicit real-model integration')
    def test_real_ssd_mapping_serialization_freeze_repeat_and_hybrid_isolation(tmp_path):
        from taisp import DifferentiableISP
        from taisp.analysis.coco import COCOSubset, prediction_records, subset_ap
        from taisp.analysis.ssd_target import load_ssd_target, ssd_metadata
        from taisp.models.detector import load_detector
        from taisp.models.detector_signal import select_predictions
        from taisp.losses.detector_native import DetectorNativeLoss
        from taisp.losses.clip_semantic import load_clip_guidance
        from taisp.tta.trust_radius import adapt_clip_radius
    
        torch.manual_seed(20260912)
        torch.set_num_threads(1)
        torch.backends.cudnn.benchmark = False
        data = COCOSubset(os.environ.get('TAISP_TEST_DATA_ROOT', '/home/liujianhua/wjq/TAISP/shared/coco200'))
        image_id = data.ids[0]
        image, _ = data.load(image_id, 'cpu')
        source, clip, isp = load_detector('cpu'), load_clip_guidance('cpu', local_files_only=True), DifferentiableISP()
    
        def episode():
            with torch.no_grad():
                support = select_predictions(source(image)[0], .5, 20)
            loss = DetectorNativeLoss(source, {'base': support}, 'det_pseudo')
            return support, adapt_clip_radius(image, isp, loss, clip, steps=3, lr=.1, eps=1e-12)
    
        absent_support, absent = episode()
        assert len(absent_support['boxes']) > 0 and absent.phi.norm() > 0
>       target = load_ssd_target('cuda:0')
                 ^^^^^^^^^^^^^^^^^^^^^^^^^

tests/test_ssd_target.py:36: 
_ _ _ _ _ _ _ _ _ _ _ _ _ _ _ _ _ _ _ _ _ _ _ _ _ _ _ _ _ _ _ _ _ _ _ _ _ _ _ _ 
taisp/analysis/ssd_target.py:12: in load_ssd_target
    model = ssd300_vgg16(
../../.venv/lib/python3.12/site-packages/torchvision/models/_utils.py:142: in wrapper
    return fn(*args, **kwargs)
           ^^^^^^^^^^^^^^^^^^^
../../.venv/lib/python3.12/site-packages/torchvision/models/_utils.py:228: in inner_wrapper
    return builder(*args, **kwargs)
           ^^^^^^^^^^^^^^^^^^^^^^^^
../../.venv/lib/python3.12/site-packages/torchvision/models/detection/ssd.py:680: in ssd300_vgg16
    model.load_state_dict(weights.get_state_dict(progress=progress, check_hash=True))
                          ^^^^^^^^^^^^^^^^^^^^^^^^^^^^^^^^^^^^^^^^^^^^^^^^^^^^^^^^^^
../../.venv/lib/python3.12/site-packages/torchvision/models/_api.py:90: in get_state_dict
    return load_state_dict_from_url(self.url, *args, **kwargs)
           ^^^^^^^^^^^^^^^^^^^^^^^^^^^^^^^^^^^^^^^^^^^^^^^^^^^
/home/wenchang/anaconda3/envs/python3.12-tk2-2.3/lib/python3.12/site-packages/torch/hub.py:765: in load_state_dict_from_url
    download_url_to_file(url, cached_file, hash_prefix, progress=progress)
/home/wenchang/anaconda3/envs/python3.12-tk2-2.3/lib/python3.12/site-packages/torch/hub.py:624: in download_url_to_file
    u = urlopen(req)
        ^^^^^^^^^^^^
/home/wenchang/anaconda3/envs/python3.12-tk2-2.3/lib/python3.12/urllib/request.py:215: in urlopen
    return opener.open(url, data, timeout)
           ^^^^^^^^^^^^^^^^^^^^^^^^^^^^^^^
/home/wenchang/anaconda3/envs/python3.12-tk2-2.3/lib/python3.12/urllib/request.py:515: in open
    response = self._open(req, data)
               ^^^^^^^^^^^^^^^^^^^^^
/home/wenchang/anaconda3/envs/python3.12-tk2-2.3/lib/python3.12/urllib/request.py:532: in _open
    result = self._call_chain(self.handle_open, protocol, protocol +
/home/wenchang/anaconda3/envs/python3.12-tk2-2.3/lib/python3.12/urllib/request.py:492: in _call_chain
    result = func(*args)
             ^^^^^^^^^^^
/home/wenchang/anaconda3/envs/python3.12-tk2-2.3/lib/python3.12/urllib/request.py:1392: in https_open
    return self.do_open(http.client.HTTPSConnection, req,
_ _ _ _ _ _ _ _ _ _ _ _ _ _ _ _ _ _ _ _ _ _ _ _ _ _ _ _ _ _ _ _ _ _ _ _ _ _ _ _ 

self = <urllib.request.HTTPSHandler object at 0x79aec91c5df0>
http_class = <class 'http.client.HTTPSConnection'>
req = <urllib.request.Request object at 0x79aecc7291c0>
http_conn_args = {'context': <ssl.SSLContext object at 0x79aec90c19d0>}

    def do_open(self, http_class, req, **http_conn_args):
        """Return an HTTPResponse object for the request, using http_class.
    
        http_class must implement the HTTPConnection API from http.client.
        """
        host = req.host
        if not host:
            raise URLError('no host given')
    
        # will parse host:port
        h = http_class(host, timeout=req.timeout, **http_conn_args)
        h.set_debuglevel(self._debuglevel)
    
        headers = dict(req.unredirected_hdrs)
        headers.update({k: v for k, v in req.headers.items()
                        if k not in headers})
    
        # TODO(jhylton): Should this be redesigned to handle
        # persistent connections?
    
        # We want to make an HTTP/1.1 request, but the addinfourl
        # class isn't prepared to deal with a persistent connection.
        # It will try to read all remaining data from the socket,
        # which will block while the server waits for the next request.
        # So make sure the connection gets closed after the (only)
        # request.
        headers["Connection"] = "close"
        headers = {name.title(): val for name, val in headers.items()}
    
        if req._tunnel_host:
            tunnel_headers = {}
            proxy_auth_hdr = "Proxy-Authorization"
            if proxy_auth_hdr in headers:
                tunnel_headers[proxy_auth_hdr] = headers[proxy_auth_hdr]
                # Proxy-Authorization should not be sent to origin
                # server.
                del headers[proxy_auth_hdr]
            h.set_tunnel(req._tunnel_host, headers=tunnel_headers)
    
        try:
            try:
                h.request(req.get_method(), req.selector, req.data, headers,
                          encode_chunked=req.has_header('Transfer-encoding'))
            except OSError as err: # timeout error
>               raise URLError(err)
E               urllib.error.URLError: <urlopen error [SSL: CERTIFICATE_VERIFY_FAILED] certificate verify failed: unable to get local issuer certificate (_ssl.c:1010)>

/home/wenchang/anaconda3/envs/python3.12-tk2-2.3/lib/python3.12/urllib/request.py:1347: URLError
----------------------------- Captured stdout call -----------------------------
loading annotations into memory...
Done (t=0.34s)
creating index...
index created!
----------------------------- Captured stderr call -----------------------------
Downloading: "https://download.pytorch.org/models/ssd300_vgg16_coco-b556d3b4.pth" to /home/liujianhua/.cache/torch/hub/checkpoints/ssd300_vgg16_coco-b556d3b4.pth
=============================== warnings summary ===============================
tests/test_ssd_target.py::test_real_ssd_mapping_serialization_freeze_repeat_and_hybrid_isolation
  <frozen importlib._bootstrap>:488: DeprecationWarning: Type google._upb._message.MessageMapContainer uses PyType_Spec with a metaclass that has custom tp_new. This is deprecated and will no longer be allowed in Python 3.14.

tests/test_ssd_target.py::test_real_ssd_mapping_serialization_freeze_repeat_and_hybrid_isolation
  <frozen importlib._bootstrap>:488: DeprecationWarning: Type google._upb._message.ScalarMapContainer uses PyType_Spec with a metaclass that has custom tp_new. This is deprecated and will no longer be allowed in Python 3.14.

tests/test_ssd_target.py::test_real_ssd_mapping_serialization_freeze_repeat_and_hybrid_isolation
  /home/liujianhua/wjq/TAISP/.venv/lib/python3.12/site-packages/transformers/tokenization_utils_base.py:1601: FutureWarning: `clean_up_tokenization_spaces` was not set. It will be set to `True` by default. This behavior will be depracted in transformers v4.45, and will be then set to `False` by default. For more details check this issue: https://github.com/huggingface/transformers/issues/31884
    warnings.warn(

-- Docs: https://docs.pytest.org/en/stable/how-to/capture-warnings.html
=========================== short test summary info ============================
FAILED tests/test_ssd_target.py::test_real_ssd_mapping_serialization_freeze_repeat_and_hybrid_isolation
1 failed, 3 warnings in 37.81s
[autodl] finished_at=2026-09-12T14:29:10+08:00
[autodl] exit_code=1
