[autodl] run_id=20260913-070237-taisp-t013g-offline-factorization
[autodl] started_at=2026-09-13T07:02:42+08:00
........                                                                 [100%]
=============================== warnings summary ===============================
tests/test_gradient_conflict.py::test_independent_copies_literal_sgd_and_centered_energy
  <frozen importlib._bootstrap>:488: DeprecationWarning: Type google._upb._message.MessageMapContainer uses PyType_Spec with a metaclass that has custom tp_new. This is deprecated and will no longer be allowed in Python 3.14.

tests/test_gradient_conflict.py::test_independent_copies_literal_sgd_and_centered_energy
  <frozen importlib._bootstrap>:488: DeprecationWarning: Type google._upb._message.ScalarMapContainer uses PyType_Spec with a metaclass that has custom tp_new. This is deprecated and will no longer be allowed in Python 3.14.

-- Docs: https://docs.pytest.org/en/stable/how-to/capture-warnings.html
8 passed, 2 warnings in 2.29s
.............s..s...s.....s....s..s......s......s....................... [ 61%]
...........s..s..............................s                           [100%]
=============================== warnings summary ===============================
tests/test_gradient_conflict.py::test_independent_copies_literal_sgd_and_centered_energy
  <frozen importlib._bootstrap>:488: DeprecationWarning: Type google._upb._message.MessageMapContainer uses PyType_Spec with a metaclass that has custom tp_new. This is deprecated and will no longer be allowed in Python 3.14.

tests/test_gradient_conflict.py::test_independent_copies_literal_sgd_and_centered_energy
  <frozen importlib._bootstrap>:488: DeprecationWarning: Type google._upb._message.ScalarMapContainer uses PyType_Spec with a metaclass that has custom tp_new. This is deprecated and will no longer be allowed in Python 3.14.

-- Docs: https://docs.pytest.org/en/stable/how-to/capture-warnings.html
107 passed, 11 skipped, 2 warnings in 5.18s
{"triage": "mixed_common_term_domination", "median_rho": 1.433201501947024, "r_C": 0.4570598743551648, "r_C_out": 0.5297500659163417}
[autodl] finished_at=2026-09-13T07:02:52+08:00
[autodl] exit_code=0
