[autodl] run_id=20260913-101408-taisp-t014a-spatial-action
[autodl] started_at=2026-09-13T10:14:13+08:00
.............s..s.........s....s..s......s......s....................... [ 54%]
..........................s..s..............................s            [100%]
=============================== warnings summary ===============================
tests/test_demo.py::test_cuda_demo_matches_cpu
tests/test_gradient_conflict.py::test_independent_copies_literal_sgd_and_centered_energy
  /home/wenchang/anaconda3/envs/python3.12-tk2-2.3/lib/python3.12/site-packages/torch/cuda/__init__.py:654: UserWarning: Can't initialize NVML
    warnings.warn("Can't initialize NVML")

tests/test_gradient_conflict.py::test_independent_copies_literal_sgd_and_centered_energy
  <frozen importlib._bootstrap>:488: DeprecationWarning: Type google._upb._message.MessageMapContainer uses PyType_Spec with a metaclass that has custom tp_new. This is deprecated and will no longer be allowed in Python 3.14.

tests/test_gradient_conflict.py::test_independent_copies_literal_sgd_and_centered_energy
  <frozen importlib._bootstrap>:488: DeprecationWarning: Type google._upb._message.ScalarMapContainer uses PyType_Spec with a metaclass that has custom tp_new. This is deprecated and will no longer be allowed in Python 3.14.

-- Docs: https://docs.pytest.org/en/stable/how-to/capture-warnings.html
123 passed, 10 skipped, 4 warnings in 6.84s
/home/wenchang/anaconda3/envs/python3.12-tk2-2.3/lib/python3.12/site-packages/torch/cuda/__init__.py:654: UserWarning: Can't initialize NVML
  warnings.warn("Can't initialize NVML")
{"episode": 1, "of": 32, "reconstruction_passed": true, "isolation_passed": true}
{"episode": 2, "of": 32, "reconstruction_passed": true, "isolation_passed": true}
{"episode": 3, "of": 32, "reconstruction_passed": true, "isolation_passed": true}
{"episode": 4, "of": 32, "reconstruction_passed": true, "isolation_passed": true}
{"episode": 5, "of": 32, "reconstruction_passed": true, "isolation_passed": true}
{"episode": 6, "of": 32, "reconstruction_passed": true, "isolation_passed": true}
Traceback (most recent call last):
  File "<frozen runpy>", line 198, in _run_module_as_main
  File "<frozen runpy>", line 88, in _run_code
  File "/home/liujianhua/wjq/TAISP/releases/20260913-101321-taisp-t014a-spatial-action/taisp/analysis/spatial_action.py", line 214, in <module>
    run(args.manifest,args.prior_root,args.output)
  File "/home/liujianhua/wjq/TAISP/releases/20260913-101321-taisp-t014a-spatial-action/taisp/analysis/spatial_action.py", line 193, in run
    assert all(isolation.values()) and all(c['passed'] for objective in (task,pseudo) for c in objective['checks'].values()), 'Identity/reconstruction/isolation blocker; retain record, no tolerance change.'
           ^^^^^^^^^^^^^^^^^^^^^^^^^^^^^^^^^^^^^^^^^^^^^^^^^^^^^^^^^^^^^^^^^^^^^^^^^^^^^^^^^^^^^^^^^^^^^^^^^^^^^^^^^^^^^^^^^
AssertionError: Identity/reconstruction/isolation blocker; retain record, no tolerance change.
[autodl] finished_at=2026-09-13T10:14:28+08:00
[autodl] exit_code=1
