[autodl] run_id=20260913-055654-taisp-t013f-matched-checkpoints
[autodl] started_at=2026-09-13T05:56:58+08:00
.............s..s.........s....s..s......s......s....................... [ 62%]
........s..s..............................s                              [100%]
=============================== warnings summary ===============================
tests/test_demo.py::test_cuda_demo_matches_cpu
tests/test_gradient_conflict.py::test_independent_copies_literal_sgd_and_centered_energy
  /home/wenchang/anaconda3/envs/python3.12-tk2-2.3/lib/python3.12/site-packages/torch/cuda/__init__.py:654: UserWarning: Can't initialize NVML
    warnings.warn("Can't initialize NVML")

tests/test_gradient_conflict.py::test_independent_copies_literal_sgd_and_centered_energy
  <frozen importlib._bootstrap>:488: DeprecationWarning: Type google._upb._message.MessageMapContainer uses PyType_Spec with a metaclass that has custom tp_new. This is deprecated and will no longer be allowed in Python 3.14.

tests/test_gradient_conflict.py::test_independent_copies_literal_sgd_and_centered_energy
  <frozen importlib._bootstrap>:488: DeprecationWarning: Type google._upb._message.ScalarMapContainer uses PyType_Spec with a metaclass that has custom tp_new. This is deprecated and will no longer be allowed in Python 3.14.

-- Docs: https://docs.pytest.org/en/stable/how-to/capture-warnings.html
105 passed, 10 skipped, 4 warnings in 5.78s
/home/wenchang/anaconda3/envs/python3.12-tk2-2.3/lib/python3.12/site-packages/torch/cuda/__init__.py:654: UserWarning: Can't initialize NVML
  warnings.warn("Can't initialize NVML")
/home/liujianhua/wjq/TAISP/.venv/lib/python3.12/site-packages/transformers/tokenization_utils_base.py:1601: FutureWarning: `clean_up_tokenization_spaces` was not set. It will be set to `True` by default. This behavior will be depracted in transformers v4.45, and will be then set to `False` by default. For more details check this issue: https://github.com/huggingface/transformers/issues/31884
  warnings.warn(
/home/wenchang/anaconda3/envs/python3.12-tk2-2.3/lib/python3.12/site-packages/torch/cuda/__init__.py:654: UserWarning: Can't initialize NVML
  warnings.warn("Can't initialize NVML")
{"cycle": 1, "raw_evaluations_saved": 8, "pair_order": ["null", "joint", "clean", "corrupted"]}
{"cycle": 2, "raw_evaluations_saved": 8, "pair_order": ["joint", "clean", "corrupted", "null"]}
{"cycle": 3, "raw_evaluations_saved": 8, "pair_order": ["clean", "corrupted", "null", "joint"]}
{"cycle": 4, "raw_evaluations_saved": 8, "pair_order": ["corrupted", "null", "joint", "clean"]}
{"cycle": 5, "raw_evaluations_saved": 8, "pair_order": ["null", "joint", "clean", "corrupted"]}
{"cycle": 6, "raw_evaluations_saved": 8, "pair_order": ["joint", "clean", "corrupted", "null"]}
{"cycle": 7, "raw_evaluations_saved": 8, "pair_order": ["clean", "corrupted", "null", "joint"]}
{"cycle": 8, "raw_evaluations_saved": 8, "pair_order": ["corrupted", "null", "joint", "clean"]}
[autodl] finished_at=2026-09-13T06:01:34+08:00
[autodl] exit_code=0
