[autodl] run_id=20260914-204507-taisp-t034a-reference240-null256
[autodl] started_at=2026-09-14T20:45:12+08:00
/home/wenchang/anaconda3/envs/python3.12-tk2-2.3/lib/python3.12/site-packages/torch/cuda/__init__.py:654: UserWarning: Can't initialize NVML
  warnings.warn("Can't initialize NVML")
{"stage": "reference", "episode": 0}
{"stage": "reference", "episode": 1}
{"stage": "reference", "episode": 2}
{"stage": "reference", "episode": 3}
{"stage": "reference", "episode": 4}
{"stage": "reference", "episode": 5}
{"stage": "reference", "episode": 6}
{"stage": "reference", "episode": 7}
{"stage": "reference", "episode": 8}
{"stage": "reference", "episode": 9}
{"stage": "reference", "episode": 10}
{"stage": "reference", "episode": 11}
{"stage": "reference", "episode": 12}
{"stage": "reference", "episode": 13}
{"stage": "reference", "episode": 14}
{"stage": "reference", "episode": 15}
{"stage": "reference", "episode": 16}
{"stage": "reference", "episode": 17}
{"stage": "reference", "episode": 18}
{"stage": "reference", "episode": 19}
{"stage": "reference", "episode": 20}
{"stage": "reference", "episode": 21}
{"stage": "reference", "episode": 22}
{"stage": "reference", "episode": 23}
{"stage": "reference", "episode": 24}
{"stage": "reference", "episode": 25}
{"stage": "reference", "episode": 26}
{"stage": "reference", "episode": 27}
{"stage": "reference", "episode": 28}
{"stage": "reference", "episode": 29}
{"stage": "reference", "episode": 30}
{"stage": "reference", "episode": 31}
{"stage": "reference", "episode": 32}
{"stage": "reference", "episode": 33}
{"stage": "reference", "episode": 34}
{"stage": "reference", "episode": 35}
{"stage": "reference", "episode": 36}
{"stage": "reference", "episode": 37}
{"stage": "reference", "episode": 38}
{"stage": "reference", "episode": 39}
{"stage": "reference", "episode": 40}
{"stage": "reference", "episode": 41}
{"stage": "reference", "episode": 42}
{"stage": "reference", "episode": 43}
{"stage": "reference", "episode": 44}
{"stage": "reference", "episode": 45}
{"stage": "reference", "episode": 46}
{"stage": "reference", "episode": 47}
{"stage": "reference", "episode": 48}
{"stage": "reference", "episode": 49}
{"stage": "reference", "episode": 50}
{"stage": "reference", "episode": 51}
{"stage": "reference", "episode": 52}
{"stage": "reference", "episode": 53}
{"stage": "reference", "episode": 54}
{"stage": "reference", "episode": 55}
{"stage": "reference", "episode": 56}
{"stage": "reference", "episode": 57}
{"stage": "reference", "episode": 58}
{"stage": "reference", "episode": 59}
{"stage": "reference", "episode": 60}
{"stage": "reference", "episode": 61}
{"stage": "reference", "episode": 62}
{"stage": "reference", "episode": 63}
{"stage": "reference", "episode": 64}
{"stage": "reference", "episode": 65}
{"stage": "reference", "episode": 66}
{"stage": "reference", "episode": 67}
{"stage": "reference", "episode": 68}
{"stage": "reference", "episode": 69}
{"stage": "reference", "episode": 70}
{"stage": "reference", "episode": 71}
{"stage": "reference", "episode": 72}
{"stage": "reference", "episode": 73}
{"stage": "reference", "episode": 74}
{"stage": "reference", "episode": 75}
{"stage": "reference", "episode": 76}
{"stage": "reference", "episode": 77}
{"stage": "reference", "episode": 78}
{"stage": "reference", "episode": 79}
{"stage": "reference", "episode": 80}
{"stage": "reference", "episode": 81}
{"stage": "reference", "episode": 82}
{"stage": "reference", "episode": 83}
{"stage": "reference", "episode": 84}
{"stage": "reference", "episode": 85}
{"stage": "reference", "episode": 86}
{"stage": "reference", "episode": 87}
{"stage": "reference", "episode": 88}
{"stage": "reference", "episode": 89}
{"stage": "reference", "episode": 90}
{"stage": "reference", "episode": 91}
{"stage": "reference", "episode": 92}
{"stage": "reference", "episode": 93}
{"stage": "reference", "episode": 94}
{"stage": "reference", "episode": 95}
{"stage": "reference", "episode": 96}
{"stage": "reference", "episode": 97}
{"stage": "reference", "episode": 98}
{"stage": "reference", "episode": 99}
{"stage": "reference", "episode": 100}
{"stage": "reference", "episode": 101}
{"stage": "reference", "episode": 102}
{"stage": "reference", "episode": 103}
{"stage": "reference", "episode": 104}
{"stage": "reference", "episode": 105}
{"stage": "reference", "episode": 106}
{"stage": "reference", "episode": 107}
{"stage": "reference", "episode": 108}
{"stage": "reference", "episode": 109}
{"stage": "reference", "episode": 110}
{"stage": "reference", "episode": 111}
{"stage": "reference", "episode": 112}
{"stage": "reference", "episode": 113}
{"stage": "reference", "episode": 114}
{"stage": "reference", "episode": 115}
{"stage": "reference", "episode": 116}
{"stage": "reference", "episode": 117}
{"stage": "reference", "episode": 118}
{"stage": "reference", "episode": 119}
{"stage": "reference", "episode": 120}
{"stage": "reference", "episode": 121}
{"stage": "reference", "episode": 122}
{"stage": "reference", "episode": 123}
{"stage": "reference", "episode": 124}
{"stage": "reference", "episode": 125}
{"stage": "reference", "episode": 126}
{"stage": "reference", "episode": 127}
{"stage": "reference", "episode": 128}
{"stage": "reference", "episode": 129}
{"stage": "reference", "episode": 130}
{"stage": "reference", "episode": 131}
{"stage": "reference", "episode": 132}
{"stage": "reference", "episode": 133}
{"stage": "reference", "episode": 134}
{"stage": "reference", "episode": 135}
{"stage": "reference", "episode": 136}
{"stage": "reference", "episode": 137}
{"stage": "reference", "episode": 138}
{"stage": "reference", "episode": 139}
{"stage": "reference", "episode": 140}
{"stage": "reference", "episode": 141}
{"stage": "reference", "episode": 142}
{"stage": "reference", "episode": 143}
{"stage": "reference", "episode": 144}
{"stage": "reference", "episode": 145}
{"stage": "reference", "episode": 146}
{"stage": "reference", "episode": 147}
{"stage": "reference", "episode": 148}
{"stage": "reference", "episode": 149}
{"stage": "reference", "episode": 150}
{"stage": "reference", "episode": 151}
{"stage": "reference", "episode": 152}
{"stage": "reference", "episode": 153}
{"stage": "reference", "episode": 154}
{"stage": "reference", "episode": 155}
{"stage": "reference", "episode": 156}
{"stage": "reference", "episode": 157}
{"stage": "reference", "episode": 158}
{"stage": "reference", "episode": 159}
{"stage": "reference", "episode": 160}
{"stage": "reference", "episode": 161}
{"stage": "reference", "episode": 162}
{"stage": "reference", "episode": 163}
{"stage": "reference", "episode": 164}
{"stage": "reference", "episode": 165}
{"stage": "reference", "episode": 166}
{"stage": "reference", "episode": 167}
{"stage": "reference", "episode": 168}
{"stage": "reference", "episode": 169}
{"stage": "reference", "episode": 170}
{"stage": "reference", "episode": 171}
{"stage": "reference", "episode": 172}
{"stage": "reference", "episode": 173}
{"stage": "reference", "episode": 174}
{"stage": "reference", "episode": 175}
{"stage": "reference", "episode": 176}
{"stage": "reference", "episode": 177}
{"stage": "reference", "episode": 178}
{"stage": "reference", "episode": 179}
{"stage": "reference", "episode": 180}
{"stage": "reference", "episode": 181}
{"stage": "reference", "episode": 182}
{"stage": "reference", "episode": 183}
{"stage": "reference", "episode": 184}
{"stage": "reference", "episode": 185}
{"stage": "reference", "episode": 186}
{"stage": "reference", "episode": 187}
{"stage": "reference", "episode": 188}
{"stage": "reference", "episode": 189}
{"stage": "reference", "episode": 190}
{"stage": "reference", "episode": 191}
{"stage": "reference", "episode": 192}
{"stage": "reference", "episode": 193}
{"stage": "reference", "episode": 194}
{"stage": "reference", "episode": 195}
{"stage": "reference", "episode": 196}
{"stage": "reference", "episode": 197}
{"stage": "reference", "episode": 198}
{"stage": "reference", "episode": 199}
{"stage": "reference", "episode": 200}
{"stage": "reference", "episode": 201}
{"stage": "reference", "episode": 202}
{"stage": "reference", "episode": 203}
{"stage": "reference", "episode": 204}
{"stage": "reference", "episode": 205}
{"stage": "reference", "episode": 206}
{"stage": "reference", "episode": 207}
{"stage": "reference", "episode": 208}
{"stage": "reference", "episode": 209}
{"stage": "reference", "episode": 210}
{"stage": "reference", "episode": 211}
{"stage": "reference", "episode": 212}
{"stage": "reference", "episode": 213}
{"stage": "reference", "episode": 214}
{"stage": "reference", "episode": 215}
{"stage": "reference", "episode": 216}
{"stage": "reference", "episode": 217}
{"stage": "reference", "episode": 218}
{"stage": "reference", "episode": 219}
{"stage": "reference", "episode": 220}
{"stage": "reference", "episode": 221}
{"stage": "reference", "episode": 222}
{"stage": "reference", "episode": 223}
{"stage": "reference", "episode": 224}
{"stage": "reference", "episode": 225}
{"stage": "reference", "episode": 226}
{"stage": "reference", "episode": 227}
{"stage": "reference", "episode": 228}
{"stage": "reference", "episode": 229}
{"stage": "reference", "episode": 230}
{"stage": "reference", "episode": 231}
{"stage": "reference", "episode": 232}
{"stage": "reference", "episode": 233}
{"stage": "reference", "episode": 234}
{"stage": "reference", "episode": 235}
{"stage": "reference", "episode": 236}
{"stage": "reference", "episode": 237}
{"stage": "reference", "episode": 238}
{"stage": "reference", "episode": 239}
[autodl] finished_at=2026-09-14T20:48:17+08:00
[autodl] exit_code=0
