[autodl] run_id=20260912-030416-taisp-t003-gradient-diagnosis
[autodl] started_at=2026-09-12T03:04:20+08:00
/home/liujianhua/wjq/TAISP/.venv/lib/python3.12/site-packages/transformers/tokenization_utils_base.py:1601: FutureWarning: `clean_up_tokenization_spaces` was not set. It will be set to `True` by default. This behavior will be depracted in transformers v4.45, and will be then set to `False` by default. For more details check this issue: https://github.com/huggingface/transformers/issues/31884
  warnings.warn(
loading annotations into memory...
Done (t=0.35s)
creating index...
index created!
[
  {
    "stage": "cold1",
    "loss": 0.3455415964126587,
    "saved_loss": 0.3455415964126587,
    "gradient": [
      0.03412417322397232,
      0.04998317360877991,
      -0.010720972903072834,
      -0.015390648506581783,
      -0.027841687202453613,
      0.037303268909454346,
      0.0012054704129695892,
      0.00540874944999814
    ],
    "saved_gradient": [
      0.03410850465297699,
      0.04998635873198509,
      -0.010665585286915302,
      -0.015409032814204693,
      -0.02783053182065487,
      0.037324175238609314,
      0.0012116692960262299,
      0.005415230989456177
    ],
    "max_error_saved": 5.538761615753174e-05,
    "max_error_previous": null
  },
  {
    "stage": "cold2",
    "loss": 0.3455415964126587,
    "saved_loss": 0.3455415964126587,
    "gradient": [
      0.03409454599022865,
      0.0499587282538414,
      -0.010647458024322987,
      -0.015407711267471313,
      -0.027861734852194786,
      0.03734080493450165,
      0.0012164078652858734,
      0.0054248021915555
    ],
    "saved_gradient": [
      0.03410850465297699,
      0.04998635873198509,
      -0.010665585286915302,
      -0.015409032814204693,
      -0.02783053182065487,
      0.037324175238609314,
      0.0012116692960262299,
      0.005415230989456177
    ],
    "max_error_saved": 3.120303153991699e-05,
    "max_error_previous": 7.351487874984741e-05
  },
  {
    "stage": "after_clean1",
    "loss": 0.3455415964126587,
    "saved_loss": 0.3455415964126587,
    "gradient": [
      0.03411111608147621,
      0.04998581111431122,
      -0.010691720992326736,
      -0.015392602421343327,
      -0.02784472331404686,
      0.03732685744762421,
      0.0012121843174099922,
      0.005416903179138899
    ],
    "saved_gradient": [
      0.03410850465297699,
      0.04998635873198509,
      -0.010665585286915302,
      -0.015409032814204693,
      -0.02783053182065487,
      0.037324175238609314,
      0.0012116692960262299,
      0.005415230989456177
    ],
    "max_error_saved": 2.6135705411434174e-05,
    "max_error_previous": 4.426296800374985e-05
  },
  {
    "stage": "after_clean2",
    "loss": 0.3455415964126587,
    "saved_loss": 0.3455415964126587,
    "gradient": [
      0.03410131484270096,
      0.050001680850982666,
      -0.010714740492403507,
      -0.015395451337099075,
      -0.02782168984413147,
      0.03730328381061554,
      0.0012145666405558586,
      0.005416013300418854
    ],
    "saved_gradient": [
      0.03410850465297699,
      0.04998635873198509,
      -0.010665585286915302,
      -0.015409032814204693,
      -0.02783053182065487,
      0.037324175238609314,
      0.0012116692960262299,
      0.005415230989456177
    ],
    "max_error_saved": 4.9155205488204956e-05,
    "max_error_previous": 2.3573637008666992e-05
  }
]
[autodl] finished_at=2026-09-12T03:04:25+08:00
[autodl] exit_code=0
