[autodl] run_id=20260913-045510-taisp-t013e-deterministic-replay
[autodl] started_at=2026-09-13T04:55:15+08:00
.............s..s.........s....s..s......s......s....................... [ 64%]
....s..s..............................s                                  [100%]
=============================== warnings summary ===============================
tests/test_demo.py::test_cuda_demo_matches_cpu
tests/test_gradient_conflict.py::test_independent_copies_literal_sgd_and_centered_energy
  /home/wenchang/anaconda3/envs/python3.12-tk2-2.3/lib/python3.12/site-packages/torch/cuda/__init__.py:654: UserWarning: Can't initialize NVML
    warnings.warn("Can't initialize NVML")

tests/test_gradient_conflict.py::test_independent_copies_literal_sgd_and_centered_energy
  <frozen importlib._bootstrap>:488: DeprecationWarning: Type google._upb._message.MessageMapContainer uses PyType_Spec with a metaclass that has custom tp_new. This is deprecated and will no longer be allowed in Python 3.14.

tests/test_gradient_conflict.py::test_independent_copies_literal_sgd_and_centered_energy
  <frozen importlib._bootstrap>:488: DeprecationWarning: Type google._upb._message.ScalarMapContainer uses PyType_Spec with a metaclass that has custom tp_new. This is deprecated and will no longer be allowed in Python 3.14.

-- Docs: https://docs.pytest.org/en/stable/how-to/capture-warnings.html
101 passed, 10 skipped, 4 warnings in 5.91s
/home/wenchang/anaconda3/envs/python3.12-tk2-2.3/lib/python3.12/site-packages/torch/cuda/__init__.py:654: UserWarning: Can't initialize NVML
  warnings.warn("Can't initialize NVML")
/home/liujianhua/wjq/TAISP/.venv/lib/python3.12/site-packages/transformers/tokenization_utils_base.py:1601: FutureWarning: `clean_up_tokenization_spaces` was not set. It will be set to `True` by default. This behavior will be depracted in transformers v4.45, and will be then set to `False` by default. For more details check this issue: https://github.com/huggingface/transformers/issues/31884
  warnings.warn(
/home/wenchang/anaconda3/envs/python3.12-tk2-2.3/lib/python3.12/site-packages/torch/cuda/__init__.py:654: UserWarning: Can't initialize NVML
  warnings.warn("Can't initialize NVML")
Traceback (most recent call last):
  File "<frozen runpy>", line 198, in _run_module_as_main
  File "<frozen runpy>", line 88, in _run_code
  File "/home/liujianhua/wjq/TAISP/releases/20260913-045442-taisp-t013e-deterministic/taisp/analysis/deterministic_replay.py", line 222, in <module>
    run({key:getattr(args,key) for key in PINS},args.control_root,args.control_manifest,args.output)
  File "/home/liujianhua/wjq/TAISP/releases/20260913-045442-taisp-t013e-deterministic/taisp/analysis/deterministic_replay.py", line 155, in run
    control_manifest_sha256=CONTROL_MANIFEST_SHA, initial_isolation=isolation())
                                                                    ^^^^^^^^^^^
  File "/home/liujianhua/wjq/TAISP/releases/20260913-045442-taisp-t013e-deterministic/taisp/analysis/deterministic_replay.py", line 140, in isolation
    assert hashes == original_hashes and frozen_unchanged(models, states)
           ^^^^^^^^^^^^^^^^^^^^^^^^^^^^^^^^^^^^^^^^^^^^^^^^^^^^^^^^^^^^^^
AssertionError
[autodl] finished_at=2026-09-13T04:55:28+08:00
[autodl] exit_code=1
