[autodl] run_id=20260913-014612-taisp-t013b-source-three-steps
[autodl] started_at=2026-09-13T01:46:16+08:00
.............s..s.........s....s..s...s....s........................s..s [ 69%]
..............................s                                          [100%]
=============================== warnings summary ===============================
tests/test_demo.py::test_cuda_demo_matches_cpu
tests/test_initialization.py::test_forward_parity_entire_trajectory_and_deployment_detachment[0.0]
  /home/wenchang/anaconda3/envs/python3.12-tk2-2.3/lib/python3.12/site-packages/torch/cuda/__init__.py:654: UserWarning: Can't initialize NVML
    warnings.warn("Can't initialize NVML")

-- Docs: https://docs.pytest.org/en/stable/how-to/capture-warnings.html
93 passed, 10 skipped, 2 warnings in 5.94s
/home/wenchang/anaconda3/envs/python3.12-tk2-2.3/lib/python3.12/site-packages/torch/cuda/__init__.py:654: UserWarning: Can't initialize NVML
  warnings.warn("Can't initialize NVML")
/home/liujianhua/wjq/TAISP/.venv/lib/python3.12/site-packages/transformers/tokenization_utils_base.py:1601: FutureWarning: `clean_up_tokenization_spaces` was not set. It will be set to `True` by default. This behavior will be depracted in transformers v4.45, and will be then set to `False` by default. For more details check this issue: https://github.com/huggingface/transformers/issues/31884
  warnings.warn(
/home/wenchang/anaconda3/envs/python3.12-tk2-2.3/lib/python3.12/site-packages/torch/cuda/__init__.py:654: UserWarning: Can't initialize NVML
  warnings.warn("Can't initialize NVML")
{"step": 0, "optimizer_step_applied": true, "mean_outer_loss": 0.4740833055693656, "mean_components": {"loss_classifier": 0.19039115836494602, "loss_box_reg": 0.23771621705964208, "loss_objectness": 0.031213441859335944, "loss_rpn_box_reg": 0.014762497070478275}, "head_gradient_norm": 0.16858434677124023, "trunk_gradient_norm": 0.0, "predictor_parameter_change_norm": 0.0, "all_predictor_gradients_finite": true, "frozen_models_unchanged": true, "clean": {"phi0_norm_mean": 0.0, "phi0_norm_max": 0.0, "phi3_norm_mean": 0.0712027195841074, "phi3_norm_max": 0.14810465276241302, "saturation_rate_mean": 0.01397102017654106, "saturation_rate_max": 0.027079647406935692, "empty_support_count": 0}, "corrupted": {"phi0_norm_mean": 0.0, "phi0_norm_max": 0.0, "phi3_norm_mean": 0.01996472803875804, "phi3_norm_max": 0.02689204551279545, "saturation_rate_mean": 0.0132206009247966, "saturation_rate_max": 0.05153714492917061, "empty_support_count": 0}, "peak_cuda_allocated_bytes": 3712393216, "elapsed_seconds": 3.308017072005896}
{"step": 1, "optimizer_step_applied": true, "mean_outer_loss": 0.4721192726865411, "mean_components": {"loss_classifier": 0.19103473605355248, "loss_box_reg": 0.23490552348084748, "loss_objectness": 0.03128551891177267, "loss_rpn_box_reg": 0.014893496700096875}, "head_gradient_norm": 0.1742039918899536, "trunk_gradient_norm": 1.493231229687808e-05, "predictor_parameter_change_norm": 0.0001685843599261716, "all_predictor_gradients_finite": true, "frozen_models_unchanged": true, "clean": {"phi0_norm_mean": 0.00017517665764898993, "phi0_norm_max": 0.0001799603778636083, "phi3_norm_mean": 0.09866384789347649, "phi3_norm_max": 0.19150002300739288, "saturation_rate_mean": 0.018109011027263477, "saturation_rate_max": 0.04769432917237282, "empty_support_count": 0}, "corrupted": {"phi0_norm_mean": 0.00017339277837891132, "phi0_norm_max": 0.0001839173783082515, "phi3_norm_mean": 0.01971665141172707, "phi3_norm_max": 0.02578847110271454, "saturation_rate_mean": 0.012089171587831515, "saturation_rate_max": 0.04701142758131027, "empty_support_count": 0}, "peak_cuda_allocated_bytes": 3712453632, "elapsed_seconds": 3.090249800006859}
{"step": 2, "optimizer_step_applied": true, "mean_outer_loss": 0.47594803059473634, "mean_components": {"loss_classifier": 0.19318217554246075, "loss_box_reg": 0.2366201588883996, "loss_objectness": 0.031250794687821326, "loss_rpn_box_reg": 0.014894913576426916}, "head_gradient_norm": 0.18723589181900024, "trunk_gradient_norm": 3.299717718618922e-05, "predictor_parameter_change_norm": 0.00034109866828657687, "all_predictor_gradients_finite": true, "frozen_models_unchanged": true, "clean": {"phi0_norm_mean": 0.00035506234416970983, "phi0_norm_max": 0.0003644685202743858, "phi3_norm_mean": 0.09723705891519785, "phi3_norm_max": 0.1911567896604538, "saturation_rate_mean": 0.01680147016304545, "saturation_rate_max": 0.04507787898182869, "empty_support_count": 0}, "corrupted": {"phi0_norm_mean": 0.00035133978963131085, "phi0_norm_max": 0.00037170544965192676, "phi3_norm_mean": 0.019831144018098712, "phi3_norm_max": 0.026466580107808113, "saturation_rate_mean": 0.012741552806801337, "saturation_rate_max": 0.04962095245718956, "empty_support_count": 0}, "peak_cuda_allocated_bytes": 3712453632, "elapsed_seconds": 2.782936766016064}
{"step": 3, "optimizer_step_applied": false, "mean_outer_loss": 0.4738954231142998, "mean_components": {"loss_classifier": 0.19273160860757343, "loss_box_reg": 0.23495449079200625, "loss_objectness": 0.0312924655011102, "loss_rpn_box_reg": 0.014916844927938655}, "head_gradient_norm": 0.19111555814743042, "trunk_gradient_norm": 5.162177330930717e-05, "predictor_parameter_change_norm": 0.0005275245057418942, "all_predictor_gradients_finite": true, "frozen_models_unchanged": true, "clean": {"phi0_norm_mean": 0.0005500023980857804, "phi0_norm_max": 0.0005646600620821118, "phi3_norm_mean": 0.09041913505643606, "phi3_norm_max": 0.19045472145080566, "saturation_rate_mean": 0.01567063233233057, "saturation_rate_max": 0.04505576938390732, "empty_support_count": 0}, "corrupted": {"phi0_norm_mean": 0.0005443775589810684, "phi0_norm_max": 0.000576352933421731, "phi3_norm_mean": 0.019958153599873185, "phi3_norm_max": 0.027042057365179062, "saturation_rate_mean": 0.014551076247698802, "saturation_rate_max": 0.05685904622077942, "empty_support_count": 0}, "peak_cuda_allocated_bytes": 3712453632, "elapsed_seconds": 2.744862389023183}
[autodl] finished_at=2026-09-13T01:46:40+08:00
[autodl] exit_code=0
