[autodl] run_id=20260914-151141-taisp-t030a2-attribution8x5
[autodl] started_at=2026-09-14T15:11:47+08:00
/home/wenchang/anaconda3/envs/python3.12-tk2-2.3/lib/python3.12/site-packages/torch/cuda/__init__.py:654: UserWarning: Can't initialize NVML
  warnings.warn("Can't initialize NVML")
{"episode": 0, "repetition": 0, "stage": "diagnostic"}
{"episode": 0, "repetition": 1, "stage": "diagnostic"}
{"episode": 0, "repetition": 2, "stage": "diagnostic"}
{"episode": 0, "repetition": 3, "stage": "diagnostic"}
{"episode": 0, "repetition": 4, "stage": "diagnostic"}
{"episode": 1, "repetition": 0, "stage": "diagnostic"}
{"episode": 1, "repetition": 1, "stage": "diagnostic"}
{"episode": 1, "repetition": 2, "stage": "diagnostic"}
{"episode": 1, "repetition": 3, "stage": "diagnostic"}
{"episode": 1, "repetition": 4, "stage": "diagnostic"}
{"episode": 2, "repetition": 0, "stage": "diagnostic"}
{"episode": 2, "repetition": 1, "stage": "diagnostic"}
{"episode": 2, "repetition": 2, "stage": "diagnostic"}
{"episode": 2, "repetition": 3, "stage": "diagnostic"}
{"episode": 2, "repetition": 4, "stage": "diagnostic"}
{"episode": 3, "repetition": 0, "stage": "diagnostic"}
{"episode": 3, "repetition": 1, "stage": "diagnostic"}
{"episode": 3, "repetition": 2, "stage": "diagnostic"}
{"episode": 3, "repetition": 3, "stage": "diagnostic"}
{"episode": 3, "repetition": 4, "stage": "diagnostic"}
{"episode": 4, "repetition": 0, "stage": "diagnostic"}
{"episode": 4, "repetition": 1, "stage": "diagnostic"}
{"episode": 4, "repetition": 2, "stage": "diagnostic"}
{"episode": 4, "repetition": 3, "stage": "diagnostic"}
{"episode": 4, "repetition": 4, "stage": "diagnostic"}
{"episode": 5, "repetition": 0, "stage": "diagnostic"}
{"episode": 5, "repetition": 1, "stage": "diagnostic"}
{"episode": 5, "repetition": 2, "stage": "diagnostic"}
{"episode": 5, "repetition": 3, "stage": "diagnostic"}
{"episode": 5, "repetition": 4, "stage": "diagnostic"}
{"episode": 6, "repetition": 0, "stage": "diagnostic"}
{"episode": 6, "repetition": 1, "stage": "diagnostic"}
{"episode": 6, "repetition": 2, "stage": "diagnostic"}
{"episode": 6, "repetition": 3, "stage": "diagnostic"}
{"episode": 6, "repetition": 4, "stage": "diagnostic"}
{"episode": 7, "repetition": 0, "stage": "diagnostic"}
{"episode": 7, "repetition": 1, "stage": "diagnostic"}
{"episode": 7, "repetition": 2, "stage": "diagnostic"}
{"episode": 7, "repetition": 3, "stage": "diagnostic"}
{"episode": 7, "repetition": 4, "stage": "diagnostic"}
[autodl] finished_at=2026-09-14T15:12:40+08:00
[autodl] exit_code=0
