[autodl] run_id=20260914-083057-taisp-t028a-reference360
[autodl] started_at=2026-09-14T08:31:02+08:00
/home/wenchang/anaconda3/envs/python3.12-tk2-2.3/lib/python3.12/site-packages/torch/cuda/__init__.py:654: UserWarning: Can't initialize NVML
  warnings.warn("Can't initialize NVML")
{"stage": "reference", "episode": 0, "integrity": true}
{"stage": "reference", "episode": 1, "integrity": true}
{"stage": "reference", "episode": 2, "integrity": true}
{"stage": "reference", "episode": 3, "integrity": true}
{"stage": "reference", "episode": 4, "integrity": true}
{"stage": "reference", "episode": 5, "integrity": true}
{"stage": "reference", "episode": 6, "integrity": true}
{"stage": "reference", "episode": 7, "integrity": true}
{"stage": "reference", "episode": 8, "integrity": true}
{"stage": "reference", "episode": 9, "integrity": true}
{"stage": "reference", "episode": 10, "integrity": true}
{"stage": "reference", "episode": 11, "integrity": true}
{"stage": "reference", "episode": 12, "integrity": true}
{"stage": "reference", "episode": 13, "integrity": true}
{"stage": "reference", "episode": 14, "integrity": true}
{"stage": "reference", "episode": 15, "integrity": true}
{"stage": "reference", "episode": 16, "integrity": true}
{"stage": "reference", "episode": 17, "integrity": true}
{"stage": "reference", "episode": 18, "integrity": true}
{"stage": "reference", "episode": 19, "integrity": true}
{"stage": "reference", "episode": 20, "integrity": true}
{"stage": "reference", "episode": 21, "integrity": true}
{"stage": "reference", "episode": 22, "integrity": true}
{"stage": "reference", "episode": 23, "integrity": true}
{"stage": "reference", "episode": 24, "integrity": true}
{"stage": "reference", "episode": 25, "integrity": true}
{"stage": "reference", "episode": 26, "integrity": true}
{"stage": "reference", "episode": 27, "integrity": true}
{"stage": "reference", "episode": 28, "integrity": true}
{"stage": "reference", "episode": 29, "integrity": true}
{"stage": "reference", "episode": 30, "integrity": true}
{"stage": "reference", "episode": 31, "integrity": true}
{"stage": "reference", "episode": 32, "integrity": true}
{"stage": "reference", "episode": 33, "integrity": true}
{"stage": "reference", "episode": 34, "integrity": true}
{"stage": "reference", "episode": 35, "integrity": true}
{"stage": "reference", "episode": 36, "integrity": true}
{"stage": "reference", "episode": 37, "integrity": true}
{"stage": "reference", "episode": 38, "integrity": true}
{"stage": "reference", "episode": 39, "integrity": true}
{"stage": "reference", "episode": 40, "integrity": true}
{"stage": "reference", "episode": 41, "integrity": true}
{"stage": "reference", "episode": 42, "integrity": true}
{"stage": "reference", "episode": 43, "integrity": true}
{"stage": "reference", "episode": 44, "integrity": true}
{"stage": "reference", "episode": 45, "integrity": true}
{"stage": "reference", "episode": 46, "integrity": true}
{"stage": "reference", "episode": 47, "integrity": true}
{"stage": "reference", "episode": 48, "integrity": true}
{"stage": "reference", "episode": 49, "integrity": true}
{"stage": "reference", "episode": 50, "integrity": true}
{"stage": "reference", "episode": 51, "integrity": true}
{"stage": "reference", "episode": 52, "integrity": true}
{"stage": "reference", "episode": 53, "integrity": true}
{"stage": "reference", "episode": 54, "integrity": true}
{"stage": "reference", "episode": 55, "integrity": true}
{"stage": "reference", "episode": 56, "integrity": true}
{"stage": "reference", "episode": 57, "integrity": true}
{"stage": "reference", "episode": 58, "integrity": true}
{"stage": "reference", "episode": 59, "integrity": true}
{"stage": "reference", "episode": 60, "integrity": true}
{"stage": "reference", "episode": 61, "integrity": true}
{"stage": "reference", "episode": 62, "integrity": true}
{"stage": "reference", "episode": 63, "integrity": true}
{"stage": "reference", "episode": 64, "integrity": true}
{"stage": "reference", "episode": 65, "integrity": true}
{"stage": "reference", "episode": 66, "integrity": true}
{"stage": "reference", "episode": 67, "integrity": true}
{"stage": "reference", "episode": 68, "integrity": true}
{"stage": "reference", "episode": 69, "integrity": true}
{"stage": "reference", "episode": 70, "integrity": true}
{"stage": "reference", "episode": 71, "integrity": true}
{"stage": "reference", "episode": 72, "integrity": true}
{"stage": "reference", "episode": 73, "integrity": true}
{"stage": "reference", "episode": 74, "integrity": true}
{"stage": "reference", "episode": 75, "integrity": true}
{"stage": "reference", "episode": 76, "integrity": true}
{"stage": "reference", "episode": 77, "integrity": true}
{"stage": "reference", "episode": 78, "integrity": true}
{"stage": "reference", "episode": 79, "integrity": true}
{"stage": "reference", "episode": 80, "integrity": true}
{"stage": "reference", "episode": 81, "integrity": true}
{"stage": "reference", "episode": 82, "integrity": true}
{"stage": "reference", "episode": 83, "integrity": true}
{"stage": "reference", "episode": 84, "integrity": true}
{"stage": "reference", "episode": 85, "integrity": true}
{"stage": "reference", "episode": 86, "integrity": true}
{"stage": "reference", "episode": 87, "integrity": true}
{"stage": "reference", "episode": 88, "integrity": true}
{"stage": "reference", "episode": 89, "integrity": true}
{"stage": "reference", "episode": 90, "integrity": true}
{"stage": "reference", "episode": 91, "integrity": true}
{"stage": "reference", "episode": 92, "integrity": true}
{"stage": "reference", "episode": 93, "integrity": true}
{"stage": "reference", "episode": 94, "integrity": true}
{"stage": "reference", "episode": 95, "integrity": true}
{"stage": "reference", "episode": 96, "integrity": true}
{"stage": "reference", "episode": 97, "integrity": true}
{"stage": "reference", "episode": 98, "integrity": true}
{"stage": "reference", "episode": 99, "integrity": true}
{"stage": "reference", "episode": 100, "integrity": true}
{"stage": "reference", "episode": 101, "integrity": true}
{"stage": "reference", "episode": 102, "integrity": true}
{"stage": "reference", "episode": 103, "integrity": true}
{"stage": "reference", "episode": 104, "integrity": true}
{"stage": "reference", "episode": 105, "integrity": true}
{"stage": "reference", "episode": 106, "integrity": true}
{"stage": "reference", "episode": 107, "integrity": true}
{"stage": "reference", "episode": 108, "integrity": true}
{"stage": "reference", "episode": 109, "integrity": true}
{"stage": "reference", "episode": 110, "integrity": true}
{"stage": "reference", "episode": 111, "integrity": true}
{"stage": "reference", "episode": 112, "integrity": true}
{"stage": "reference", "episode": 113, "integrity": true}
{"stage": "reference", "episode": 114, "integrity": true}
{"stage": "reference", "episode": 115, "integrity": true}
{"stage": "reference", "episode": 116, "integrity": true}
{"stage": "reference", "episode": 117, "integrity": true}
{"stage": "reference", "episode": 118, "integrity": true}
{"stage": "reference", "episode": 119, "integrity": true}
{"stage": "reference", "episode": 120, "integrity": true}
{"stage": "reference", "episode": 121, "integrity": true}
{"stage": "reference", "episode": 122, "integrity": true}
{"stage": "reference", "episode": 123, "integrity": true}
{"stage": "reference", "episode": 124, "integrity": true}
{"stage": "reference", "episode": 125, "integrity": true}
{"stage": "reference", "episode": 126, "integrity": true}
{"stage": "reference", "episode": 127, "integrity": true}
{"stage": "reference", "episode": 128, "integrity": true}
{"stage": "reference", "episode": 129, "integrity": true}
{"stage": "reference", "episode": 130, "integrity": true}
{"stage": "reference", "episode": 131, "integrity": true}
{"stage": "reference", "episode": 132, "integrity": true}
{"stage": "reference", "episode": 133, "integrity": true}
{"stage": "reference", "episode": 134, "integrity": true}
{"stage": "reference", "episode": 135, "integrity": true}
{"stage": "reference", "episode": 136, "integrity": true}
{"stage": "reference", "episode": 137, "integrity": true}
{"stage": "reference", "episode": 138, "integrity": true}
{"stage": "reference", "episode": 139, "integrity": true}
{"stage": "reference", "episode": 140, "integrity": true}
{"stage": "reference", "episode": 141, "integrity": true}
{"stage": "reference", "episode": 142, "integrity": true}
{"stage": "reference", "episode": 143, "integrity": true}
{"stage": "reference", "episode": 144, "integrity": true}
{"stage": "reference", "episode": 145, "integrity": true}
{"stage": "reference", "episode": 146, "integrity": true}
{"stage": "reference", "episode": 147, "integrity": true}
{"stage": "reference", "episode": 148, "integrity": true}
{"stage": "reference", "episode": 149, "integrity": true}
{"stage": "reference", "episode": 150, "integrity": true}
{"stage": "reference", "episode": 151, "integrity": true}
{"stage": "reference", "episode": 152, "integrity": true}
{"stage": "reference", "episode": 153, "integrity": true}
{"stage": "reference", "episode": 154, "integrity": true}
{"stage": "reference", "episode": 155, "integrity": true}
{"stage": "reference", "episode": 156, "integrity": true}
{"stage": "reference", "episode": 157, "integrity": true}
{"stage": "reference", "episode": 158, "integrity": true}
{"stage": "reference", "episode": 159, "integrity": true}
{"stage": "reference", "episode": 160, "integrity": true}
{"stage": "reference", "episode": 161, "integrity": true}
{"stage": "reference", "episode": 162, "integrity": true}
{"stage": "reference", "episode": 163, "integrity": true}
{"stage": "reference", "episode": 164, "integrity": true}
{"stage": "reference", "episode": 165, "integrity": true}
{"stage": "reference", "episode": 166, "integrity": true}
{"stage": "reference", "episode": 167, "integrity": true}
{"stage": "reference", "episode": 168, "integrity": true}
{"stage": "reference", "episode": 169, "integrity": true}
{"stage": "reference", "episode": 170, "integrity": true}
{"stage": "reference", "episode": 171, "integrity": true}
{"stage": "reference", "episode": 172, "integrity": true}
{"stage": "reference", "episode": 173, "integrity": true}
{"stage": "reference", "episode": 174, "integrity": true}
{"stage": "reference", "episode": 175, "integrity": true}
{"stage": "reference", "episode": 176, "integrity": true}
{"stage": "reference", "episode": 177, "integrity": true}
{"stage": "reference", "episode": 178, "integrity": true}
{"stage": "reference", "episode": 179, "integrity": true}
{"stage": "reference", "episode": 180, "integrity": true}
{"stage": "reference", "episode": 181, "integrity": true}
{"stage": "reference", "episode": 182, "integrity": true}
{"stage": "reference", "episode": 183, "integrity": true}
{"stage": "reference", "episode": 184, "integrity": true}
{"stage": "reference", "episode": 185, "integrity": true}
{"stage": "reference", "episode": 186, "integrity": true}
{"stage": "reference", "episode": 187, "integrity": true}
{"stage": "reference", "episode": 188, "integrity": true}
{"stage": "reference", "episode": 189, "integrity": true}
{"stage": "reference", "episode": 190, "integrity": true}
{"stage": "reference", "episode": 191, "integrity": true}
{"stage": "reference", "episode": 192, "integrity": true}
{"stage": "reference", "episode": 193, "integrity": true}
{"stage": "reference", "episode": 194, "integrity": true}
{"stage": "reference", "episode": 195, "integrity": true}
{"stage": "reference", "episode": 196, "integrity": true}
{"stage": "reference", "episode": 197, "integrity": true}
{"stage": "reference", "episode": 198, "integrity": true}
{"stage": "reference", "episode": 199, "integrity": true}
{"stage": "reference", "episode": 200, "integrity": true}
{"stage": "reference", "episode": 201, "integrity": true}
{"stage": "reference", "episode": 202, "integrity": true}
{"stage": "reference", "episode": 203, "integrity": true}
{"stage": "reference", "episode": 204, "integrity": true}
{"stage": "reference", "episode": 205, "integrity": true}
{"stage": "reference", "episode": 206, "integrity": true}
{"stage": "reference", "episode": 207, "integrity": true}
{"stage": "reference", "episode": 208, "integrity": true}
{"stage": "reference", "episode": 209, "integrity": true}
{"stage": "reference", "episode": 210, "integrity": true}
{"stage": "reference", "episode": 211, "integrity": true}
{"stage": "reference", "episode": 212, "integrity": true}
{"stage": "reference", "episode": 213, "integrity": true}
{"stage": "reference", "episode": 214, "integrity": true}
{"stage": "reference", "episode": 215, "integrity": true}
{"stage": "reference", "episode": 216, "integrity": true}
{"stage": "reference", "episode": 217, "integrity": true}
{"stage": "reference", "episode": 218, "integrity": true}
{"stage": "reference", "episode": 219, "integrity": true}
{"stage": "reference", "episode": 220, "integrity": true}
{"stage": "reference", "episode": 221, "integrity": true}
{"stage": "reference", "episode": 222, "integrity": true}
{"stage": "reference", "episode": 223, "integrity": true}
{"stage": "reference", "episode": 224, "integrity": true}
{"stage": "reference", "episode": 225, "integrity": true}
{"stage": "reference", "episode": 226, "integrity": true}
{"stage": "reference", "episode": 227, "integrity": true}
{"stage": "reference", "episode": 228, "integrity": true}
{"stage": "reference", "episode": 229, "integrity": true}
{"stage": "reference", "episode": 230, "integrity": true}
{"stage": "reference", "episode": 231, "integrity": true}
{"stage": "reference", "episode": 232, "integrity": true}
{"stage": "reference", "episode": 233, "integrity": true}
{"stage": "reference", "episode": 234, "integrity": true}
{"stage": "reference", "episode": 235, "integrity": true}
{"stage": "reference", "episode": 236, "integrity": true}
{"stage": "reference", "episode": 237, "integrity": true}
{"stage": "reference", "episode": 238, "integrity": true}
{"stage": "reference", "episode": 239, "integrity": true}
{"stage": "reference", "episode": 240, "integrity": true}
{"stage": "reference", "episode": 241, "integrity": true}
{"stage": "reference", "episode": 242, "integrity": true}
{"stage": "reference", "episode": 243, "integrity": true}
{"stage": "reference", "episode": 244, "integrity": true}
{"stage": "reference", "episode": 245, "integrity": true}
{"stage": "reference", "episode": 246, "integrity": true}
{"stage": "reference", "episode": 247, "integrity": true}
{"stage": "reference", "episode": 248, "integrity": true}
{"stage": "reference", "episode": 249, "integrity": true}
{"stage": "reference", "episode": 250, "integrity": true}
{"stage": "reference", "episode": 251, "integrity": true}
{"stage": "reference", "episode": 252, "integrity": true}
{"stage": "reference", "episode": 253, "integrity": true}
{"stage": "reference", "episode": 254, "integrity": true}
{"stage": "reference", "episode": 255, "integrity": true}
{"stage": "reference", "episode": 256, "integrity": true}
{"stage": "reference", "episode": 257, "integrity": true}
{"stage": "reference", "episode": 258, "integrity": true}
{"stage": "reference", "episode": 259, "integrity": true}
{"stage": "reference", "episode": 260, "integrity": true}
{"stage": "reference", "episode": 261, "integrity": true}
{"stage": "reference", "episode": 262, "integrity": true}
{"stage": "reference", "episode": 263, "integrity": true}
{"stage": "reference", "episode": 264, "integrity": true}
{"stage": "reference", "episode": 265, "integrity": true}
{"stage": "reference", "episode": 266, "integrity": true}
{"stage": "reference", "episode": 267, "integrity": true}
{"stage": "reference", "episode": 268, "integrity": true}
{"stage": "reference", "episode": 269, "integrity": true}
{"stage": "reference", "episode": 270, "integrity": true}
{"stage": "reference", "episode": 271, "integrity": true}
{"stage": "reference", "episode": 272, "integrity": true}
{"stage": "reference", "episode": 273, "integrity": true}
{"stage": "reference", "episode": 274, "integrity": true}
{"stage": "reference", "episode": 275, "integrity": true}
{"stage": "reference", "episode": 276, "integrity": true}
{"stage": "reference", "episode": 277, "integrity": true}
{"stage": "reference", "episode": 278, "integrity": true}
{"stage": "reference", "episode": 279, "integrity": true}
{"stage": "reference", "episode": 280, "integrity": true}
{"stage": "reference", "episode": 281, "integrity": true}
{"stage": "reference", "episode": 282, "integrity": true}
{"stage": "reference", "episode": 283, "integrity": true}
{"stage": "reference", "episode": 284, "integrity": true}
{"stage": "reference", "episode": 285, "integrity": true}
{"stage": "reference", "episode": 286, "integrity": true}
{"stage": "reference", "episode": 287, "integrity": true}
{"stage": "reference", "episode": 288, "integrity": true}
{"stage": "reference", "episode": 289, "integrity": true}
{"stage": "reference", "episode": 290, "integrity": true}
{"stage": "reference", "episode": 291, "integrity": true}
{"stage": "reference", "episode": 292, "integrity": true}
{"stage": "reference", "episode": 293, "integrity": true}
{"stage": "reference", "episode": 294, "integrity": true}
{"stage": "reference", "episode": 295, "integrity": true}
{"stage": "reference", "episode": 296, "integrity": true}
{"stage": "reference", "episode": 297, "integrity": true}
{"stage": "reference", "episode": 298, "integrity": true}
{"stage": "reference", "episode": 299, "integrity": true}
{"stage": "reference", "episode": 300, "integrity": true}
{"stage": "reference", "episode": 301, "integrity": true}
{"stage": "reference", "episode": 302, "integrity": true}
{"stage": "reference", "episode": 303, "integrity": true}
{"stage": "reference", "episode": 304, "integrity": true}
{"stage": "reference", "episode": 305, "integrity": true}
{"stage": "reference", "episode": 306, "integrity": true}
{"stage": "reference", "episode": 307, "integrity": true}
{"stage": "reference", "episode": 308, "integrity": true}
{"stage": "reference", "episode": 309, "integrity": true}
{"stage": "reference", "episode": 310, "integrity": true}
{"stage": "reference", "episode": 311, "integrity": true}
{"stage": "reference", "episode": 312, "integrity": true}
{"stage": "reference", "episode": 313, "integrity": true}
{"stage": "reference", "episode": 314, "integrity": true}
{"stage": "reference", "episode": 315, "integrity": true}
{"stage": "reference", "episode": 316, "integrity": true}
{"stage": "reference", "episode": 317, "integrity": true}
{"stage": "reference", "episode": 318, "integrity": true}
{"stage": "reference", "episode": 319, "integrity": true}
{"stage": "reference", "episode": 320, "integrity": true}
{"stage": "reference", "episode": 321, "integrity": true}
{"stage": "reference", "episode": 322, "integrity": true}
{"stage": "reference", "episode": 323, "integrity": true}
{"stage": "reference", "episode": 324, "integrity": true}
{"stage": "reference", "episode": 325, "integrity": true}
{"stage": "reference", "episode": 326, "integrity": true}
{"stage": "reference", "episode": 327, "integrity": true}
{"stage": "reference", "episode": 328, "integrity": true}
{"stage": "reference", "episode": 329, "integrity": true}
{"stage": "reference", "episode": 330, "integrity": true}
{"stage": "reference", "episode": 331, "integrity": true}
{"stage": "reference", "episode": 332, "integrity": true}
{"stage": "reference", "episode": 333, "integrity": true}
{"stage": "reference", "episode": 334, "integrity": true}
{"stage": "reference", "episode": 335, "integrity": true}
{"stage": "reference", "episode": 336, "integrity": true}
{"stage": "reference", "episode": 337, "integrity": true}
{"stage": "reference", "episode": 338, "integrity": true}
{"stage": "reference", "episode": 339, "integrity": true}
{"stage": "reference", "episode": 340, "integrity": true}
{"stage": "reference", "episode": 341, "integrity": true}
{"stage": "reference", "episode": 342, "integrity": true}
{"stage": "reference", "episode": 343, "integrity": true}
{"stage": "reference", "episode": 344, "integrity": true}
{"stage": "reference", "episode": 345, "integrity": true}
{"stage": "reference", "episode": 346, "integrity": true}
{"stage": "reference", "episode": 347, "integrity": true}
{"stage": "reference", "episode": 348, "integrity": true}
{"stage": "reference", "episode": 349, "integrity": true}
{"stage": "reference", "episode": 350, "integrity": true}
{"stage": "reference", "episode": 351, "integrity": true}
{"stage": "reference", "episode": 352, "integrity": true}
{"stage": "reference", "episode": 353, "integrity": true}
{"stage": "reference", "episode": 354, "integrity": true}
{"stage": "reference", "episode": 355, "integrity": true}
{"stage": "reference", "episode": 356, "integrity": true}
{"stage": "reference", "episode": 357, "integrity": true}
{"stage": "reference", "episode": 358, "integrity": true}
{"stage": "reference", "episode": 359, "integrity": true}
{"status": "NEEDS_REVIEW", "overall": {"n": 120, "prevalence": 0.6666666666666666, "AUROC": 0.52625, "Spearman": 0.04364191957774846, "trusted_coverage": 0.6583333333333333, "trusted": {"n": 79, "positive_fraction": 0.6962025316455697, "mean": 0.13083628386131474, "median": 0.03801710587715246, "quantiles": {"0": -0.5624229041830048, ".25": -0.018036553747590597, ".5": 0.03801710587715246, ".75": 0.1371949018083558, "1": 2.231516073445351}}, "untrusted": {"n": 41, "positive_fraction": 0.6097560975609756, "mean": 0.04215577974139203, "median": 0.015485673402891783, "quantiles": {"0": -0.22183871758551776, ".25": -0.022718258579138156, ".5": 0.015485673402891783, ".75": 0.08267268373280909, "1": 0.4505011737752723}}, "all_utility": {"n": 120, "positive_fraction": 0.6666666666666666, "mean": 0.10053711162034112, "median": 0.031716148881057435, "quantiles": {"0": -0.5624229041830048, ".25": -0.02017146570873421, ".5": 0.031716148881057435, ".75": 0.12438195319934577, "1": 2.231516073445351}}, "precision_gain": 0.029535864978903037, "nonzero_pseudo": 119, "nonzero_clip": 120, "integrity_passed": true}, "corrupt": {"n": 60, "prevalence": 0.7333333333333333, "AUROC": 0.6576704545454546, "Spearman": 0.17627118644067793, "trusted_coverage": 0.7166666666666667, "trusted": {"n": 43, "positive_fraction": 0.813953488372093, "mean": 0.2242457599256979, "median": 0.09037239109732108, "quantiles": {"0": -0.5624229041830048, ".25": 0.009627432391089433, ".5": 0.09037239109732108, ".75": 0.24618149896854208, "1": 2.231516073445351}}, "untrusted": {"n": 17, "positive_fraction": 0.5294117647058824, "mean": 0.021480122326686713, "median": 0.0023443187059577607, "quantiles": {"0": -0.22183871758551776, ".25": -0.06389765043430945, ".5": 0.0023443187059577607, ".75": 0.06758916935970419, "1": 0.3363215335356647}}, "all_utility": {"n": 60, "positive_fraction": 0.7333333333333333, "mean": 0.1667954959393114, "median": 0.0554402939981256, "quantiles": {"0": -0.5624229041830048, ".25": -0.003749211922470659, ".5": 0.0554402939981256, ".75": 0.19519267404739757, "1": 2.231516073445351}}, "precision_gain": 0.08062015503875974, "nonzero_pseudo": 59, "nonzero_clip": 60, "integrity_passed": true}, "conditions": {"clean_s0": {"n": 60, "prevalence": 0.6, "AUROC": 0.4386574074074074, "Spearman": -0.09263684356765767, "trusted_coverage": 0.6, "trusted": {"n": 36, "positive_fraction": 0.5555555555555556, "mean": 0.019263854117745935, "median": 0.008930455574834937, "quantiles": {"0": -0.31706403433619834, ".25": -0.04100465872459034, ".5": 0.008930455574834937, ".75": 0.07883257985220939, "1": 0.21890008131842337}}, "untrusted": {"n": 24, "positive_fraction": 0.6666666666666666, "mean": 0.05680103707680829, "median": 0.029414479358983336, "quantiles": {"0": -0.0722049263413723, ".25": -0.008997459156271013, ".5": 0.029414479358983336, ".75": 0.09102979446707649, "1": 0.4505011737752723}}, "all_utility": {"n": 60, "positive_fraction": 0.6, "mean": 0.03427872730137089, "median": 0.01484991512421041, "quantiles": {"0": -0.31706403433619834, ".25": -0.030634108606034986, ".5": 0.01484991512421041, ".75": 0.09102979446707649, "1": 0.4505011737752723}}, "precision_gain": -0.0444444444444444, "nonzero_pseudo": 60, "nonzero_clip": 60, "integrity_passed": true}, "color_cast_s2": {"n": 20, "prevalence": 0.65, "AUROC": 0.6373626373626373, "Spearman": 0.17142857142857143, "trusted_coverage": 0.75, "trusted": {"n": 15, "positive_fraction": 0.6666666666666666, "mean": 0.17750375297160492, "median": 0.05201006836683816, "quantiles": {"0": -0.5624229041830048, ".25": -0.025873700723347142, ".5": 0.05201006836683816, ".75": 0.1394535559361763, "1": 2.231516073445351}}, "untrusted": {"n": 5, "positive_fraction": 0.6, "mean": -0.003477492836510815, "median": 0.0038382195592223394, "quantiles": {"0": -0.07107206991023378, ".25": -0.06389765043430945, ".5": 0.0038382195592223394, ".75": 0.04615486724306263, "1": 0.06758916935970419}}, "all_utility": {"n": 20, "positive_fraction": 0.65, "mean": 0.132258441519576, "median": 0.03863196594031071, "quantiles": {"0": -0.5624229041830048, ".25": -0.03996531028756938, ".5": 0.03863196594031071, ".75": 0.07518298584890878, "1": 2.231516073445351}}, "precision_gain": 0.016666666666666607, "nonzero_pseudo": 20, "nonzero_clip": 20, "integrity_passed": true}, "contrast_s2": {"n": 20, "prevalence": 0.85, "AUROC": 0.43137254901960786, "Spearman": -0.10075187969924812, "trusted_coverage": 0.85, "trusted": {"n": 17, "positive_fraction": 0.8823529411764706, "mean": 0.3360236623495551, "median": 0.13609050269582076, "quantiles": {"0": -0.2107240663885749, ".25": 0.04792778030291804, ".5": 0.13609050269582076, ".75": 0.4905849719701379, "1": 1.2826655367330442}}, "untrusted": {"n": 3, "positive_fraction": 0.6666666666666666, "mean": 0.013147333705147016, "median": 0.046524409746667376, "quantiles": {"0": -0.22183871758551776, ".25": -0.08765715391942519, ".5": 0.046524409746667376, ".75": 0.1306403593504794, "1": 0.21475630895429143}}, "all_utility": {"n": 20, "positive_fraction": 0.85, "mean": 0.28759221305289395, "median": 0.12326315757208454, "quantiles": {"0": -0.22183871758551776, ".25": 0.03849687433241513, ".5": 0.12326315757208454, ".75": 0.35000708190929064, "1": 1.2826655367330442}}, "precision_gain": 0.032352941176470584, "nonzero_pseudo": 20, "nonzero_clip": 20, "integrity_passed": true}, "gamma_s2": {"n": 20, "prevalence": 0.7, "AUROC": 0.7619047619047619, "Spearman": 0.3383458646616541, "trusted_coverage": 0.55, "trusted": {"n": 11, "positive_fraction": 0.9090909090909091, "mean": 0.11523719293531796, "median": 0.09037239109732108, "quantiles": {"0": -0.034219412954574674, ".25": 0.01838417195612427, ".5": 0.09037239109732108, ".75": 0.13128175766356645, "1": 0.5544699017489566}}, "untrusted": {"n": 9, "positive_fraction": 0.4444444444444444, "mean": 0.03812306029119858, "median": 0.0, "quantiles": {"0": -0.08414146449554348, ".25": -0.022718258579138156, ".5": 0.0, ".75": 0.07466547962683648, "1": 0.3363215335356647}}, "all_utility": {"n": 20, "positive_fraction": 0.7, "mean": 0.08053583324546425, "median": 0.04032787665273921, "quantiles": {"0": -0.08414146449554348, ".25": -0.003749211922470659, ".5": 0.04032787665273921, ".75": 0.125843026580567, "1": 0.5544699017489566}}, "precision_gain": 0.2090909090909091, "nonzero_pseudo": 19, "nonzero_clip": 20, "integrity_passed": true}}, "blocks": {"0": {"n": 30, "prevalence": 0.6333333333333333, "AUROC": 0.3923444976076555, "Spearman": -0.09677419354838712, "trusted_coverage": 0.6666666666666666, "trusted": {"n": 20, "positive_fraction": 0.6, "mean": 0.06577131076194156, "median": 0.01623732313781606, "quantiles": {"0": -0.5624229041830048, ".25": -0.029878774541805368, ".5": 0.016237323137816062, ".75": 0.09377041998935559, "1": 1.2826655367330442}}, "untrusted": {"n": 10, "positive_fraction": 0.7, "mean": 0.04426700218841163, "median": 0.06017060975758359, "quantiles": {"0": -0.22183871758551776, ".25": -0.015883523328121124, ".5": 0.06017060975758359, ".75": 0.08067088270631594, "1": 0.3363215335356647}}, "all_utility": {"n": 30, "positive_fraction": 0.6333333333333333, "mean": 0.05860320790409825, "median": 0.029526753555417066, "quantiles": {"0": -0.5624229041830048, ".25": -0.0270362628753728, ".5": 0.029526753555417066, ".75": 0.08896137603230478, "1": 1.2826655367330442}}, "precision_gain": -0.033333333333333326, "nonzero_pseudo": 30, "nonzero_clip": 30, "integrity_passed": true}, "1": {"n": 30, "prevalence": 0.7, "AUROC": 0.7195767195767195, "Spearman": 0.3561735261401558, "trusted_coverage": 0.5666666666666667, "trusted": {"n": 17, "positive_fraction": 0.8823529411764706, "mean": 0.08894876316827498, "median": 0.0720012041861264, "quantiles": {"0": -0.35508568208114993, ".25": 0.02200910135565052, ".5": 0.0720012041861264, ".75": 0.19042971130062455, "1": 0.4905849719701379}}, "untrusted": {"n": 13, "positive_fraction": 0.46153846153846156, "mean": 0.007088117416462559, "median": -0.006828044146781476, "quantiles": {"0": -0.08414146449554348, ".25": -0.022718258579138156, ".5": -0.006828044146781476, ".75": 0.04152139816326048, "1": 0.12473516957865696}}, "all_utility": {"n": 30, "positive_fraction": 0.7, "mean": 0.053475816675822935, "median": 0.036767119198826435, "quantiles": {"0": -0.35508568208114993, ".25": -0.012954646804107347, ".5": 0.036767119198826435, ".75": 0.10796172964906064, "1": 0.4905849719701379}}, "precision_gain": 0.1823529411764706, "nonzero_pseudo": 30, "nonzero_clip": 30, "integrity_passed": true}, "2": {"n": 30, "prevalence": 0.7666666666666667, "AUROC": 0.5403726708074534, "Spearman": 0.12969966629588434, "trusted_coverage": 0.6666666666666666, "trusted": {"n": 20, "positive_fraction": 0.8, "mean": 0.1893803703080489, "median": 0.10364449543545146, "quantiles": {"0": -0.31706403433619834, ".25": 0.014672998939863114, ".5": 0.10364449543545146, ".75": 0.23996200729440292, "1": 1.0713178865952162}}, "untrusted": {"n": 10, "positive_fraction": 0.7, "mean": 0.02792296859466293, "median": 0.03265493053007403, "quantiles": {"0": -0.07107206991023378, ".25": -0.00023287402327550294, ".5": 0.03265493053007403, ".75": 0.0784852980473296, "1": 0.10887063355009316}}, "all_utility": {"n": 30, "positive_fraction": 0.7666666666666667, "mean": 0.1355612364035869, "median": 0.06926231545384758, "quantiles": {"0": -0.31706403433619834, ".25": 0.0014548915947255497, ".5": 0.06926231545384758, ".75": 0.19722046007199925, "1": 1.0713178865952162}}, "precision_gain": 0.033333333333333326, "nonzero_pseudo": 30, "nonzero_clip": 30, "integrity_passed": true}, "3": {"n": 30, "prevalence": 0.5666666666666667, "AUROC": 0.4751131221719457, "Spearman": -0.17285873192436044, "trusted_coverage": 0.7333333333333333, "trusted": {"n": 22, "positive_fraction": 0.5454545454545454, "mean": 0.16913199226288086, "median": 0.008897779896221853, "quantiles": {"0": -0.11916321857621712, ".25": -0.03726047679400044, ".5": 0.008897779896221853, ".75": 0.10518010588041105, "1": 2.231516073445351}}, "untrusted": {"n": 8, "positive_fraction": 0.625, "mean": 0.11429271689403929, "median": 0.07394351182912404, "quantiles": {"0": -0.07894668158664937, ".25": -0.009310187302873286, ".5": 0.07394351182912404, ".75": 0.21541339660637984, "1": 0.4505011737752723}}, "all_utility": {"n": 30, "positive_fraction": 0.5666666666666667, "mean": 0.15450818549785644, "median": 0.014049460266894126, "quantiles": {"0": -0.11916321857621712, ".25": -0.03667976908448135, ".5": 0.014049460266894126, ".75": 0.13471274279775103, "1": 2.231516073445351}}, "precision_gain": -0.021212121212121238, "nonzero_pseudo": 29, "nonzero_clip": 30, "integrity_passed": true}}, "null": {"overall": {"observed": 0.52625, "q95": 0.612984375, "percentile_strict": 0.6796875, "corrected_one_sided_tail": 0.32558139534883723, "passed": false}, "corrupt": {"observed": 0.6576704545454546, "q95": 0.6713778409090909, "percentile_strict": 0.9140625, "corrected_one_sided_tail": 0.09302325581395349, "passed": false}}, "gates": {"overall_AUROC": false, "overall_coverage": true, "overall_precision_gain": false, "overall_trusted_median": true, "overall_null": false, "corrupt_AUROC": true, "corrupt_coverage": true, "corrupt_precision_gain": false, "corrupt_trusted_median": true, "corrupt_null": false, "positive_blocks": false, "integrity": true}, "passed": false, "AP_calls": 0, "runtime_authorized": false, "disposition": "close_fixed_affine_gradient_state_representation", "estimator_sha256": "f8ea7deeadc245a4d69348d55b74babd67434c66e2cec7af0df5d645362848a2", "candidate_records_sha256": "4e9ace1a3d3a164ed4a1f2dbf7e212197abac72bb74de85db2041792d95d8864", "reference_records_sha256": "d0c5d361edab19e7f62ecab11f2b9efcc9e7742d40076dd7f7815750c2e37ba5"}
[autodl] finished_at=2026-09-14T08:32:01+08:00
[autodl] exit_code=0
