[autodl] run_id=20260914-052059-taisp-t025a-candidates48
[autodl] started_at=2026-09-14T05:21:04+08:00
/home/wenchang/anaconda3/envs/python3.12-tk2-2.3/lib/python3.12/site-packages/torch/cuda/__init__.py:654: UserWarning: Can't initialize NVML
  warnings.warn("Can't initialize NVML")
{"stage": "candidate", "episode": 0, "supports": 20}
{"stage": "candidate", "episode": 1, "supports": 20}
{"stage": "candidate", "episode": 2, "supports": 18}
{"stage": "candidate", "episode": 3, "supports": 11}
{"stage": "candidate", "episode": 4, "supports": 19}
{"stage": "candidate", "episode": 5, "supports": 14}
{"stage": "candidate", "episode": 6, "supports": 7}
{"stage": "candidate", "episode": 7, "supports": 6}
{"stage": "candidate", "episode": 8, "supports": 5}
{"stage": "candidate", "episode": 9, "supports": 5}
{"stage": "candidate", "episode": 10, "supports": 16}
{"stage": "candidate", "episode": 11, "supports": 13}
{"stage": "candidate", "episode": 12, "supports": 8}
{"stage": "candidate", "episode": 13, "supports": 5}
{"stage": "candidate", "episode": 14, "supports": 3}
{"stage": "candidate", "episode": 15, "supports": 3}
{"stage": "candidate", "episode": 16, "supports": 13}
{"stage": "candidate", "episode": 17, "supports": 12}
{"stage": "candidate", "episode": 18, "supports": 2}
{"stage": "candidate", "episode": 19, "supports": 2}
{"stage": "candidate", "episode": 20, "supports": 10}
{"stage": "candidate", "episode": 21, "supports": 8}
{"stage": "candidate", "episode": 22, "supports": 8}
{"stage": "candidate", "episode": 23, "supports": 8}
{"stage": "candidate", "episode": 24, "supports": 1}
{"stage": "candidate", "episode": 25, "supports": 1}
{"stage": "candidate", "episode": 26, "supports": 3}
{"stage": "candidate", "episode": 27, "supports": 3}
{"stage": "candidate", "episode": 28, "supports": 20}
{"stage": "candidate", "episode": 29, "supports": 19}
{"stage": "candidate", "episode": 30, "supports": 14}
{"stage": "candidate", "episode": 31, "supports": 16}
{"stage": "candidate", "episode": 32, "supports": 2}
{"stage": "candidate", "episode": 33, "supports": 2}
{"stage": "candidate", "episode": 34, "supports": 8}
{"stage": "candidate", "episode": 35, "supports": 8}
{"stage": "candidate", "episode": 36, "supports": 6}
{"stage": "candidate", "episode": 37, "supports": 8}
{"stage": "candidate", "episode": 38, "supports": 4}
{"stage": "candidate", "episode": 39, "supports": 2}
{"stage": "candidate", "episode": 40, "supports": 1}
{"stage": "candidate", "episode": 41, "supports": 3}
{"stage": "candidate", "episode": 42, "supports": 7}
{"stage": "candidate", "episode": 43, "supports": 8}
{"stage": "candidate", "episode": 44, "supports": 2}
{"stage": "candidate", "episode": 45, "supports": 2}
{"stage": "candidate", "episode": 46, "supports": 13}
{"stage": "candidate", "episode": 47, "supports": 11}
[autodl] finished_at=2026-09-14T05:21:17+08:00
[autodl] exit_code=0
