[autodl] run_id=20260914-042406-taisp-t024a-reference32
[autodl] started_at=2026-09-14T04:24:11+08:00
/home/wenchang/anaconda3/envs/python3.12-tk2-2.3/lib/python3.12/site-packages/torch/cuda/__init__.py:654: UserWarning: Can't initialize NVML
  warnings.warn("Can't initialize NVML")
{"stage": "reference", "episode": 0, "integrity": true}
{"stage": "reference", "episode": 1, "integrity": true}
{"stage": "reference", "episode": 2, "integrity": true}
{"stage": "reference", "episode": 3, "integrity": true}
{"stage": "reference", "episode": 4, "integrity": true}
{"stage": "reference", "episode": 5, "integrity": true}
{"stage": "reference", "episode": 6, "integrity": true}
{"stage": "reference", "episode": 7, "integrity": true}
{"stage": "reference", "episode": 8, "integrity": true}
{"stage": "reference", "episode": 9, "integrity": true}
{"stage": "reference", "episode": 10, "integrity": true}
{"stage": "reference", "episode": 11, "integrity": true}
{"stage": "reference", "episode": 12, "integrity": true}
{"stage": "reference", "episode": 13, "integrity": true}
{"stage": "reference", "episode": 14, "integrity": true}
{"stage": "reference", "episode": 15, "integrity": true}
{"stage": "reference", "episode": 16, "integrity": true}
{"stage": "reference", "episode": 17, "integrity": true}
{"stage": "reference", "episode": 18, "integrity": true}
{"stage": "reference", "episode": 19, "integrity": true}
{"stage": "reference", "episode": 20, "integrity": true}
{"stage": "reference", "episode": 21, "integrity": true}
{"stage": "reference", "episode": 22, "integrity": true}
{"stage": "reference", "episode": 23, "integrity": true}
{"stage": "reference", "episode": 24, "integrity": true}
{"stage": "reference", "episode": 25, "integrity": true}
{"stage": "reference", "episode": 26, "integrity": true}
{"stage": "reference", "episode": 27, "integrity": true}
{"stage": "reference", "episode": 28, "integrity": true}
{"stage": "reference", "episode": 29, "integrity": true}
{"stage": "reference", "episode": 30, "integrity": true}
{"stage": "reference", "episode": 31, "integrity": true}
[autodl] finished_at=2026-09-14T04:24:31+08:00
[autodl] exit_code=0
