[autodl] run_id=20260913-033722-taisp-t013d-repeatability-common-mode
[autodl] started_at=2026-09-13T03:37:26+08:00
.............s..s.........s....s..s...s......s.......................... [ 66%]
.s..s..............................s                                     [100%]
=============================== warnings summary ===============================
tests/test_demo.py::test_cuda_demo_matches_cpu
tests/test_gradient_conflict.py::test_independent_copies_literal_sgd_and_centered_energy
  /home/wenchang/anaconda3/envs/python3.12-tk2-2.3/lib/python3.12/site-packages/torch/cuda/__init__.py:654: UserWarning: Can't initialize NVML
    warnings.warn("Can't initialize NVML")

tests/test_gradient_conflict.py::test_independent_copies_literal_sgd_and_centered_energy
  <frozen importlib._bootstrap>:488: DeprecationWarning: Type google._upb._message.MessageMapContainer uses PyType_Spec with a metaclass that has custom tp_new. This is deprecated and will no longer be allowed in Python 3.14.

tests/test_gradient_conflict.py::test_independent_copies_literal_sgd_and_centered_energy
  <frozen importlib._bootstrap>:488: DeprecationWarning: Type google._upb._message.ScalarMapContainer uses PyType_Spec with a metaclass that has custom tp_new. This is deprecated and will no longer be allowed in Python 3.14.

-- Docs: https://docs.pytest.org/en/stable/how-to/capture-warnings.html
98 passed, 10 skipped, 4 warnings in 6.17s
/home/wenchang/anaconda3/envs/python3.12-tk2-2.3/lib/python3.12/site-packages/torch/cuda/__init__.py:654: UserWarning: Can't initialize NVML
  warnings.warn("Can't initialize NVML")
/home/liujianhua/wjq/TAISP/.venv/lib/python3.12/site-packages/transformers/tokenization_utils_base.py:1601: FutureWarning: `clean_up_tokenization_spaces` was not set. It will be set to `True` by default. This behavior will be depracted in transformers v4.45, and will be then set to `False` by default. For more details check this issue: https://github.com/huggingface/transformers/issues/31884
  warnings.warn(
/home/wenchang/anaconda3/envs/python3.12-tk2-2.3/lib/python3.12/site-packages/torch/cuda/__init__.py:654: UserWarning: Can't initialize NVML
  warnings.warn("Can't initialize NVML")
{"repeat": 0, "loss": {"joint": 0.48242241493426263, "clean": 0.3654386452399194, "corrupted": 0.5994061846286058}, "phi_cosine": -0.8587400334607227, "head_cosine": -0.8406946249309379}
{"repeat": 1, "loss": {"joint": 0.47916159173473716, "clean": 0.35832236241549253, "corrupted": 0.6000008210539818}, "phi_cosine": -0.6551603561654464, "head_cosine": -0.6337776176328026}
{"repeat": 2, "loss": {"joint": 0.47699975222349167, "clean": 0.3545317854732275, "corrupted": 0.5994677189737558}, "phi_cosine": -0.6488852700090207, "head_cosine": -0.6292114551352787}
{"repeat": 3, "loss": {"joint": 0.4758152384310961, "clean": 0.3540302412584424, "corrupted": 0.5976002356037498}, "phi_cosine": -0.7824602741189935, "head_cosine": -0.7598468759156469}
{"repeat": 4, "loss": {"joint": 0.4787284138146788, "clean": 0.35841475101187825, "corrupted": 0.5990420766174793}, "phi_cosine": -0.8117414624631808, "head_cosine": -0.7907134048999793}
{"repeat": 5, "loss": {"joint": 0.4774201135151088, "clean": 0.3564813965931535, "corrupted": 0.5983588304370642}, "phi_cosine": -0.6448655413859566, "head_cosine": -0.6227143962210276}
{"repeat": 6, "loss": {"joint": 0.4777041468769312, "clean": 0.35791005194187164, "corrupted": 0.5974982418119907}, "phi_cosine": -0.6626021039571527, "head_cosine": -0.6421614749916872}
{"repeat": 7, "loss": {"joint": 0.47831783653236926, "clean": 0.3581078485585749, "corrupted": 0.5985278245061636}, "phi_cosine": -0.8302304351363002, "head_cosine": -0.8087913551099613}
{"repeat": 8, "loss": {"joint": 0.4774734212551266, "clean": 0.3554080813191831, "corrupted": 0.5995387611910701}, "phi_cosine": -0.7360494866914642, "head_cosine": -0.7143675123489864}
{"repeat": 9, "loss": {"joint": 0.4761111815460026, "clean": 0.35317964013665915, "corrupted": 0.5990427229553461}, "phi_cosine": -0.7320011795467484, "head_cosine": -0.7115050763680275}
{"repeat": 10, "loss": {"joint": 0.4801998387556523, "clean": 0.3603273374028504, "corrupted": 0.6000723401084542}, "phi_cosine": -0.501629322196407, "head_cosine": -0.47761523475811485}
{"repeat": 11, "loss": {"joint": 0.47735558566637337, "clean": 0.3551597991026938, "corrupted": 0.599551372230053}, "phi_cosine": -0.7386489238419057, "head_cosine": -0.7185424427944141}
/home/wenchang/anaconda3/envs/python3.12-tk2-2.3/lib/python3.12/site-packages/torch/cuda/__init__.py:654: UserWarning: Can't initialize NVML
  warnings.warn("Can't initialize NVML")
[autodl] finished_at=2026-09-13T03:38:31+08:00
[autodl] exit_code=0
